Component: ARM Compiler 5.06 update 6 (build 750) Tool: armlink [4d35ed]

==============================================================================

Section Cross References

    system_mm32f032xx_s.o(i.AutoCalPllFactor) refers to uidiv.o(.text) for __aeabi_uidivmod
    system_mm32f032xx_s.o(i.SystemInit) refers to system_mm32f032xx_s.o(i.SetSysClockTo48) for SetSysClockTo48
    startup_mm32f032xx_s_keil.o(RESET) refers to startup_mm32f032xx_s_keil.o(STACK) for __initial_sp
    startup_mm32f032xx_s_keil.o(RESET) refers to startup_mm32f032xx_s_keil.o(.text) for Reset_Handler
    startup_mm32f032xx_s_keil.o(RESET) refers to systick.o(i.SysTick_Handler) for SysTick_Handler
    startup_mm32f032xx_s_keil.o(RESET) refers to porting_misc.o(i.EXTI4_15_IRQHandler) for EXTI4_15_IRQHandler
    startup_mm32f032xx_s_keil.o(RESET) refers to spi.o(i.DMA1_Channel2_3_IRQHandler) for DMA1_Channel2_3_IRQHandler
    startup_mm32f032xx_s_keil.o(RESET) refers to spi.o(i.DMA1_Channel4_5_IRQHandler) for DMA1_Channel4_5_IRQHandler
    startup_mm32f032xx_s_keil.o(RESET) refers to uart.o(i.UART1_IRQHandler) for UART1_IRQHandler
    startup_mm32f032xx_s_keil.o(.text) refers to startup_mm32f032xx_s_keil.o(STACK) for __initial_sp
    startup_mm32f032xx_s_keil.o(.text) refers to system_mm32f032xx_s.o(i.SystemInit) for SystemInit
    startup_mm32f032xx_s_keil.o(.text) refers to entry.o(.ARM.Collect$$$$00000000) for __main
    main.o(i.RF_Open) refers to systick.o(i.SysTick_DelayMs) for SysTick_DelayMs
    main.o(i.RF_Open) refers to hal_rcc.o(i.RCC_AHBPeriphClockCmd) for RCC_AHBPeriphClockCmd
    main.o(i.RF_Open) refers to hal_gpio.o(i.GPIO_StructInit) for GPIO_StructInit
    main.o(i.RF_Open) refers to hal_gpio.o(i.GPIO_Init) for GPIO_Init
    main.o(i.RF_Open) refers to hal_gpio.o(i.GPIO_SetBits) for GPIO_SetBits
    main.o(i.RF_Open) refers to hal_gpio.o(i.GPIO_ResetBits) for GPIO_ResetBits
    main.o(i.RF_Open) refers to porting_misc.o(i.RF_SpiIoMapping) for RF_SpiIoMapping
    main.o(i.RF_Open) refers to rf_phy.o(i.RF_Init) for RF_Init
    main.o(i.main) refers to systick.o(i.SysTick_Init) for SysTick_Init
    main.o(i.main) refers to uart.o(i.UARTx_Configure) for UARTx_Configure
    main.o(i.main) refers to uart.o(i.DMA_Config) for DMA_Config
    main.o(i.main) refers to main.o(i.RF_Open) for RF_Open
    main.o(i.main) refers to printf8.o(i.__0printf$8) for __2printf
    main.o(i.main) refers to rf_phy.o(i.ChipId_Get) for ChipId_Get
    main.o(i.main) refers to uart.o(i.UART_TX_Send) for UART_TX_Send
    main.o(i.main) refers to ble_cmd.o(i.setBLE_BleDeviceAddr) for setBLE_BleDeviceAddr
    main.o(i.main) refers to user.o(i.BleApp_Init) for BleApp_Init
    main.o(i.main) refers to kernel.o(i.Ble_Kernel_Root) for Ble_Kernel_Root
    main.o(i.main) refers to user.o(i.BleApp_Main) for BleApp_Main
    main.o(i.main) refers to uart.o(.bss) for gSendBuff
    main.o(i.main) refers to main.o(.data) for .data
    user.o(i.BleApp_Init) refers to ble_event.o(i.setBLE_RegisterBleEvent) for setBLE_RegisterBleEvent
    user.o(i.BleApp_Init) refers to user.o(i.BleEvent_Callback) for BleEvent_Callback
    user.o(i.BleApp_Main) refers to user.o(i.Ble_Slave_StartADV) for Ble_Slave_StartADV
    user.o(i.BleApp_Main) refers to host.o(i.ATT_HDL_Notify) for ATT_HDL_Notify
    user.o(i.BleApp_Main) refers to user.o(.data) for .data
    user.o(i.BleApp_Main) refers to user.o(.bss) for .bss
    user.o(i.BleApp_Main) refers to profile_tab.o(.data) for att_HDL_UDF01S_UDATN01
    user.o(i.BleApp_Main) refers to profile_tab.o(.data) for att_HDL_UDF01S_UDATN01_MEASUREMENT_CLIENT_CHARACTERISTIC_CONFIGURATION
    user.o(i.BleApp_Main) refers to profile_tab.o(.constdata) for ATT_HDL_UDF01S_UDATN01_INIT
    user.o(i.BleEvent_Callback) refers to kernel.o(i.__ARM_common_switch8) for __ARM_common_switch8
    user.o(i.BleEvent_Callback) refers to printf8.o(i.__0printf$8) for __2printf
    user.o(i.BleEvent_Callback) refers to ble_cmd.o(i.setBLE_Pairing_PassKey) for setBLE_Pairing_PassKey
    user.o(i.BleEvent_Callback) refers to user.o(.data) for .data
    user.o(i.BleEvent_Callback) refers to user.o(.conststring) for .conststring
    user.o(i.Ble_Initial) refers to user.o(i.Ble_Slave_StartADV) for Ble_Slave_StartADV
    user.o(i.Ble_Initial) refers to user.o(i.Ble_Master_Init) for Ble_Master_Init
    user.o(i.Ble_Master_Init) refers to ble_cmd.o(i.setBLE_ConnCreate) for setBLE_ConnCreate
    user.o(i.Ble_Master_Init) refers to user.o(.constdata) for .constdata
    user.o(i.Ble_Slave_AdvInit) refers to ble_cmd.o(i.setBLE_AdvParam) for setBLE_AdvParam
    user.o(i.Ble_Slave_StartADV) refers to user.o(i.Ble_Slave_AdvInit) for Ble_Slave_AdvInit
    user.o(i.Ble_Slave_StartADV) refers to ble_cmd.o(i.setBLE_AdvData) for setBLE_AdvData
    user.o(i.Ble_Slave_StartADV) refers to ble_cmd.o(i.setBLE_ScanRspData) for setBLE_ScanRspData
    user.o(i.Ble_Slave_StartADV) refers to ble_cmd.o(i.setBLE_AdvEnable) for setBLE_AdvEnable
[...]
    ATT_Write                                0x08009e88   Data         188  profile_tab.o(.constdata)
    ATT_Read                                 0x08009f44   Data         188  profile_tab.o(.constdata)
    HS_fsm                                   0x0800a000   Data          12  host.o(.constdata)
    LL_DEFAULT_PHY                           0x0800a00c   Data           4  ll.o(.constdata)
    CH_ADV_SEL_TABLE                         0x0800a010   Data           4  ll.o(.constdata)
    LL_ACK_FLOW_RE_TO                        0x0800a014   Data           4  ll.o(.constdata)
    LL_CHMAP_DEFAUT                          0x0800a018   Data           5  ll.o(.constdata)
    LL_VERSION                               0x0800a01d   Data           5  ll.o(.constdata)
    TABLE_CONV_ADV_TYPE_HCI_LL               0x0800a022   Data           5  ll.o(.constdata)
    LL_DUR_RSV                               0x0800a027   Data           7  ll.o(.constdata)
    LE_LOCAL_VER_INFO                        0x0800a02e   Data           8  ll.o(.constdata)
    LL_FEATURE                               0x0800a036   Data           8  ll.o(.constdata)
    LL_LENGTH_DEFAULT                        0x0800a03e   Data           8  ll.o(.constdata)
    PRIME_NUM                                0x0800a046   Data           8  ll.o(.constdata)
    LL_REF_ACS_ADDR                          0x0800a050   Data          16  ll.o(.constdata)
    LL_REF_CRC_INI                           0x0800a060   Data          12  ll.o(.constdata)
    LL_RF_PARA_TX_WIN_SIZE_MAP               0x0800a06c   Data          14  ll.o(.constdata)
    LL_RF_PARA_WIN_WIDTH_CNVT                0x0800a07c   Data          32  ll.o(.constdata)
    LL_RF_DATA_CH                            0x0800a09c   Data          74  ll.o(.constdata)
    CH_ADV_CH_HOP_BY_MAP_TABLE               0x0800a0e6   Data          32  ll.o(.constdata)
    RAND_INI32                               0x0800a106   Data          32  ll.o(.constdata)
    LL_ACK_FLOW                              0x0800a126   Data          16  ll.o(.constdata)
    LL_PR_CONN_ID_PAIR                       0x0800a136   Data          26  ll.o(.constdata)
    LL_RX_CONN_ID_INIT                       0x0800a150   Data          26  ll.o(.constdata)
    LL_TX_CONN_ID_INIT                       0x0800a16a   Data          26  ll.o(.constdata)
    LL_RX_CONN_ID_MASTER_SIDE_ONLY           0x0800a184   Data          26  ll.o(.constdata)
    LL_RX_CONN_ID_SLAVE_SIDE_ONLY            0x0800a19e   Data          26  ll.o(.constdata)
    LL_RX_CONN_ID_OP_LENGTH                  0x0800a1b8   Data          26  ll.o(.constdata)
    LL_LEN_OFFSET_1M                         0x0800a1d2   Data          17  ll.o(.constdata)
    LL_LEN_OFFSET_2M                         0x0800a1e3   Data           9  ll.o(.constdata)
    LL_fsm                                   0x0800a1ec   Data         260  ll.o(.constdata)
    EC_fsm                                   0x0800a2f0   Data          40  ll.o(.constdata)
    Phy_pll_bank_freqIdx                     0x0800a318   Data           5  rf_phy.o(.constdata)
    RFIP_REG_IDX                             0x0800a31d   Data          14  rf_phy.o(.constdata)
    CH_SEL_TABLE_INV                         0x0800a32b   Data          40  rf_phy.o(.constdata)
    TIMELINE24_3750US_IDX                    0x0800a353   Data          17  rf_phy.o(.constdata)
    LE_EVENT_MASK_INI                        0x0800a364   Data           3  hci.o(.constdata)
    EVENT_MASK_INI                           0x0800a367   Data           5  hci.o(.constdata)
    HCI_fsm                                  0x0800a36c   Data         100  hci.o(.constdata)
    TAB_SUPPORTED_COMMANDS_MASK              0x0800a3d0   Data          64  hci.o(.constdata)
    TAB_LMP_FEATURES_MASK                    0x0800a410   Data           8  hci.o(.constdata)
    L2CAP_fsm                                0x0800a418   Data           4  l2cap.o(.constdata)
    Prcss_BLE_CODE_SMP                       0x0800a41c   Data          48  mmi.o(.constdata)
    Prcss_BLE_OPCODE_ATT                     0x0800a44c   Data         124  mmi.o(.constdata)
    Prcss_L2CAP_CID                          0x0800a4c8   Data          28  mmi.o(.constdata)
    UUID_BLUETOOTH_BASE                      0x0800a4e4   Data          16  rffunction.o(.constdata)
    Region$$Table$$Base                      0x0800a540   Number         0  anon$$obj.o(Region$$Table)
    Region$$Table$$Limit                     0x0800a560   Number         0  anon$$obj.o(Region$$Table)
    DATA_TEST                                0x20000000   Data          20  main.o(.data)
    connId                                   0x20000014   Data           1  user.o(.data)
    ble_state                                0x20000015   Data           1  user.o(.data)
    tx_data_transmit_enable                  0x20000016   Data           1  user.o(.data)
    txDataLength                             0x20000017   Data           1  user.o(.data)
    SPI_DMATxFlag                            0x20000018   Data           1  spi.o(.data)
    SPI_DMARxFlag                            0x20000019   Data           1  spi.o(.data)
    SysTick_DelayTicks                       0x2000001c   Data           4  systick.o(.data)
    transport_flag                           0x20000020   Data           1  uart.o(.data)
    DMA_data                                 0x20000022   Data           2  uart.o(.data)
    tbPresc                                  0x20000024   Data          16  hal_rcc.o(.data)
    att_HDL_GAP_DEVICE_NAME                  0x20000034   Data           8  profile_tab.o(.data)
    att_HDL_GAP_RECONNECTION_ADDRESS         0x2000003c   Data           6  profile_tab.o(.data)
    att_HDL_GATT_SERVICE_CHANGED             0x20000042   Data           4  profile_tab.o(.data)
    att_HDL_GATT_CLIENT_CHARACTERISTIC_CONFIGURATION 0x20000046   Data           2  profile_tab.o(.data)
    att_HDL_UDF01S_UDATN01                   0x20000048   Data          20  profile_tab.o(.data)
    att_HDL_UDF01S_UDATN01_MEASUREMENT_CLIENT_CHARACTERISTIC_CONFIGURATION 0x2000005c   Data           2  profile_tab.o(.data)
    att_HDL_UDF01S_UDATRW01                  0x2000005e   Data          46  profile_tab.o(.data)
    ATTRIBUTE_SERVER_PARAM                   0x2000008c   Data         188  profile_tab.o(.data)
    ATTRIBUTE_SERVER                         0x20000148   Data         188  profile_tab.o(.data)
    ATTRIBUTE_SERVER_PERMISSION              0x20000204   Data         188  profile_tab.o(.data)
    size_ATTRIBUTE_SERVER                    0x200002c0   Data           1  profile_tab.o(.data)
    bleEventCallBack                         0x200002c4   Data           4  ble_event.o(.data)
    bleAddr_param                            0x200002c8   Data           7  host.o(.data)
    ble_device_param                         0x200002cf   Data           8  host.o(.data)
    MBlk_depth_Remaining                     0x200002d8   Data           1  kernel.o(.data)
    MBlk_depth_Rsv                           0x200002d9   Data           1  kernel.o(.data)
    MBlk_Free                                0x200002dc   Data           4  kernel.o(.data)
    RX_CRC_valid_flag                        0x200002e0   Data           1  ll.o(.data)
    LL_ConnID_Remaining                      0x200002e1   Data           1  ll.o(.data)
    TBlk_Free_LL                             0x200002e2   Data           1  ll.o(.data)
    TBlk_InUse_LL                            0x200002e3   Data           1  ll.o(.data)
    LL_SMP_DataCh                            0x200002e4   Data           1  ll.o(.data)
    status_LL_Tmr                            0x200002e5   Data           1  ll.o(.data)
    anchor_LL_Tmr                            0x200002e6   Data           1  ll.o(.data)
    LL_Msg_AdvScnConn                        0x200002e7   Data           1  ll.o(.data)
    RF_Msg_RF0INT                            0x200002e8   Data           1  ll.o(.data)
    LL_DurRxPktAccu                          0x200002ea   Data           2  ll.o(.data)
    LL_REF_CRC_INI_ADVSCN                    0x200002ec   Data           3  ll.o(.data)
    LL_REF_ACS_ADDR_ADVSCN                   0x200002f0   Data           4  ll.o(.data)
    LL_Ref_Default_PHY                       0x200002f4   Data           4  ll.o(.data)
    tblk_LL_pi                               0x200002f8   Data           4  ll.o(.data)
    tblk_LL_pi2                              0x200002fc   Data           4  ll.o(.data)
    LL_conn_pi                               0x20000300   Data           4  ll.o(.data)
    LL_Slv_Win_Width                         0x20000304   Data           4  ll.o(.data)
    LL_Slv_Win_Width_Base                    0x20000308   Data           4  ll.o(.data)
    seedR16                                  0x2000030c   Data           4  ll.o(.data)
    Ch_ADV_Ch_Hop_Table                      0x20000310   Data           4  ll.o(.data)
    LL_Ref_ChMap                             0x20000314   Data           5  ll.o(.data)
    BD_Rand_Addr                             0x20000319   Data           6  ll.o(.data)
    LL_ConnBuffPrcs                          0x20000320   Data           8  ll.o(.data)
    Tmr37                                    0x20000328   Data           8  ll.o(.data)
    MsgQueueEC                               0x20000330   Data           8  ll.o(.data)
    RfVolt_new                               0x20000338   Data           1  rf_phy.o(.data)
    Init_flag                                0x20000339   Data           1  rf_phy.o(.data)
    Content_ioInt                            0x2000033a   Data           1  rf_phy.o(.data)
    rssiOffsetValue                          0x2000033b   Data           1  rf_phy.o(.data)
    gSleep                                   0x2000033d   Data           1  rf_phy.o(.data)
    Tmr16Interval                            0x2000033e   Data           2  rf_phy.o(.data)
    Timeline24                               0x20000340   Data           4  rf_phy.o(.data)
    addr_TxFIFO                              0x20000344   Data           4  rf_phy.o(.data)
    txpower_0dbm_reg                         0x20000348   Data           4  rf_phy.o(.data)
    txpower_4dbm_reg                         0x2000034c   Data           4  rf_phy.o(.data)
    txpower_8dbm_reg                         0x20000350   Data           4  rf_phy.o(.data)
    txpower_10dbm_reg                        0x20000354   Data           4  rf_phy.o(.data)
    Phy_pll_bank                             0x20000358   Data           5  rf_phy.o(.data)
    RFIP_init_reg                            0x2000035d   Data         128  rf_phy.o(.data)
    R568_lna_agc                             0x200003de   Data          32  rf_phy.o(.data)
    R568_tia_agc                             0x200003fe   Data          32  rf_phy.o(.data)
    R568_vga_agc                             0x2000041e   Data          32  rf_phy.o(.data)
    Event_Mask2                              0x20000448   Data           1  hci.o(.data)
    LE_Event_Mask                            0x20000449   Data           3  hci.o(.data)
    mhcCallBack                              0x2000044c   Data           4  hci.o(.data)
    Event_Mask                               0x20000450   Data           5  hci.o(.data)
    ATT_INDICATION_Packet_Sent               0x20000455   Data           1  mmi.o(.data)
    r_AES_INI                                0x20000456   Data          16  rffunction.o(.data)
    RSP_PAIRING_REQUEST                      0x20000466   Data          11  rffunction.o(.data)
    LTK_FIXED                                0x20000471   Data          16  rffunction.o(.data)
    EDIV_FIXED                               0x20000481   Data           2  rffunction.o(.data)
    RAND_FIXED                               0x20000483   Data           8  rffunction.o(.data)
    IRK_FIXED                                0x2000048b   Data          16  rffunction.o(.data)
    CSRK_FIXED                               0x2000049b   Data          16  rffunction.o(.data)
    SEL_STK_GEN_MTHD                         0x200004ab   Data          25  rffunction.o(.data)
    aTT_MTU                                  0x200004c4   Data           1  rffunction.o(.data)
    smp_Authorization                        0x200004c5   Data           1  rffunction.o(.data)
    smp_Encryption                           0x200004c6   Data           1  rffunction.o(.data)
    smp_Security_Mode                        0x200004c7   Data           1  rffunction.o(.data)
    smp_PReq_IO_Capab                        0x200004c8   Data           1  rffunction.o(.data)
    smp_PReq_OOB_data                        0x200004c9   Data           1  rffunction.o(.data)
    smp_PReq_Init_Key_Distr                  0x200004ca   Data           1  rffunction.o(.data)
    smp_PReq_Resp_Key_Distr                  0x200004cb   Data           1  rffunction.o(.data)
    smp_Phase                                0x200004cc   Data           1  rffunction.o(.data)
    smp_TempDef                              0x200004cd   Data           1  rffunction.o(.data)
    smp_Rand                                 0x200004ce   Data           8  rffunction.o(.data)
    smp_EDIV                                 0x200004d6   Data           2  rffunction.o(.data)
    smp_Local_Addr_advTemp                   0x200004d8   Data           8  rffunction.o(.data)
    __stdout                                 0x200004e0   Data           4  stdout.o(.data)
    txDataBuffer                             0x200004e4   Data          40  user.o(.bss)
    gSendBuff                                0x2000050c   Data         100  uart.o(.bss)
    MsgBlk                                   0x20000570   Data        3120  kernel.o(.bss)
    MsgQueue                                 0x200011a0   Data          40  kernel.o(.bss)
    TAB_ZERO_128                             0x200011c8   Data         136  ll.o(.bss)
    LL_Adv_Para                              0x20001250   Data          82  ll.o(.bss)
    LL_Scan_Para                             0x200012a2   Data          12  ll.o(.bss)
    LL_Conn_Para                             0x200012b0   Data         680  ll.o(.bss)
    LL_ConnDataQ                             0x20001558   Data          40  ll.o(.bss)
    LL_ConnCtrlQ                             0x20001580   Data          40  ll.o(.bss)
    LL_ConnDataInQ                           0x200015a8   Data          40  ll.o(.bss)
    LL_ConnBuffPt                            0x200015d0   Data          20  ll.o(.bss)
    LL_Init_Para                             0x200015e4   Data          28  ll.o(.bss)
    LL_WhiteList_Para                        0x20001600   Data          28  ll.o(.bss)
    LL_Para_Interval                         0x2000161c   Data          36  ll.o(.bss)
    TmrBlk_LL                                0x20001640   Data          72  ll.o(.bss)
    mblk_LL_conn_Para                        0x20001688   Data          20  ll.o(.bss)
    LL_Length_Prefer                         0x2000169c   Data          40  ll.o(.bss)
    RFIP_reg_MEM                             0x200016c4   Data          14  rf_phy.o(.bss)
    CH_PLL_bank_Table                        0x200016d2   Data          40  rf_phy.o(.bss)
    L2CAP_Buf                                0x200016fa   Data         252  l2cap.o(.bss)
    SPIBuffer                                0x200017f8   Data         251  rffunction.o(.bss)
    q_att_HDL_PreWr                          0x200018f3   Data          48  rffunction.o(.bss)
    CmdTimer                                 0x20001924   Data         180  rffunction.o(.bss)
    k_AES_passkey                            0x200019d8   Data          16  rffunction.o(.bss)
    smp_Para_Bond                            0x200019e8   Data          37  rffunction.o(.bss)
    rsp_pairing_request_table                0x20001a0d   Data          11  rffunction.o(.bss)
    smp_Local_Addr                           0x20001a18   Data          40  rffunction.o(.bss)
    smp_Temp16                               0x20001a40   Data          16  rffunction.o(.bss)
    smp_IRKm                                 0x20001a50   Data          16  rffunction.o(.bss)
    smp_CSRKm                                0x20001a60   Data          16  rffunction.o(.bss)
    r_AES                                    0x20001a70   Data          16  rffunction.o(.bss)
    LTK                                      0x20001a80   Data          16  rffunction.o(.bss)
    LTK_SEED                                 0x20001a90   Data          10  rffunction.o(.bss)
    SECBuffer                                0x20001a9a   Data          42  rffunction.o(.bss)
    __initial_sp                             0x20001ec8   Data           0  startup_mm32f032xx_s_keil.o(STACK)



==============================================================================

Memory Map of the image

  Image Entry point : 0x080000c1

  Load Region LR_IROM1 (Base: 0x08000000, Size: 0x0000aa44, Max: 0x00010000, ABSOLUTE, COMPRESSED[0x0000a864])

    Execution Region ER_IROM1 (Exec base: 0x08000000, Load base: 0x08000000, Size: 0x0000a560, Max: 0x00010000, ABSOLUTE)

    Exec Addr    Load Addr    Size         Type   Attr      Idx    E Section Name        Object

    0x08000000   0x08000000   0x000000c0   Data   RO           68    RESET               startup_mm32f032xx_s_keil.o
    0x080000c0   0x080000c0   0x00000000   Code   RO         6400  * .ARM.Collect$$$$00000000  mc_p.l(entry.o)
    0x080000c0   0x080000c0   0x00000004   Code   RO         6676    .ARM.Collect$$$$00000001  mc_p.l(entry2.o)
    0x080000c4   0x080000c4   0x00000004   Code   RO         6679    .ARM.Collect$$$$00000004  mc_p.l(entry5.o)
    0x080000c8   0x080000c8   0x00000000   Code   RO         6681    .ARM.Collect$$$$00000008  mc_p.l(entry7b.o)
    0x080000c8   0x080000c8   0x00000000   Code   RO         6683    .ARM.Collect$$$$0000000A  mc_p.l(entry8b.o)
    0x080000c8   0x080000c8   0x00000008   Code   RO         6684    .ARM.Collect$$$$0000000B  mc_p.l(entry9a.o)
    0x080000d0   0x080000d0   0x00000000   Code   RO         6686    .ARM.Collect$$$$0000000D  mc_p.l(entry10a.o)
    0x080000d0   0x080000d0   0x00000000   Code   RO         6688    .ARM.Collect$$$$0000000F  mc_p.l(entry11a.o)
    0x080000d0   0x080000d0   0x00000004   Code   RO         6677    .ARM.Collect$$$$00002712  mc_p.l(entry2.o)
    0x080000d4   0x080000d4   0x00000006   Code   RO          632    .emb_text           porting_lltimer.o
    0x080000da   0x080000da   0x00000002   PAD
    0x080000dc   0x080000dc   0x00000058   Code   RO           69    .text               startup_mm32f032xx_s_keil.o
    0x08000134   0x08000134   0x0000002c   Code   RO         6403    .text               mc_p.l(uidiv.o)
    0x08000160   0x08000160   0x00000028   Code   RO         6405    .text               mc_p.l(idiv.o)
    0x08000188   0x08000188   0x00000024   Code   RO         6409    .text               mc_p.l(memseta.o)
    0x080001ac   0x080001ac   0x00000060   Code   RO         6691    .text               mc_p.l(uldiv.o)
    0x0800020c   0x0800020c   0x00000024   Code   RO         6704    .text               mc_p.l(init.o)
    0x08000230   0x08000230   0x00000020   Code   RO         6706    .text               mc_p.l(llshl.o)
    0x08000250   0x08000250   0x00000022   Code   RO         6708    .text               mc_p.l(llushr.o)
    0x08000272   0x08000272   0x00000056   Code   RO         6723    .text               mc_p.l(__dczerorl2.o)
    0x080002c8   0x080002c8   0x00000060   Code   RO         4001    i.ATT_HDL_Notify    Rafael_BLE_MM32F032xx_s.lib(host.o)
    0x08000328   0x08000328   0x00000002   Code   RO         3482    i.ATT_HDL_Rd_NULL   profile_tab.o
    0x0800032a   0x0800032a   0x00000002   Code   RO         3483    i.ATT_HDL_Rd_UDF01S_UDATN01  profile_tab.o
    0x0800032c   0x0800032c   0x00000002   Code   RO         3484    i.ATT_HDL_Rd_UDF01S_UDATR01  profile_tab.o
    0x0800032e   0x0800032e   0x00000002   Code   RO         3485    i.ATT_HDL_Rd_UDF01S_UDATRW01  profile_tab.o
    0x08000330   0x08000330   0x00000002   Code   RO         3486    i.ATT_HDL_Wr_NULL   profile_tab.o
    0x08000332   0x08000332   0x0000000c   Code   RO         3487    i.ATT_HDL_Wr_UDF01S_UDATRW01  profile_tab.o
    0x0800033e   0x0800033e   0x00000002   PAD
    0x08000340   0x08000340   0x0000005c   Code   RO          719    i.BSP_SPI_BLE_Init  porting_spi.o
    0x0800039c   0x0800039c   0x00000010   Code   RO          260    i.BleApp_Init       user.o
    0x080003ac   0x080003ac   0x00000060   Code   RO          261    i.BleApp_Main       user.o
    0x0800040c   0x0800040c   0x00000140   Code   RO          262    i.BleEvent_Callback  user.o
    0x0800054c   0x0800054c   0x0000000c   Code   RO         5565    i.BleMHC_PostEvent  Rafael_BLE_MM32F032xx_s.lib(hci.o)
    0x08000558   0x08000558   0x0000000c   Code   RO         5165    i.BleTxFIFOAddr_Get  Rafael_BLE_MM32F032xx_s.lib(rf_phy.o)
    0x08000564   0x08000564   0x0000003c   Code   RO         4384    i.Ble_EC_Chk_Isr    Rafael_BLE_MM32F032xx_s.lib(ll.o)
    0x080005a0   0x080005a0   0x00000094   Code   RO         4096    i.Ble_Kernel_Root   Rafael_BLE_MM32F032xx_s.lib(kernel.o)
    0x08000634   0x08000634   0x00000040   Code   RO         5166    i.Ble_SW_Init       Rafael_BLE_MM32F032xx_s.lib(rf_phy.o)
    0x08000674   0x08000674   0x0000001e   Code   RO          265    i.Ble_Slave_AdvInit  user.o
    0x08000692   0x08000692   0x00000002   PAD
    0x08000694   0x08000694   0x00000024   Code   RO          266    i.Ble_Slave_StartADV  user.o
    0x080006b8   0x080006b8   0x00000038   Code   RO         4100    i.CheckMsgBlk_L2_wSizeUsed_Isr  Rafael_BLE_MM32F032xx_s.lib(kernel.o)
    0x080006f0   0x080006f0   0x00000020   Code   RO         4101    i.CheckMsgQueue     Rafael_BLE_MM32F032xx_s.lib(kernel.o)
    0x08000710   0x08000710   0x00000014   Code   RO         5815    i.CheckValid_L2CAP_Buf  Rafael_BLE_MM32F032xx_s.lib(l2cap.o)
    0x08000724   0x08000724   0x0000000c   Code   RO         5167    i.ChipId_Get        Rafael_BLE_MM32F032xx_s.lib(rf_phy.o)
    0x08000730   0x08000730   0x00000034   Code   RO          418    i.DMA1_Channel2_3_IRQHandler  spi.o
    0x08000764   0x08000764   0x00000038   Code   RO          419    i.DMA1_Channel4_5_IRQHandler  spi.o
    0x0800079c   0x0800079c   0x0000000c   Code   RO         1172    i.DMA_ClearFlag     hal_dma.o
    0x080007a8   0x080007a8   0x0000000c   Code   RO         1173    i.DMA_ClearITPendingBit  hal_dma.o
    0x080007b4   0x080007b4   0x0000000c   Code   RO         1174    i.DMA_Cmd           hal_dma.o
    0x080007c0   0x080007c0   0x00000060   Code   RO          562    i.DMA_Config        uart.o
    0x08000820   0x08000820   0x00000030   Code   RO         1175    i.DMA_DeInit        hal_dma.o
    0x08000850   0x08000850   0x0000000a   Code   RO          563    i.DMA_Enable        uart.o
    0x0800085a   0x0800085a   0x00000006   Code   RO         1176    i.DMA_GetCurrDataCounter  hal_dma.o
    0x08000860   0x08000860   0x00000014   Code   RO         1178    i.DMA_GetITStatus   hal_dma.o
    0x08000874   0x08000874   0x00000010   Code   RO         1179    i.DMA_ITConfig      hal_dma.o
    0x08000884   0x08000884   0x0000004c   Code   RO         1180    i.DMA_Init          hal_dma.o
    0x080008d0   0x080008d0   0x0000001c   Code   RO         1181    i.DMA_StructInit    hal_dma.o
    0x080008ec   0x080008ec   0x000000e8   Code   RO         4385    i.ECHC_LE_Ctrl_Pkt  Rafael_BLE_MM32F032xx_s.lib(ll.o)
    0x080009d4   0x080009d4   0x00000030   Code   RO          663    i.EXTI4_15_IRQHandler  porting_misc.o
    0x08000a04   0x08000a04   0x0000000c   Code   RO         1274    i.EXTI_ClearITPendingBit  hal_exti.o
    0x08000a10   0x08000a10   0x0000001c   Code   RO         1279    i.EXTI_GetITStatus  hal_exti.o
    0x08000a2c   0x08000a2c   0x00000058   Code   RO         1280    i.EXTI_Init         hal_exti.o
    0x08000a84   0x08000a84   0x00000028   Code   RO         1281    i.EXTI_LineConfig   hal_exti.o
    0x08000aac   0x08000aac   0x0000000c   Code   RO         4111    i.ErrorEntry        Rafael_BLE_MM32F032xx_s.lib(kernel.o)
    0x08000ab8   0x08000ab8   0x00000020   Code   RO         4112    i.FreeMsgBlk        Rafael_BLE_MM32F032xx_s.lib(kernel.o)
    0x08000ad8   0x08000ad8   0x0000001c   Code   RO         4113    i.FreeMsgBlk_Isr    Rafael_BLE_MM32F032xx_s.lib(kernel.o)
    0x08000af4   0x08000af4   0x00000030   Code   RO         4114    i.FreeMsgBlks       Rafael_BLE_MM32F032xx_s.lib(kernel.o)
    0x08000b24   0x08000b24   0x00000086   Code   RO         1565    i.GPIO_Init         hal_gpio.o
    0x08000baa   0x08000baa   0x00000020   Code   RO         1566    i.GPIO_PinAFConfig  hal_gpio.o
    0x08000bca   0x08000bca   0x0000000a   Code   RO         1570    i.GPIO_ReadInputDataBit  hal_gpio.o
    0x08000bd4   0x08000bd4   0x00000004   Code   RO         1573    i.GPIO_ResetBits    hal_gpio.o
    0x08000bd8   0x08000bd8   0x00000004   Code   RO         1574    i.GPIO_SetBits      hal_gpio.o
    0x08000bdc   0x08000bdc   0x00000010   Code   RO         1575    i.GPIO_StructInit   hal_gpio.o
    0x08000bec   0x08000bec   0x00000028   Code   RO         4116    i.GetMsgBlk         Rafael_BLE_MM32F032xx_s.lib(kernel.o)
    0x08000c14   0x08000c14   0x00000020   Code   RO         4117    i.GetMsgBlk_Isr     Rafael_BLE_MM32F032xx_s.lib(kernel.o)
    0x08000c34   0x08000c34   0x00000054   Code   RO         4118    i.GetMsgBlk_L2_wSize  Rafael_BLE_MM32F032xx_s.lib(kernel.o)
    0x08000c88   0x08000c88   0x00000054   Code   RO         4119    i.GetMsgBlk_wSize_Isr  Rafael_BLE_MM32F032xx_s.lib(kernel.o)
    0x08000cdc   0x08000cdc   0x00000024   Code   RO         5566    i.HCI_Root          Rafael_BLE_MM32F032xx_s.lib(hci.o)
    0x08000d00   0x08000d00   0x0000003c   Code   RO         4387    i.HCLL_Disconnect   Rafael_BLE_MM32F032xx_s.lib(ll.o)
    0x08000d3c   0x08000d3c   0x00000002   Code   RO         4388    i.HCLL_Host_Buffer_Size  Rafael_BLE_MM32F032xx_s.lib(ll.o)
    0x08000d3e   0x08000d3e   0x00000002   Code   RO         4389    i.HCLL_Host_Num_of_Completed_Packets  Rafael_BLE_MM32F032xx_s.lib(ll.o)
    0x08000d40   0x08000d40   0x00000004   Code   RO         4390    i.HCLL_LE_ACL_Data_Pkt  Rafael_BLE_MM32F032xx_s.lib(ll.o)
    0x08000d44   0x08000d44   0x00000004   Code   RO         4391    i.HCLL_LE_ACL_Data_Pkt_Extend  Rafael_BLE_MM32F032xx_s.lib(ll.o)
    0x08000d48   0x08000d48   0x0000008c   Code   RO         4392    i.HCLL_LE_Add_Device_to_White_List  Rafael_BLE_MM32F032xx_s.lib(ll.o)
    0x08000dd4   0x08000dd4   0x00000048   Code   RO         4393    i.HCLL_LE_Clear_White_List  Rafael_BLE_MM32F032xx_s.lib(ll.o)
    0x08000e1c   0x08000e1c   0x000000d4   Code   RO         4394    i.HCLL_LE_Conn_update  Rafael_BLE_MM32F032xx_s.lib(ll.o)
    0x08000ef0   0x08000ef0   0x00000178   Code   RO         4395    i.HCLL_LE_Create_Conn  Rafael_BLE_MM32F032xx_s.lib(ll.o)
    0x08001068   0x08001068   0x00000048   Code   RO         4396    i.HCLL_LE_Create_conn_cancel  Rafael_BLE_MM32F032xx_s.lib(ll.o)
    0x080010b0   0x080010b0   0x000000b4   Code   RO         4397    i.HCLL_LE_Ctrl_Pkt  Rafael_BLE_MM32F032xx_s.lib(ll.o)
    0x08001164   0x08001164   0x00000024   Code   RO         4398    i.HCLL_LE_Encrypt   Rafael_BLE_MM32F032xx_s.lib(ll.o)
    0x08001188   0x08001188   0x0000005c   Code   RO         4399    i.HCLL_LE_Long_term_key_req_neg_reply  Rafael_BLE_MM32F032xx_s.lib(ll.o)
    0x080011e4   0x080011e4   0x00000024   Code   RO         4400    i.HCLL_LE_Long_term_key_req_reply  Rafael_BLE_MM32F032xx_s.lib(ll.o)
    0x08001208   0x08001208   0x00000024   Code   RO         4401    i.HCLL_LE_Rand      Rafael_BLE_MM32F032xx_s.lib(ll.o)
    0x0800122c   0x0800122c   0x00000004   Code   RO         4402    i.HCLL_LE_Read_Adv_Ch_Tx_Pwr  Rafael_BLE_MM32F032xx_s.lib(ll.o)
    0x08001230   0x08001230   0x00000024   Code   RO         4403    i.HCLL_LE_Read_Buffer_Size  Rafael_BLE_MM32F032xx_s.lib(ll.o)
    0x08001254   0x08001254   0x00000030   Code   RO         4404    i.HCLL_LE_Read_Local_Supported_Feat  Rafael_BLE_MM32F032xx_s.lib(ll.o)
    0x08001284   0x08001284   0x00000044   Code   RO         4405    i.HCLL_LE_Read_Phy  Rafael_BLE_MM32F032xx_s.lib(ll.o)
    0x080012c8   0x080012c8   0x00000038   Code   RO         4406    i.HCLL_LE_Read_Remote_Used_Feat  Rafael_BLE_MM32F032xx_s.lib(ll.o)
    0x08001300   0x08001300   0x0000001c   Code   RO         4407    i.HCLL_LE_Read_White_List_Size  Rafael_BLE_MM32F032xx_s.lib(ll.o)
    0x0800131c   0x0800131c   0x0000003c   Code   RO         4408    i.HCLL_LE_Read_ch_map  Rafael_BLE_MM32F032xx_s.lib(ll.o)
    0x08001358   0x08001358   0x00000002   Code   RO         4409    i.HCLL_LE_Read_supported_states  Rafael_BLE_MM32F032xx_s.lib(ll.o)
    0x0800135a   0x0800135a   0x00000002   Code   RO         4410    i.HCLL_LE_Receiver_test  Rafael_BLE_MM32F032xx_s.lib(ll.o)
    0x0800135c   0x0800135c   0x00000004   Code   RO         4411    i.HCLL_LE_Remote_conn_param_req_neg_reply  Rafael_BLE_MM32F032xx_s.lib(ll.o)
    0x08001360   0x08001360   0x00000004   Code   RO         4412    i.HCLL_LE_Remote_conn_param_req_reply  Rafael_BLE_MM32F032xx_s.lib(ll.o)
    0x08001364   0x08001364   0x00000070   Code   RO         4413    i.HCLL_LE_Rmv_Device_from_White_List  Rafael_BLE_MM32F032xx_s.lib(ll.o)
    0x080013d4   0x080013d4   0x00000034   Code   RO         4414    i.HCLL_LE_Set_Adv_Data  Rafael_BLE_MM32F032xx_s.lib(ll.o)
    0x08001408   0x08001408   0x00000098   Code   RO         4415    i.HCLL_LE_Set_Adv_Param  Rafael_BLE_MM32F032xx_s.lib(ll.o)
    0x080014a0   0x080014a0   0x000000fc   Code   RO         4416    i.HCLL_LE_Set_Advertise_Enable  Rafael_BLE_MM32F032xx_s.lib(ll.o)
    0x0800159c   0x0800159c   0x00000078   Code   RO         4417    i.HCLL_LE_Set_Data_Length  Rafael_BLE_MM32F032xx_s.lib(ll.o)
    0x08001614   0x08001614   0x00000060   Code   RO         4418    i.HCLL_LE_Set_Default_Phy  Rafael_BLE_MM32F032xx_s.lib(ll.o)
    0x08001674   0x08001674   0x0000002c   Code   RO         4419    i.HCLL_LE_Set_Event_Mask  Rafael_BLE_MM32F032xx_s.lib(ll.o)
    0x080016a0   0x080016a0   0x00000078   Code   RO         4420    i.HCLL_LE_Set_Host_Ch_Classification  Rafael_BLE_MM32F032xx_s.lib(ll.o)
    0x08001718   0x08001718   0x0000009c   Code   RO         4421    i.HCLL_LE_Set_Phy   Rafael_BLE_MM32F032xx_s.lib(ll.o)
    0x080017b4   0x080017b4   0x0000003c   Code   RO         4422    i.HCLL_LE_Set_Random_Address  Rafael_BLE_MM32F032xx_s.lib(ll.o)
    0x080017f0   0x080017f0   0x00000030   Code   RO         4423    i.HCLL_LE_Set_Scan_Response_Data  Rafael_BLE_MM32F032xx_s.lib(ll.o)
    0x08001820   0x08001820   0x00000050   Code   RO         4424    i.HCLL_LE_Set_scan_enable  Rafael_BLE_MM32F032xx_s.lib(ll.o)
    0x08001870   0x08001870   0x0000007c   Code   RO         4425    i.HCLL_LE_Set_scan_param  Rafael_BLE_MM32F032xx_s.lib(ll.o)
    0x080018ec   0x080018ec   0x00000024   Code   RO         4426    i.HCLL_LE_Start_encryption  Rafael_BLE_MM32F032xx_s.lib(ll.o)
    0x08001910   0x08001910   0x00000002   Code   RO         4427    i.HCLL_LE_Test_end  Rafael_BLE_MM32F032xx_s.lib(ll.o)
    0x08001912   0x08001912   0x00000002   Code   RO         4428    i.HCLL_LE_Transmitter_test  Rafael_BLE_MM32F032xx_s.lib(ll.o)
    0x08001914   0x08001914   0x0000002c   Code   RO         4429    i.HCLL_Read_BD_Addr  Rafael_BLE_MM32F032xx_s.lib(ll.o)
    0x08001940   0x08001940   0x00000002   Code   RO         4430    i.HCLL_Read_Le_Host_Support  Rafael_BLE_MM32F032xx_s.lib(ll.o)
    0x08001942   0x08001942   0x00000002   PAD
    0x08001944   0x08001944   0x00000050   Code   RO         4431    i.HCLL_Read_Local_Supported_Cmd  Rafael_BLE_MM32F032xx_s.lib(ll.o)
    0x08001994   0x08001994   0x0000002c   Code   RO         4432    i.HCLL_Read_Local_Supported_Feat  Rafael_BLE_MM32F032xx_s.lib(ll.o)
    0x080019c0   0x080019c0   0x0000002c   Code   RO         4433    i.HCLL_Read_Local_Ver_Info  Rafael_BLE_MM32F032xx_s.lib(ll.o)
    0x080019ec   0x080019ec   0x00000030   Code   RO         4434    i.HCLL_Read_Remote_Ver_Info  Rafael_BLE_MM32F032xx_s.lib(ll.o)
    0x08001a1c   0x08001a1c   0x00000002   Code   RO         4435    i.HCLL_Read_Transmit_Pwr_Level  Rafael_BLE_MM32F032xx_s.lib(ll.o)
    0x08001a1e   0x08001a1e   0x00000002   Code   RO         4436    i.HCLL_Read_authen_payload_timeout  Rafael_BLE_MM32F032xx_s.lib(ll.o)
    0x08001a20   0x08001a20   0x00000002   Code   RO         4437    i.HCLL_Read_buffer_size  Rafael_BLE_MM32F032xx_s.lib(ll.o)
    0x08001a22   0x08001a22   0x00000002   PAD
    0x08001a24   0x08001a24   0x00000034   Code   RO         4438    i.HCLL_Read_rssi    Rafael_BLE_MM32F032xx_s.lib(ll.o)
    0x08001a58   0x08001a58   0x0000001a   Code   RO         4439    i.HCLL_Reset        Rafael_BLE_MM32F032xx_s.lib(ll.o)
    0x08001a72   0x08001a72   0x00000002   Code   RO         4440    i.HCLL_Set_Ctrler_to_Host_Flow_Ctrl  Rafael_BLE_MM32F032xx_s.lib(ll.o)
    0x08001a74   0x08001a74   0x0000003c   Code   RO         4441    i.HCLL_Set_Event_Mask  Rafael_BLE_MM32F032xx_s.lib(ll.o)
    0x08001ab0   0x08001ab0   0x00000024   Code   RO         4442    i.HCLL_Set_Event_Mask_Page_2  Rafael_BLE_MM32F032xx_s.lib(ll.o)
    0x08001ad4   0x08001ad4   0x00000002   Code   RO         4443    i.HCLL_Write_Le_Host_Support  Rafael_BLE_MM32F032xx_s.lib(ll.o)
    0x08001ad6   0x08001ad6   0x00000002   Code   RO         4444    i.HCLL_Write_authen_payload_timeout  Rafael_BLE_MM32F032xx_s.lib(ll.o)
    0x08001ad8   0x08001ad8   0x00000018   Code   RO         4003    i.HSPF_Att_Read     Rafael_BLE_MM32F032xx_s.lib(host.o)
    0x08001af0   0x08001af0   0x0000001c   Code   RO         4004    i.HSPF_Att_Write    Rafael_BLE_MM32F032xx_s.lib(host.o)
    0x08001b0c   0x08001b0c   0x00000024   Code   RO         4005    i.Host_Root         Rafael_BLE_MM32F032xx_s.lib(host.o)
    0x08001b30   0x08001b30   0x0000004c   Code   RO         4121    i.KernelInit        Rafael_BLE_MM32F032xx_s.lib(kernel.o)
    0x08001b7c   0x08001b7c   0x00000020   Code   RO         4122    i.Knl_CodeComp      Rafael_BLE_MM32F032xx_s.lib(kernel.o)
    0x08001b9c   0x08001b9c   0x00000012   Code   RO         4124    i.Knl_CodeCpy       Rafael_BLE_MM32F032xx_s.lib(kernel.o)
    0x08001bae   0x08001bae   0x0000001e   Code   RO         4126    i.Knl_CodeCpyInv_Isr  Rafael_BLE_MM32F032xx_s.lib(kernel.o)
    0x08001bcc   0x08001bcc   0x00000012   Code   RO         4127    i.Knl_CodeCpy_Isr   Rafael_BLE_MM32F032xx_s.lib(kernel.o)
    0x08001bde   0x08001bde   0x00000020   Code   RO         4128    i.Knl_MemComp       Rafael_BLE_MM32F032xx_s.lib(kernel.o)
    0x08001bfe   0x08001bfe   0x00000020   Code   RO         4129    i.Knl_MemComp_Isr   Rafael_BLE_MM32F032xx_s.lib(kernel.o)
    0x08001c1e   0x08001c1e   0x00000012   Code   RO         4130    i.Knl_MemCpy        Rafael_BLE_MM32F032xx_s.lib(kernel.o)
    0x08001c30   0x08001c30   0x0000001e   Code   RO         4131    i.Knl_MemCpyInv     Rafael_BLE_MM32F032xx_s.lib(kernel.o)
    0x08001c4e   0x08001c4e   0x0000001e   Code   RO         4132    i.Knl_MemCpyInv_Isr  Rafael_BLE_MM32F032xx_s.lib(kernel.o)
    0x08001c6c   0x08001c6c   0x0000001a   Code   RO         4133    i.Knl_MemCpy_Fwd    Rafael_BLE_MM32F032xx_s.lib(kernel.o)
    0x08001c86   0x08001c86   0x00000012   Code   RO         4134    i.Knl_MemCpy_Isr    Rafael_BLE_MM32F032xx_s.lib(kernel.o)
    0x08001c98   0x08001c98   0x00000024   Code   RO         5816    i.L2CAP_Root        Rafael_BLE_MM32F032xx_s.lib(l2cap.o)
    0x08001cbc   0x08001cbc   0x000001d8   Code   RO         4445    i.LLEC_LE_CCM_Manual  Rafael_BLE_MM32F032xx_s.lib(ll.o)
    0x08001e94   0x08001e94   0x00000030   Code   RO         4446    i.LLEC_LE_Encrypt   Rafael_BLE_MM32F032xx_s.lib(ll.o)
    0x08001ec4   0x08001ec4   0x0000005c   Code   RO         4447    i.LLEC_LE_Long_term_key_req_reply  Rafael_BLE_MM32F032xx_s.lib(ll.o)
    0x08001f20   0x08001f20   0x0000004c   Code   RO         4448    i.LLEC_LE_Rand      Rafael_BLE_MM32F032xx_s.lib(ll.o)
    0x08001f6c   0x08001f6c   0x00000084   Code   RO         4449    i.LLEC_LE_Start_encryption  Rafael_BLE_MM32F032xx_s.lib(ll.o)
    0x08001ff0   0x08001ff0   0x0000001a   Code   RO         4450    i.LLHC_ERR_CODE_Invalid_Lmp_Parameters  Rafael_BLE_MM32F032xx_s.lib(ll.o)
    0x0800200a   0x0800200a   0x0000001a   Code   RO         4451    i.LLHC_ERR_CODE_Unknown_Hci_Command  Rafael_BLE_MM32F032xx_s.lib(ll.o)
    0x08002024   0x08002024   0x00000360   Code   RO         4452    i.LLHC_LE_Ctrl_Pkt  Rafael_BLE_MM32F032xx_s.lib(ll.o)
    0x08002384   0x08002384   0x0000000c   Code   RO         5168    i.LLTimeline_Get    Rafael_BLE_MM32F032xx_s.lib(rf_phy.o)
    0x08002390   0x08002390   0x000013d4   Code   RO         4453    i.LLTimer_Isr       Rafael_BLE_MM32F032xx_s.lib(ll.o)
    0x08003764   0x08003764   0x00000044   Code   RO         4454    i.LLTimer_TmrRefUpd_Isr  Rafael_BLE_MM32F032xx_s.lib(ll.o)
    0x080037a8   0x080037a8   0x00000060   Code   RO         4456    i.LLWTR_Buffer_wAck_Isr  Rafael_BLE_MM32F032xx_s.lib(ll.o)
    0x08003808   0x08003808   0x00000fec   Code   RO         4457    i.LLWTR_Isr         Rafael_BLE_MM32F032xx_s.lib(ll.o)
    0x080047f4   0x080047f4   0x0000004c   Code   RO         4458    i.LLWTR_MDset       Rafael_BLE_MM32F032xx_s.lib(ll.o)
    0x08004840   0x08004840   0x000003f0   Code   RO         4459    i.LLWTR_Rx2Hc       Rafael_BLE_MM32F032xx_s.lib(ll.o)
    0x08004c30   0x08004c30   0x0000024c   Code   RO         4461    i.LL_Buffer_To_FIFO_Isr  Rafael_BLE_MM32F032xx_s.lib(ll.o)
    0x08004e7c   0x08004e7c   0x00000018   Code   RO         4462    i.LL_CheckConnExist  Rafael_BLE_MM32F032xx_s.lib(ll.o)
    0x08004e94   0x08004e94   0x000000a0   Code   RO         4463    i.LL_Data2ConnTxFIFO  Rafael_BLE_MM32F032xx_s.lib(ll.o)
    0x08004f34   0x08004f34   0x00000074   Code   RO         4464    i.LL_Data2ConnTxFIFO_smp  Rafael_BLE_MM32F032xx_s.lib(ll.o)
    0x08004fa8   0x08004fa8   0x00000050   Code   RO         4465    i.LL_Data2ConnTxFIFO_smp_Isr  Rafael_BLE_MM32F032xx_s.lib(ll.o)
    0x08004ff8   0x08004ff8   0x0000007c   Code   RO         4466    i.LL_EventCounter_Map_Upd  Rafael_BLE_MM32F032xx_s.lib(ll.o)
    0x08005074   0x08005074   0x000000b0   Code   RO         4467    i.LL_GPIO_Isr       Rafael_BLE_MM32F032xx_s.lib(ll.o)
    0x08005124   0x08005124   0x0000001c   Code   RO         4468    i.LL_GetMasterFreeConnID  Rafael_BLE_MM32F032xx_s.lib(ll.o)
    0x08005140   0x08005140   0x0000001c   Code   RO         4469    i.LL_GetSlaveFreeConnID  Rafael_BLE_MM32F032xx_s.lib(ll.o)
    0x0800515c   0x0800515c   0x00000020   Code   RO         4470    i.LL_MsgBlk_LL_conn_Para_Rls  Rafael_BLE_MM32F032xx_s.lib(ll.o)
    0x0800517c   0x0800517c   0x00000038   Code   RO         4471    i.LL_Msg_CTRL_PKT   Rafael_BLE_MM32F032xx_s.lib(ll.o)
    0x080051b4   0x080051b4   0x00000038   Code   RO         4472    i.LL_Msg_CTRL_PKT_Isr  Rafael_BLE_MM32F032xx_s.lib(ll.o)
    0x080051ec   0x080051ec   0x0000001e   Code   RO         4474    i.LL_Msg_Event_Encrypt_Change  Rafael_BLE_MM32F032xx_s.lib(ll.o)
    0x0800520a   0x0800520a   0x00000020   Code   RO         4475    i.LL_Msg_Event_Le_PHY_Update_Complete  Rafael_BLE_MM32F032xx_s.lib(ll.o)
    0x0800522a   0x0800522a   0x0000001a   Code   RO         4476    i.LL_Msg_Event_Status  Rafael_BLE_MM32F032xx_s.lib(ll.o)
    0x08005244   0x08005244   0x0000009c   Code   RO         4479    i.LL_Queue_To_Buffer_Isr  Rafael_BLE_MM32F032xx_s.lib(ll.o)
    0x080052e0   0x080052e0   0x000000d8   Code   RO         4480    i.LL_ReleaseConnID  Rafael_BLE_MM32F032xx_s.lib(ll.o)
    0x080053b8   0x080053b8   0x000000f4   Code   RO         4481    i.LL_ReleaseConnID_Isr  Rafael_BLE_MM32F032xx_s.lib(ll.o)
    0x080054ac   0x080054ac   0x00000054   Code   RO         4482    i.LL_RfChRemap      Rafael_BLE_MM32F032xx_s.lib(ll.o)
    0x08005500   0x08005500   0x00000024   Code   RO         4483    i.LL_Root           Rafael_BLE_MM32F032xx_s.lib(ll.o)
    0x08005524   0x08005524   0x00000054   Code   RO         4484    i.LL_RxEnter_Isr    Rafael_BLE_MM32F032xx_s.lib(ll.o)
    0x08005578   0x08005578   0x0000001c   Code   RO         4486    i.LL_Slv_Win_Width_Incr  Rafael_BLE_MM32F032xx_s.lib(ll.o)
    0x08005594   0x08005594   0x00000030   Code   RO         4487    i.LL_SvPrToutAccu_Incr  Rafael_BLE_MM32F032xx_s.lib(ll.o)
    0x080055c4   0x080055c4   0x00000030   Code   RO         4488    i.LL_TmrBlk_Pt_PairRst  Rafael_BLE_MM32F032xx_s.lib(ll.o)
    0x080055f4   0x080055f4   0x0000003c   Code   RO         4489    i.LL_TmrBlk_Rls     Rafael_BLE_MM32F032xx_s.lib(ll.o)
    0x08005630   0x08005630   0x00000020   Code   RO         4490    i.LL_TmrBlk_Rls_NxtIntvl  Rafael_BLE_MM32F032xx_s.lib(ll.o)
    0x08005650   0x08005650   0x0000004c   Code   RO         4491    i.LL_TmrBlk_Rls_Pair  Rafael_BLE_MM32F032xx_s.lib(ll.o)
    0x0800569c   0x0800569c   0x00000068   Code   RO         4492    i.LL_Tmr_FIFO_ADVrpt  Rafael_BLE_MM32F032xx_s.lib(ll.o)
    0x08005704   0x08005704   0x00000058   Code   RO         4493    i.LL_TxEnter_Isr    Rafael_BLE_MM32F032xx_s.lib(ll.o)
    0x0800575c   0x0800575c   0x00000044   Code   RO         4494    i.LL_smp_SKD_IV_genIn  Rafael_BLE_MM32F032xx_s.lib(ll.o)
    0x080057a0   0x080057a0   0x0000003a   Code   RO          664    i.MCU_GpioIntDisable  porting_misc.o
    0x080057da   0x080057da   0x0000003e   Code   RO          665    i.MCU_GpioIntEnable  porting_misc.o
    0x08005818   0x08005818   0x0000002c   Code   RO          666    i.MCU_GpioPinInit   porting_misc.o
    0x08005844   0x08005844   0x00000004   Code   RO         4495    i.MEC_HCI_Null      Rafael_BLE_MM32F032xx_s.lib(ll.o)
    0x08005848   0x08005848   0x00000200   Code   RO         3962    i.MHC_Callback      Rafael_BLE_MM32F032xx_s.lib(ble_event.o)
    0x08005a48   0x08005a48   0x00000002   Code   RO         5567    i.MHC_Event_Authen_Payload_Timeout_Expired  Rafael_BLE_MM32F032xx_s.lib(hci.o)
    0x08005a4a   0x08005a4a   0x00000002   PAD
    0x08005a4c   0x08005a4c   0x00000094   Code   RO         5568    i.MHC_Event_Cmd_Complete  Rafael_BLE_MM32F032xx_s.lib(hci.o)
    0x08005ae0   0x08005ae0   0x0000001c   Code   RO         5569    i.MHC_Event_Cmd_Status  Rafael_BLE_MM32F032xx_s.lib(hci.o)
    0x08005afc   0x08005afc   0x00000002   Code   RO         5570    i.MHC_Event_Data_Buffer_Overflow  Rafael_BLE_MM32F032xx_s.lib(hci.o)
    0x08005afe   0x08005afe   0x00000002   PAD
    0x08005b00   0x08005b00   0x00000028   Code   RO         5571    i.MHC_Event_Disconn_Complete  Rafael_BLE_MM32F032xx_s.lib(hci.o)
    0x08005b28   0x08005b28   0x000000f8   Code   RO         5572    i.MHC_Event_Encrypt_Change  Rafael_BLE_MM32F032xx_s.lib(hci.o)
    0x08005c20   0x08005c20   0x00000058   Code   RO         5573    i.MHC_Event_Encrypt_Key_Refresh_Complete  Rafael_BLE_MM32F032xx_s.lib(hci.o)
    0x08005c78   0x08005c78   0x00000004   Code   RO         5574    i.MHC_Event_HCI_Raw  Rafael_BLE_MM32F032xx_s.lib(hci.o)
    0x08005c7c   0x08005c7c   0x00000002   Code   RO         5575    i.MHC_Event_Hardware_Error  Rafael_BLE_MM32F032xx_s.lib(hci.o)
    0x08005c7e   0x08005c7e   0x00000002   PAD
    0x08005c80   0x08005c80   0x00000034   Code   RO         5576    i.MHC_Event_Le_Adv_Report  Rafael_BLE_MM32F032xx_s.lib(hci.o)
    0x08005cb4   0x08005cb4   0x00000080   Code   RO         5577    i.MHC_Event_Le_Conn_Complete  Rafael_BLE_MM32F032xx_s.lib(hci.o)
    0x08005d34   0x08005d34   0x00000030   Code   RO         5578    i.MHC_Event_Le_Conn_Update_Complete  Rafael_BLE_MM32F032xx_s.lib(hci.o)
    0x08005d64   0x08005d64   0x0000001c   Code   RO         5579    i.MHC_Event_Le_Data_Length_Change  Rafael_BLE_MM32F032xx_s.lib(hci.o)
    0x08005d80   0x08005d80   0x000000d8   Code   RO         5580    i.MHC_Event_Le_Long_Term_Key_Req  Rafael_BLE_MM32F032xx_s.lib(hci.o)
    0x08005e58   0x08005e58   0x00000034   Code   RO         5581    i.MHC_Event_Le_PHY_Update_Complete  Rafael_BLE_MM32F032xx_s.lib(hci.o)
    0x08005e8c   0x08005e8c   0x0000001c   Code   RO         5582    i.MHC_Event_Le_Read_Remote_Used_Features_Complete  Rafael_BLE_MM32F032xx_s.lib(hci.o)
    0x08005ea8   0x08005ea8   0x00000002   Code   RO         5583    i.MHC_Event_Le_Remote_Conn_param_Req_Event  Rafael_BLE_MM32F032xx_s.lib(hci.o)
    0x08005eaa   0x08005eaa   0x00000002   PAD
    0x08005eac   0x08005eac   0x00000014   Code   RO         5584    i.MHC_Event_Le_Wait_Passkey_Confrim  Rafael_BLE_MM32F032xx_s.lib(hci.o)
    0x08005ec0   0x08005ec0   0x00000002   Code   RO         5585    i.MHC_Event_Null    Rafael_BLE_MM32F032xx_s.lib(hci.o)
    0x08005ec2   0x08005ec2   0x00000004   Code   RO         5586    i.MHC_Event_Num_Of_Completed_Pckts  Rafael_BLE_MM32F032xx_s.lib(hci.o)
    0x08005ec6   0x08005ec6   0x00000002   PAD
    0x08005ec8   0x08005ec8   0x00000010   Code   RO         5587    i.MHC_Event_Read_Remote_Ver_Info_Complete  Rafael_BLE_MM32F032xx_s.lib(hci.o)
    0x08005ed8   0x08005ed8   0x00000014   Code   RO         5588    i.MHC_Event_STK_Gen_Method  Rafael_BLE_MM32F032xx_s.lib(hci.o)
    0x08005eec   0x08005eec   0x00000014   Code   RO         5589    i.MHC_Evnet_Auth_Status  Rafael_BLE_MM32F032xx_s.lib(hci.o)
    0x08005f00   0x08005f00   0x00000040   Code   RO         5590    i.MHC_LE_ACL_Data_Pkt  Rafael_BLE_MM32F032xx_s.lib(hci.o)
    0x08005f40   0x08005f40   0x00000004   Code   RO         5591    i.MHC_LE_ACL_Data_Pkt_Extend  Rafael_BLE_MM32F032xx_s.lib(hci.o)
    0x08005f44   0x08005f44   0x00000002   Code   RO         4006    i.MHS_Event_Null    Rafael_BLE_MM32F032xx_s.lib(host.o)
    0x08005f46   0x08005f46   0x00000002   Code   RO         5817    i.ML2CAP_Event_Null  Rafael_BLE_MM32F032xx_s.lib(l2cap.o)
    0x08005f48   0x08005f48   0x00000004   Code   RO         4496    i.MLL_HCI_Null      Rafael_BLE_MM32F032xx_s.lib(ll.o)
    0x08005f4c   0x08005f4c   0x00000004   Code   RO         4497    i.MLL_LE_Ctrl_Pkt   Rafael_BLE_MM32F032xx_s.lib(ll.o)
    0x08005f50   0x08005f50   0x00000018   Code   RO         4498    i.MLL_LL_CHN_Map_Upd  Rafael_BLE_MM32F032xx_s.lib(ll.o)
    0x08005f68   0x08005f68   0x0000001c   Code   RO         4499    i.MLL_LL_Enc_Req    Rafael_BLE_MM32F032xx_s.lib(ll.o)
    0x08005f84   0x08005f84   0x00000050   Code   RO         1948    i.NVIC_Init         hal_misc.o
    0x08005fd4   0x08005fd4   0x00000044   Code   RO          516    i.NVIC_SetPriority  systick.o
    0x08006018   0x08006018   0x00000034   Code   RO         5866    i.PassEC_BLE_CODE_SMP  Rafael_BLE_MM32F032xx_s.lib(mmi.o)
    0x0800604c   0x0800604c   0x00000028   Code   RO         5867    i.Prcss_BLE_CODE_SMP_Encryption_Information  Rafael_BLE_MM32F032xx_s.lib(mmi.o)
    0x08006074   0x08006074   0x00000004   Code   RO         5868    i.Prcss_BLE_CODE_SMP_Identity_Address_Information  Rafael_BLE_MM32F032xx_s.lib(mmi.o)
    0x08006078   0x08006078   0x00000028   Code   RO         5869    i.Prcss_BLE_CODE_SMP_Identity_Information  Rafael_BLE_MM32F032xx_s.lib(mmi.o)
    0x080060a0   0x080060a0   0x00000040   Code   RO         5870    i.Prcss_BLE_CODE_SMP_Master_Identification  Rafael_BLE_MM32F032xx_s.lib(mmi.o)
    0x080060e0   0x080060e0   0x00000060   Code   RO         5871    i.Prcss_BLE_CODE_SMP_Pairing_Confirm  Rafael_BLE_MM32F032xx_s.lib(mmi.o)
    0x08006140   0x08006140   0x00000034   Code   RO         5872    i.Prcss_BLE_CODE_SMP_Pairing_Failed  Rafael_BLE_MM32F032xx_s.lib(mmi.o)
    0x08006174   0x08006174   0x00000018   Code   RO         5873    i.Prcss_BLE_CODE_SMP_Pairing_Random  Rafael_BLE_MM32F032xx_s.lib(mmi.o)
    0x0800618c   0x0800618c   0x000000f8   Code   RO         5874    i.Prcss_BLE_CODE_SMP_Pairing_Request  Rafael_BLE_MM32F032xx_s.lib(mmi.o)
    0x08006284   0x08006284   0x00000004   Code   RO         5875    i.Prcss_BLE_CODE_SMP_Pairing_Response  Rafael_BLE_MM32F032xx_s.lib(mmi.o)
    0x08006288   0x08006288   0x00000004   Code   RO         5876    i.Prcss_BLE_CODE_SMP_Reserved  Rafael_BLE_MM32F032xx_s.lib(mmi.o)
    0x0800628c   0x0800628c   0x00000004   Code   RO         5877    i.Prcss_BLE_CODE_SMP_Security_Request  Rafael_BLE_MM32F032xx_s.lib(mmi.o)
    0x08006290   0x08006290   0x00000028   Code   RO         5878    i.Prcss_BLE_CODE_SMP_Signing_Information  Rafael_BLE_MM32F032xx_s.lib(mmi.o)
    0x080062b8   0x080062b8   0x00000004   Code   RO         5879    i.Prcss_L2CAP_CID_AMP_MANAGER_PROTOCOL  Rafael_BLE_MM32F032xx_s.lib(mmi.o)
    0x080062bc   0x080062bc   0x00000044   Code   RO         5880    i.Prcss_L2CAP_CID_ATTRIBUTE_PROTOCOL  Rafael_BLE_MM32F032xx_s.lib(mmi.o)
    0x08006300   0x08006300   0x00000004   Code   RO         5881    i.Prcss_L2CAP_CID_CONNECTIONLESS_CHANNEL  Rafael_BLE_MM32F032xx_s.lib(mmi.o)
    0x08006304   0x08006304   0x00000004   Code   RO         5882    i.Prcss_L2CAP_CID_L2CAP_SIGNALING_CHANNEL  Rafael_BLE_MM32F032xx_s.lib(mmi.o)
    0x08006308   0x08006308   0x00000050   Code   RO         5883    i.Prcss_L2CAP_CID_LE_L2CAP_SIGNALING_CHANNEL  Rafael_BLE_MM32F032xx_s.lib(mmi.o)
    0x08006358   0x08006358   0x00000004   Code   RO         5884    i.Prcss_L2CAP_CID_NULL_IDENTIFIER  Rafael_BLE_MM32F032xx_s.lib(mmi.o)
    0x0800635c   0x0800635c   0x00000028   Code   RO         5885    i.Prcss_L2CAP_CID_SECURITY_MANAGER_PROTOCOL  Rafael_BLE_MM32F032xx_s.lib(mmi.o)
    0x08006384   0x08006384   0x00000004   Code   RO         5886    i.Prcss_OPCODE_ATT_Error_Response  Rafael_BLE_MM32F032xx_s.lib(mmi.o)
    0x08006388   0x08006388   0x00000044   Code   RO         5887    i.Prcss_OPCODE_ATT_Exchange_MTU_Request  Rafael_BLE_MM32F032xx_s.lib(mmi.o)
    0x080063cc   0x080063cc   0x00000004   Code   RO         5888    i.Prcss_OPCODE_ATT_Exchange_MTU_Response  Rafael_BLE_MM32F032xx_s.lib(mmi.o)
    0x080063d0   0x080063d0   0x000000e8   Code   RO         5889    i.Prcss_OPCODE_ATT_Execute_Write_Request  Rafael_BLE_MM32F032xx_s.lib(mmi.o)
    0x080064b8   0x080064b8   0x00000004   Code   RO         5890    i.Prcss_OPCODE_ATT_Execute_Write_Response  Rafael_BLE_MM32F032xx_s.lib(mmi.o)
    0x080064bc   0x080064bc   0x0000014c   Code   RO         5891    i.Prcss_OPCODE_ATT_Find_By_Type_Value_Request  Rafael_BLE_MM32F032xx_s.lib(mmi.o)
    0x08006608   0x08006608   0x00000004   Code   RO         5892    i.Prcss_OPCODE_ATT_Find_By_Type_Value_Response  Rafael_BLE_MM32F032xx_s.lib(mmi.o)
    0x0800660c   0x0800660c   0x00000154   Code   RO         5893    i.Prcss_OPCODE_ATT_Find_Information_Request  Rafael_BLE_MM32F032xx_s.lib(mmi.o)
    0x08006760   0x08006760   0x00000004   Code   RO         5894    i.Prcss_OPCODE_ATT_Find_Information_Response  Rafael_BLE_MM32F032xx_s.lib(mmi.o)
    0x08006764   0x08006764   0x00000010   Code   RO         5895    i.Prcss_OPCODE_ATT_Handle_Value_Confirmation  Rafael_BLE_MM32F032xx_s.lib(mmi.o)
    0x08006774   0x08006774   0x00000004   Code   RO         5896    i.Prcss_OPCODE_ATT_Handle_Value_Indication  Rafael_BLE_MM32F032xx_s.lib(mmi.o)
    0x08006778   0x08006778   0x00000004   Code   RO         5897    i.Prcss_OPCODE_ATT_Handle_Value_Notification  Rafael_BLE_MM32F032xx_s.lib(mmi.o)
    0x0800677c   0x0800677c   0x00000004   Code   RO         5898    i.Prcss_OPCODE_ATT_NULL  Rafael_BLE_MM32F032xx_s.lib(mmi.o)
    0x08006780   0x08006780   0x0000010c   Code   RO         5899    i.Prcss_OPCODE_ATT_Prepare_Write_Request  Rafael_BLE_MM32F032xx_s.lib(mmi.o)
    0x0800688c   0x0800688c   0x00000004   Code   RO         5900    i.Prcss_OPCODE_ATT_Prepare_Write_Response  Rafael_BLE_MM32F032xx_s.lib(mmi.o)
    0x08006890   0x08006890   0x00000118   Code   RO         5901    i.Prcss_OPCODE_ATT_Read_Blob_Request  Rafael_BLE_MM32F032xx_s.lib(mmi.o)
    0x080069a8   0x080069a8   0x00000004   Code   RO         5902    i.Prcss_OPCODE_ATT_Read_Blob_Response  Rafael_BLE_MM32F032xx_s.lib(mmi.o)
    0x080069ac   0x080069ac   0x00000254   Code   RO         5903    i.Prcss_OPCODE_ATT_Read_By_Type_Request  Rafael_BLE_MM32F032xx_s.lib(mmi.o)
    0x08006c00   0x08006c00   0x00000004   Code   RO         5904    i.Prcss_OPCODE_ATT_Read_By_Type_Response  Rafael_BLE_MM32F032xx_s.lib(mmi.o)
    0x08006c04   0x08006c04   0x00000020   Code   RO         5905    i.Prcss_OPCODE_ATT_Read_Multiple_Request  Rafael_BLE_MM32F032xx_s.lib(mmi.o)
    0x08006c24   0x08006c24   0x00000004   Code   RO         5906    i.Prcss_OPCODE_ATT_Read_Multiple_Response  Rafael_BLE_MM32F032xx_s.lib(mmi.o)
    0x08006c28   0x08006c28   0x00000124   Code   RO         5907    i.Prcss_OPCODE_ATT_Read_Request  Rafael_BLE_MM32F032xx_s.lib(mmi.o)
    0x08006d4c   0x08006d4c   0x00000004   Code   RO         5908    i.Prcss_OPCODE_ATT_Read_Response  Rafael_BLE_MM32F032xx_s.lib(mmi.o)
    0x08006d50   0x08006d50   0x000002d0   Code   RO         5909    i.Prcss_OPCODE_ATT_Read_by_Group_Type_Request  Rafael_BLE_MM32F032xx_s.lib(mmi.o)
    0x08007020   0x08007020   0x00000004   Code   RO         5910    i.Prcss_OPCODE_ATT_Read_by_Group_Type_Response  Rafael_BLE_MM32F032xx_s.lib(mmi.o)
    0x08007024   0x08007024   0x000000d4   Code   RO         5912    i.Prcss_OPCODE_ATT_Write_Command  Rafael_BLE_MM32F032xx_s.lib(mmi.o)
    0x080070f8   0x080070f8   0x0000010c   Code   RO         5913    i.Prcss_OPCODE_ATT_Write_Request  Rafael_BLE_MM32F032xx_s.lib(mmi.o)
    0x08007204   0x08007204   0x00000004   Code   RO         5914    i.Prcss_OPCODE_ATT_Write_Response  Rafael_BLE_MM32F032xx_s.lib(mmi.o)
    0x08007208   0x08007208   0x00000018   Code   RO         2064    i.RCC_AHBPeriphClockCmd  hal_rcc.o
    0x08007220   0x08007220   0x00000018   Code   RO         2066    i.RCC_APB1PeriphClockCmd  hal_rcc.o
    0x08007238   0x08007238   0x00000018   Code   RO         2068    i.RCC_APB2PeriphClockCmd  hal_rcc.o
    0x08007250   0x08007250   0x00000020   Code   RO         2077    i.RCC_GetHCLKFreq   hal_rcc.o
    0x08007270   0x08007270   0x00000020   Code   RO         2079    i.RCC_GetPCLK1Freq  hal_rcc.o
    0x08007290   0x08007290   0x00000020   Code   RO         2080    i.RCC_GetPCLK2Freq  hal_rcc.o
    0x080072b0   0x080072b0   0x00000048   Code   RO         2082    i.RCC_GetSysClockFreq  hal_rcc.o
    0x080072f8   0x080072f8   0x0000001c   Code   RO         5170    i.RF_CCM_AES_Mode_set  Rafael_BLE_MM32F032xx_s.lib(rf_phy.o)
    0x08007314   0x08007314   0x0000000e   Code   RO         5171    i.RF_CRCInit        Rafael_BLE_MM32F032xx_s.lib(rf_phy.o)
    0x08007322   0x08007322   0x00000014   Code   RO         5172    i.RF_CRCchk         Rafael_BLE_MM32F032xx_s.lib(rf_phy.o)
    0x08007336   0x08007336   0x00000002   PAD
    0x08007338   0x08007338   0x0000002c   Code   RO         5173    i.RF_DC_Rstr_Isr    Rafael_BLE_MM32F032xx_s.lib(rf_phy.o)
    0x08007364   0x08007364   0x00000068   Code   RO         5176    i.RF_Get_LastRssi   Rafael_BLE_MM32F032xx_s.lib(rf_phy.o)
    0x080073cc   0x080073cc   0x00000140   Code   RO         5179    i.RF_Init           Rafael_BLE_MM32F032xx_s.lib(rf_phy.o)
    0x0800750c   0x0800750c   0x00000018   Code   RO         5181    i.RF_LE_HeaderStsLen_Tx  Rafael_BLE_MM32F032xx_s.lib(rf_phy.o)
    0x08007524   0x08007524   0x00000068   Code   RO           75    i.RF_Open           main.o
    0x0800758c   0x0800758c   0x00000018   Code   RO         5182    i.RF_PLL_VCO_Bank_set  Rafael_BLE_MM32F032xx_s.lib(rf_phy.o)
    0x080075a4   0x080075a4   0x00000040   Code   RO         5183    i.RF_PowerSaving_En_Isr  Rafael_BLE_MM32F032xx_s.lib(rf_phy.o)
    0x080075e4   0x080075e4   0x0000000c   Code   RO         5187    i.RF_RxFIFOrst      Rafael_BLE_MM32F032xx_s.lib(rf_phy.o)
    0x080075f0   0x080075f0   0x0000000c   Code   RO         5188    i.RF_RxLengthLimit  Rafael_BLE_MM32F032xx_s.lib(rf_phy.o)
    0x080075fc   0x080075fc   0x00000058   Code   RO         5189    i.RF_Set_TxPowerLevel_Isr  Rafael_BLE_MM32F032xx_s.lib(rf_phy.o)
    0x08007654   0x08007654   0x0000009c   Code   RO          667    i.RF_SpiIoMapping   porting_misc.o
    0x080076f0   0x080076f0   0x00000028   Code   RO         5190    i.RF_SymbolRate_Patch_1M_2M  Rafael_BLE_MM32F032xx_s.lib(rf_phy.o)
    0x08007718   0x08007718   0x00000024   Code   RO         5191    i.RF_SymbolRate_set  Rafael_BLE_MM32F032xx_s.lib(rf_phy.o)
    0x0800773c   0x0800773c   0x000000d4   Code   RO         5195    i.RF_Tmr_Periodic_initial  Rafael_BLE_MM32F032xx_s.lib(rf_phy.o)
    0x08007810   0x08007810   0x00000060   Code   RO         5196    i.RF_Tmr_Periodic_set_ISR  Rafael_BLE_MM32F032xx_s.lib(rf_phy.o)
    0x08007870   0x08007870   0x00000018   Code   RO         5197    i.RF_TxAutoAckOff   Rafael_BLE_MM32F032xx_s.lib(rf_phy.o)
    0x08007888   0x08007888   0x00000018   Code   RO         5198    i.RF_TxAutoAckOn    Rafael_BLE_MM32F032xx_s.lib(rf_phy.o)
    0x080078a0   0x080078a0   0x00000018   Code   RO         5199    i.RF_TxFIFO_ADVData_set  Rafael_BLE_MM32F032xx_s.lib(rf_phy.o)
    0x080078b8   0x080078b8   0x00000018   Code   RO         5200    i.RF_TxFIFO_ADVaddr_set  Rafael_BLE_MM32F032xx_s.lib(rf_phy.o)
    0x080078d0   0x080078d0   0x00000018   Code   RO         5201    i.RF_TxFIFO_LeData_set  Rafael_BLE_MM32F032xx_s.lib(rf_phy.o)
    0x080078e8   0x080078e8   0x00000014   Code   RO         5203    i.RF_TxFIFO_OriginAddr_set  Rafael_BLE_MM32F032xx_s.lib(rf_phy.o)
    0x080078fc   0x080078fc   0x00000064   Code   RO         5204    i.RF_Voltage_Det    Rafael_BLE_MM32F032xx_s.lib(rf_phy.o)
    0x08007960   0x08007960   0x00000014   Code   RO         5205    i.RF_WTR_EnChk      Rafael_BLE_MM32F032xx_s.lib(rf_phy.o)
    0x08007974   0x08007974   0x00000018   Code   RO         5208    i.RF_WTR_intOff     Rafael_BLE_MM32F032xx_s.lib(rf_phy.o)
    0x0800798c   0x0800798c   0x00000018   Code   RO         5209    i.RF_WTR_intOn      Rafael_BLE_MM32F032xx_s.lib(rf_phy.o)
    0x080079a4   0x080079a4   0x00000034   Code   RO         4500    i.RF_cmpFIFO_BDAddr  Rafael_BLE_MM32F032xx_s.lib(ll.o)
    0x080079d8   0x080079d8   0x00000044   Code   RO         4501    i.RF_cmpFIFO_WhiteList  Rafael_BLE_MM32F032xx_s.lib(ll.o)
    0x08007a1c   0x08007a1c   0x00000024   Code   RO         4135    i.RcvMsgBlk         Rafael_BLE_MM32F032xx_s.lib(kernel.o)
    0x08007a40   0x08007a40   0x0000000c   Code   RO         5818    i.Rls_L2CAP_Buf     Rafael_BLE_MM32F032xx_s.lib(l2cap.o)
    0x08007a4c   0x08007a4c   0x00000034   Code   RO         5915    i.SMEC_LE_CODE_SMP_Pairing_Confirm  Rafael_BLE_MM32F032xx_s.lib(mmi.o)
    0x08007a80   0x08007a80   0x000000a0   Code   RO         5916    i.SMEC_LE_CODE_SMP_Pairing_Random  Rafael_BLE_MM32F032xx_s.lib(mmi.o)
    0x08007b20   0x08007b20   0x00000090   Code   RO         5917    i.SMEC_LE_SMP_Key_Gen  Rafael_BLE_MM32F032xx_s.lib(mmi.o)
    0x08007bb0   0x08007bb0   0x00000068   Code   RO          720    i.SPI_1BYT_SetRx    porting_spi.o
    0x08007c18   0x08007c18   0x00000078   Code   RO          721    i.SPI_1BYT_SetRx_Isr  porting_spi.o
    0x08007c90   0x08007c90   0x00000048   Code   RO          722    i.SPI_1BYT_SetTx    porting_spi.o
    0x08007cd8   0x08007cd8   0x00000044   Code   RO          723    i.SPI_1BYT_SetTx_Isr  porting_spi.o
    0x08007d1c   0x08007d1c   0x00000064   Code   RO          724    i.SPI_2BYT_SetTx_Isr  porting_spi.o
    0x08007d80   0x08007d80   0x0000002e   Code   RO         2438    i.SPI_BiDirectionalLineConfig  hal_spi.o
    0x08007dae   0x08007dae   0x00000014   Code   RO         2439    i.SPI_CSInternalSelected  hal_spi.o
    0x08007dc2   0x08007dc2   0x00000014   Code   RO         2441    i.SPI_Cmd           hal_spi.o
    0x08007dd6   0x08007dd6   0x00000014   Code   RO         2442    i.SPI_DMACmd        hal_spi.o
    0x08007dea   0x08007dea   0x00000002   PAD
    0x08007dec   0x08007dec   0x00000038   Code   RO          668    i.SPI_GPIO_Init     porting_misc.o
    0x08007e24   0x08007e24   0x0000006e   Code   RO         2449    i.SPI_Init          hal_spi.o
    0x08007e92   0x08007e92   0x00000002   PAD
    0x08007e94   0x08007e94   0x00000074   Code   RO          725    i.SPI_PDMA_SetRx_Isr  porting_spi.o
    0x08007f08   0x08007f08   0x0000007c   Code   RO          726    i.SPI_PDMA_SetTx    porting_spi.o
    0x08007f84   0x08007f84   0x00000004   Code   RO          727    i.SPI_PDMA_waitFinish  porting_spi.o
    0x08007f88   0x08007f88   0x0000001a   Code   RO         2455    i.SPI_StructInit    hal_spi.o
    0x08007fa2   0x08007fa2   0x00000002   PAD
    0x08007fa4   0x08007fa4   0x00000164   Code   RO          424    i.SPIx_Configure    spi.o
    0x08008108   0x08008108   0x00000120   Code   RO          425    i.SPIx_DMA_Configure  spi.o
    0x08008228   0x08008228   0x00000030   Code   RO          426    i.SPIx_DMA_InterruptConfigure  spi.o
    0x08008258   0x08008258   0x000000d8   Code   RO          427    i.SPIx_DMA_RxData   spi.o
    0x08008330   0x08008330   0x000000cc   Code   RO          428    i.SPIx_DMA_TxData   spi.o
    0x080083fc   0x080083fc   0x00000044   Code   RO          429    i.SPIx_ReadWriteByte  spi.o
    0x08008440   0x08008440   0x0000000a   Code   RO          430    i.SPIx_WriteByte    spi.o
    0x0800844a   0x0800844a   0x00000002   PAD
    0x0800844c   0x0800844c   0x000000d0   Code   RO            4    i.SetSysClockTo48   system_mm32f032xx_s.o
    0x0800851c   0x0800851c   0x00000020   Code   RO         4136    i.SndMsgBlk         Rafael_BLE_MM32F032xx_s.lib(kernel.o)
    0x0800853c   0x0800853c   0x0000001c   Code   RO         4502    i.SndMsgBlkEC       Rafael_BLE_MM32F032xx_s.lib(ll.o)
    0x08008558   0x08008558   0x0000001c   Code   RO         4137    i.SndMsgBlk_Isr     Rafael_BLE_MM32F032xx_s.lib(kernel.o)
    0x08008574   0x08008574   0x00000030   Code   RO         4139    i.SndMsgBlks_Isr    Rafael_BLE_MM32F032xx_s.lib(kernel.o)
    0x080085a4   0x080085a4   0x00000010   Code   RO          517    i.SysTick_DelayMs   systick.o
    0x080085b4   0x080085b4   0x00000014   Code   RO          518    i.SysTick_Handler   systick.o
    0x080085c8   0x080085c8   0x00000048   Code   RO          519    i.SysTick_Init      systick.o
    0x08008610   0x08008610   0x00000054   Code   RO            5    i.SystemInit        system_mm32f032xx_s.o
    0x08008664   0x08008664   0x00000080   Code   RO          564    i.UART1_IRQHandler  uart.o
    0x080086e4   0x080086e4   0x00000004   Code   RO         3162    i.UART_ClearITPendingBit  hal_uart.o
    0x080086e8   0x080086e8   0x0000000c   Code   RO         3163    i.UART_Cmd          hal_uart.o
    0x080086f4   0x080086f4   0x0000000e   Code   RO         3164    i.UART_DMACmd       hal_uart.o
    0x08008702   0x08008702   0x0000000a   Code   RO         3167    i.UART_GetFlagStatus  hal_uart.o
    0x0800870c   0x0800870c   0x0000000a   Code   RO         3168    i.UART_GetITStatus  hal_uart.o
    0x08008716   0x08008716   0x00000010   Code   RO         3170    i.UART_ITConfig     hal_uart.o
    0x08008726   0x08008726   0x00000002   PAD
    0x08008728   0x08008728   0x00000070   Code   RO         3171    i.UART_Init         hal_uart.o
    0x08008798   0x08008798   0x00000006   Code   RO         3175    i.UART_SendData     hal_uart.o
    0x0800879e   0x0800879e   0x00000018   Code   RO         3184    i.UART_StructInit   hal_uart.o
    0x080087b6   0x080087b6   0x00000016   Code   RO          565    i.UART_TX_Send      uart.o
    0x080087cc   0x080087cc   0x00000018   Code   RO          566    i.UART_nvic_config  uart.o
    0x080087e4   0x080087e4   0x00000140   Code   RO          567    i.UARTx_Configure   uart.o
    0x08008924   0x08008924   0x00000020   Code   RO          568    i.UartSendByte      uart.o
    0x08008944   0x08008944   0x00000020   Code   RO         6622    i.__0printf$8       mc_p.l(printf8.o)
    0x08008964   0x08008964   0x0000001a   Code   RO         4365    i.__ARM_common_switch8  Rafael_BLE_MM32F032xx_s.lib(kernel.o)
    0x0800897e   0x0800897e   0x0000000e   Code   RO         6717    i.__scatterload_copy  mc_p.l(handlers.o)
    0x0800898c   0x0800898c   0x00000002   Code   RO         6718    i.__scatterload_null  mc_p.l(handlers.o)
    0x0800898e   0x0800898e   0x0000000e   Code   RO         6719    i.__scatterload_zeroinit  mc_p.l(handlers.o)
    0x0800899c   0x0800899c   0x00000428   Code   RO         6629    i._printf_core      mc_p.l(printf8.o)
    0x08008dc4   0x08008dc4   0x00000020   Code   RO         6630    i._printf_post_padding  mc_p.l(printf8.o)
    0x08008de4   0x08008de4   0x0000002c   Code   RO         6631    i._printf_pre_padding  mc_p.l(printf8.o)
    0x08008e10   0x08008e10   0x00000084   Code   RO         6221    i.checkBLE_CmdTimer  Rafael_BLE_MM32F032xx_s.lib(rffunction.o)
    0x08008e94   0x08008e94   0x0000005c   Code   RO         6222    i.chkBLE_ATTRIBUTE_PERMISSION_Read  Rafael_BLE_MM32F032xx_s.lib(rffunction.o)
    0x08008ef0   0x08008ef0   0x0000005c   Code   RO         6223    i.chkBLE_ATTRIBUTE_PERMISSION_Write  Rafael_BLE_MM32F032xx_s.lib(rffunction.o)
    0x08008f4c   0x08008f4c   0x00000004   Code   RO         6224    i.chkBLE_ATT_Chr_AcssRd_ByUser  Rafael_BLE_MM32F032xx_s.lib(rffunction.o)
    0x08008f50   0x08008f50   0x00000004   Code   RO         6225    i.chkBLE_ATT_Chr_AcssWr_ByUser  Rafael_BLE_MM32F032xx_s.lib(rffunction.o)
    0x08008f54   0x08008f54   0x00000014   Code   RO         4503    i.chkBLE_LL_State_Adv  Rafael_BLE_MM32F032xx_s.lib(ll.o)
    0x08008f68   0x08008f68   0x00000014   Code   RO         4504    i.chkBLE_LL_State_Init  Rafael_BLE_MM32F032xx_s.lib(ll.o)
    0x08008f7c   0x08008f7c   0x00000014   Code   RO         4505    i.chkBLE_LL_State_Scan  Rafael_BLE_MM32F032xx_s.lib(ll.o)
    0x08008f90   0x08008f90   0x00000018   Code   RO         6226    i.chkIfBLE_ATT_Chr_Acss_ByUser  Rafael_BLE_MM32F032xx_s.lib(rffunction.o)
    0x08008fa8   0x08008fa8   0x00000030   Code   RO         6227    i.clearBLE_CmdTimer  Rafael_BLE_MM32F032xx_s.lib(rffunction.o)
    0x08008fd8   0x08008fd8   0x0000000c   Code   RO          634    i.delay_us          porting_lltimer.o
    0x08008fe4   0x08008fe4   0x00000004   Code   RO         1183    i.exDMA_SetMemoryAddress  hal_dma.o
    0x08008fe8   0x08008fe8   0x00000004   Code   RO         1185    i.exDMA_SetTransmitLen  hal_dma.o
    0x08008fec   0x08008fec   0x00000020   Code   RO         1285    i.exEXTI_LineDisable  hal_exti.o
    0x0800900c   0x0800900c   0x00000024   Code   RO          569    i.fputc             uart.o
    0x08009030   0x08009030   0x0000001c   Code   RO         6228    i.getBLE_ATTRIBUTE_TYPE_Size  Rafael_BLE_MM32F032xx_s.lib(rffunction.o)
    0x0800904c   0x0800904c   0x00000020   Code   RO         6229    i.getBLE_ATTRIBUTE_Value_DynmcLngth  Rafael_BLE_MM32F032xx_s.lib(rffunction.o)
    0x0800906c   0x0800906c   0x00000014   Code   RO         6230    i.getBLE_CmdTimerEvent  Rafael_BLE_MM32F032xx_s.lib(rffunction.o)
    0x08009080   0x08009080   0x00000080   Code   RO         6231    i.initBLE_AttServParamter  Rafael_BLE_MM32F032xx_s.lib(rffunction.o)
    0x08009100   0x08009100   0x00000040   Code   RO         5918    i.initBLEsmp        Rafael_BLE_MM32F032xx_s.lib(mmi.o)
    0x08009140   0x08009140   0x00000038   Code   RO         5919    i.initBLEsmp_Re     Rafael_BLE_MM32F032xx_s.lib(mmi.o)
    0x08009178   0x08009178   0x0000001c   Code   RO         5920    i.initBLEsw         Rafael_BLE_MM32F032xx_s.lib(mmi.o)
    0x08009194   0x08009194   0x00000014   Code   RO         4007    i.initBleDeviceParam  Rafael_BLE_MM32F032xx_s.lib(host.o)
    0x080091a8   0x080091a8   0x00000034   Code   RO         5592    i.initHCI           Rafael_BLE_MM32F032xx_s.lib(hci.o)
    0x080091dc   0x080091dc   0x00000014   Code   RO         5210    i.initInt           Rafael_BLE_MM32F032xx_s.lib(rf_phy.o)
    0x080091f0   0x080091f0   0x0000000c   Code   RO         5819    i.initL2CAP         Rafael_BLE_MM32F032xx_s.lib(l2cap.o)
    0x080091fc   0x080091fc   0x000000dc   Code   RO         4506    i.initLL            Rafael_BLE_MM32F032xx_s.lib(ll.o)
    0x080092d8   0x080092d8   0x0000000c   Code   RO         5593    i.initLLCallBack    Rafael_BLE_MM32F032xx_s.lib(hci.o)
    0x080092e4   0x080092e4   0x00000018   Code   RO         6232    i.init_q_att_HDL_PreWr  Rafael_BLE_MM32F032xx_s.lib(rffunction.o)
    0x080092fc   0x080092fc   0x000000e4   Code   RO           76    i.main              main.o
    0x080093e0   0x080093e0   0x00000064   Code   RO         5211    i.rafael_pll_bank_get  Rafael_BLE_MM32F032xx_s.lib(rf_phy.o)
    0x08009444   0x08009444   0x00000128   Code   RO         5212    i.rafael_pll_calibration  Rafael_BLE_MM32F032xx_s.lib(rf_phy.o)
    0x0800956c   0x0800956c   0x00000038   Code   RO         5213    i.rafael_reset_phy_fsm  Rafael_BLE_MM32F032xx_s.lib(rf_phy.o)
    0x080095a4   0x080095a4   0x00000030   Code   RO         5214    i.rafael_reset_phy_fsm_Isr  Rafael_BLE_MM32F032xx_s.lib(rf_phy.o)
    0x080095d4   0x080095d4   0x0000001c   Code   RO         5215    i.rafael_spi_clear_fifo  Rafael_BLE_MM32F032xx_s.lib(rf_phy.o)
    0x080095f0   0x080095f0   0x0000001c   Code   RO         5216    i.rafael_spi_clear_tx_fifo_cnt  Rafael_BLE_MM32F032xx_s.lib(rf_phy.o)
    0x0800960c   0x0800960c   0x00000030   Code   RO         3647    i.setBLE_AdvData    Rafael_BLE_MM32F032xx_s.lib(ble_cmd.o)
    0x0800963c   0x0800963c   0x00000022   Code   RO         3649    i.setBLE_AdvEnable  Rafael_BLE_MM32F032xx_s.lib(ble_cmd.o)
    0x0800965e   0x0800965e   0x00000002   PAD
    0x08009660   0x08009660   0x0000007c   Code   RO         3650    i.setBLE_AdvParam   Rafael_BLE_MM32F032xx_s.lib(ble_cmd.o)
    0x080096dc   0x080096dc   0x00000060   Code   RO         3651    i.setBLE_BleDeviceAddr  Rafael_BLE_MM32F032xx_s.lib(ble_cmd.o)
    0x0800973c   0x0800973c   0x00000030   Code   RO         6233    i.setBLE_CmdTimer   Rafael_BLE_MM32F032xx_s.lib(rffunction.o)
    0x0800976c   0x0800976c   0x0000000e   Code   RO         6234    i.setBLE_ConnTxData  Rafael_BLE_MM32F032xx_s.lib(rffunction.o)
    0x0800977a   0x0800977a   0x00000030   Code   RO         6235    i.setBLE_ConnTxData_ATT_ERROR_RESPONSE  Rafael_BLE_MM32F032xx_s.lib(rffunction.o)
    0x080097aa   0x080097aa   0x0000003e   Code   RO         6236    i.setBLE_ConnTxData_SMP  Rafael_BLE_MM32F032xx_s.lib(rffunction.o)
    0x080097e8   0x080097e8   0x0000003e   Code   RO         6237    i.setBLE_ConnTxData_SMP_Isr  Rafael_BLE_MM32F032xx_s.lib(rffunction.o)
    0x08009826   0x08009826   0x00000014   Code   RO         3658    i.setBLE_Pairing_PassKey  Rafael_BLE_MM32F032xx_s.lib(ble_cmd.o)
    0x0800983a   0x0800983a   0x00000002   PAD
    0x0800983c   0x0800983c   0x00000018   Code   RO         3963    i.setBLE_RegisterBleEvent  Rafael_BLE_MM32F032xx_s.lib(ble_event.o)
    0x08009854   0x08009854   0x00000030   Code   RO         3664    i.setBLE_ScanRspData  Rafael_BLE_MM32F032xx_s.lib(ble_cmd.o)
    0x08009884   0x08009884   0x00000020   Code   RO         5217    i.setChannel_BLE    Rafael_BLE_MM32F032xx_s.lib(rf_phy.o)
    0x080098a4   0x080098a4   0x0000000c   Code   RO         5218    i.smpAES_En         Rafael_BLE_MM32F032xx_s.lib(rf_phy.o)
    0x080098b0   0x080098b0   0x00000048   Code   RO         5219    i.smpAES_inInv      Rafael_BLE_MM32F032xx_s.lib(rf_phy.o)
    0x080098f8   0x080098f8   0x00000018   Code   RO         5220    i.smpAES_in_PlainText  Rafael_BLE_MM32F032xx_s.lib(rf_phy.o)
    0x08009910   0x08009910   0x0000000e   Code   RO         5221    i.smpAES_in_key     Rafael_BLE_MM32F032xx_s.lib(rf_phy.o)
    0x0800991e   0x0800991e   0x00000022   Code   RO         5222    i.smpAES_out        Rafael_BLE_MM32F032xx_s.lib(rf_phy.o)
    0x08009940   0x08009940   0x00000030   Code   RO         5223    i.smpAES_outInv     Rafael_BLE_MM32F032xx_s.lib(rf_phy.o)
    0x08009970   0x08009970   0x000000c4   Code   RO         6238    i.smpC1             Rafael_BLE_MM32F032xx_s.lib(rffunction.o)
    0x08009a34   0x08009a34   0x00000018   Code   RO         6239    i.smpPasskey_init   Rafael_BLE_MM32F032xx_s.lib(rffunction.o)
    0x08009a4c   0x08009a4c   0x0000002c   Code   RO         6240    i.smpPasskey_set    Rafael_BLE_MM32F032xx_s.lib(rffunction.o)
    0x08009a78   0x08009a78   0x0000002c   Code   RO         6241    i.smpS1             Rafael_BLE_MM32F032xx_s.lib(rffunction.o)
    0x08009aa4   0x08009aa4   0x000000f0   Code   RO          669    i.spiGpioWriteReg   porting_misc.o
    0x08009b94   0x08009b94   0x00000008   Code   RO          267    i.trspx_receive_data_callback  user.o
    0x08009b9c   0x08009b9c   0x00000024   Code   RO          268    i.trspx_send        user.o
    0x08009bc0   0x08009bc0   0x0000001d   Data   RO          270    .constdata          user.o
    0x08009bdd   0x08009bdd   0x00000003   PAD
    0x08009be0   0x08009be0   0x00000008   Data   RO          431    .constdata          spi.o
    0x08009be8   0x08009be8   0x00000016   Data   RO          729    .constdata          porting_spi.o
    0x08009bfe   0x08009bfe   0x00000007   Data   RO         3488    .constdata          profile_tab.o
    0x08009c05   0x08009c05   0x00000007   Data   RO         3489    .constdata          profile_tab.o
    0x08009c0c   0x08009c0c   0x0000000a   Data   RO         3490    .constdata          profile_tab.o
    0x08009c16   0x08009c16   0x0000000d   Data   RO         3491    .constdata          profile_tab.o
    0x08009c23   0x08009c23   0x0000000a   Data   RO         3492    .constdata          profile_tab.o
    0x08009c2d   0x08009c2d   0x00000007   Data   RO         3493    .constdata          profile_tab.o
    0x08009c34   0x08009c34   0x0000000a   Data   RO         3494    .constdata          profile_tab.o
    0x08009c3e   0x08009c3e   0x0000000b   Data   RO         3495    .constdata          profile_tab.o
    0x08009c49   0x08009c49   0x0000000a   Data   RO         3496    .constdata          profile_tab.o
    0x08009c53   0x08009c53   0x00000006   Data   RO         3497    .constdata          profile_tab.o
    0x08009c59   0x08009c59   0x0000000a   Data   RO         3498    .constdata          profile_tab.o
    0x08009c63   0x08009c63   0x0000000d   Data   RO         3499    .constdata          profile_tab.o
    0x08009c70   0x08009c70   0x00000007   Data   RO         3500    .constdata          profile_tab.o
    0x08009c77   0x08009c77   0x0000000a   Data   RO         3501    .constdata          profile_tab.o
    0x08009c81   0x08009c81   0x00000009   Data   RO         3502    .constdata          profile_tab.o
    0x08009c8a   0x08009c8a   0x00000007   Data   RO         3503    .constdata          profile_tab.o
    0x08009c91   0x08009c91   0x00000007   Data   RO         3504    .constdata          profile_tab.o
    0x08009c98   0x08009c98   0x0000000a   Data   RO         3505    .constdata          profile_tab.o
    0x08009ca2   0x08009ca2   0x00000009   Data   RO         3506    .constdata          profile_tab.o
    0x08009cab   0x08009cab   0x0000000c   Data   RO         3507    .constdata          profile_tab.o
    0x08009cb7   0x08009cb7   0x0000000a   Data   RO         3508    .constdata          profile_tab.o
    0x08009cc1   0x08009cc1   0x0000000b   Data   RO         3509    .constdata          profile_tab.o
    0x08009ccc   0x08009ccc   0x0000000c   Data   RO         3510    .constdata          profile_tab.o
    0x08009cd8   0x08009cd8   0x0000000a   Data   RO         3511    .constdata          profile_tab.o
    0x08009ce2   0x08009ce2   0x0000000d   Data   RO         3512    .constdata          profile_tab.o
    0x08009cef   0x08009cef   0x0000000a   Data   RO         3513    .constdata          profile_tab.o
    0x08009cf9   0x08009cf9   0x00000009   Data   RO         3514    .constdata          profile_tab.o
    0x08009d02   0x08009d02   0x0000000c   Data   RO         3515    .constdata          profile_tab.o
    0x08009d0e   0x08009d0e   0x0000000a   Data   RO         3516    .constdata          profile_tab.o
    0x08009d18   0x08009d18   0x0000000b   Data   RO         3517    .constdata          profile_tab.o
    0x08009d23   0x08009d23   0x0000000c   Data   RO         3518    .constdata          profile_tab.o
    0x08009d2f   0x08009d2f   0x0000000a   Data   RO         3519    .constdata          profile_tab.o
    0x08009d39   0x08009d39   0x00000008   Data   RO         3520    .constdata          profile_tab.o
    0x08009d41   0x08009d41   0x0000000c   Data   RO         3521    .constdata          profile_tab.o
    0x08009d4d   0x08009d4d   0x0000000a   Data   RO         3522    .constdata          profile_tab.o
    0x08009d57   0x08009d57   0x00000009   Data   RO         3523    .constdata          profile_tab.o
    0x08009d60   0x08009d60   0x0000000c   Data   RO         3524    .constdata          profile_tab.o
    0x08009d6c   0x08009d6c   0x0000000a   Data   RO         3525    .constdata          profile_tab.o
    0x08009d76   0x08009d76   0x0000000c   Data   RO         3526    .constdata          profile_tab.o
    0x08009d82   0x08009d82   0x00000015   Data   RO         3527    .constdata          profile_tab.o
    0x08009d97   0x08009d97   0x00000018   Data   RO         3528    .constdata          profile_tab.o
    0x08009daf   0x08009daf   0x00000027   Data   RO         3529    .constdata          profile_tab.o
    0x08009dd6   0x08009dd6   0x0000000a   Data   RO         3530    .constdata          profile_tab.o
    0x08009de0   0x08009de0   0x00000019   Data   RO         3531    .constdata          profile_tab.o
    0x08009df9   0x08009df9   0x00000007   Data   RO         3532    .constdata          profile_tab.o
    0x08009e00   0x08009e00   0x00000018   Data   RO         3533    .constdata          profile_tab.o
    0x08009e18   0x08009e18   0x00000040   Data   RO         3534    .constdata          profile_tab.o
    0x08009e58   0x08009e58   0x00000002   Data   RO         3535    .constdata          profile_tab.o
    0x08009e5a   0x08009e5a   0x00000002   Data   RO         3536    .constdata          profile_tab.o
    0x08009e5c   0x08009e5c   0x00000002   Data   RO         3539    .constdata          profile_tab.o
    0x08009e5e   0x08009e5e   0x00000002   Data   RO         3542    .constdata          profile_tab.o
    0x08009e60   0x08009e60   0x00000002   Data   RO         3543    .constdata          profile_tab.o
    0x08009e62   0x08009e62   0x00000002   Data   RO         3544    .constdata          profile_tab.o
    0x08009e64   0x08009e64   0x00000002   Data   RO         3545    .constdata          profile_tab.o
    0x08009e66   0x08009e66   0x00000002   Data   RO         3546    .constdata          profile_tab.o
    0x08009e68   0x08009e68   0x00000002   Data   RO         3547    .constdata          profile_tab.o
    0x08009e6a   0x08009e6a   0x00000002   Data   RO         3548    .constdata          profile_tab.o
    0x08009e6c   0x08009e6c   0x00000002   Data   RO         3549    .constdata          profile_tab.o
    0x08009e6e   0x08009e6e   0x00000002   Data   RO         3550    .constdata          profile_tab.o
    0x08009e70   0x08009e70   0x00000002   Data   RO         3551    .constdata          profile_tab.o
    0x08009e72   0x08009e72   0x00000002   Data   RO         3552    .constdata          profile_tab.o
    0x08009e74   0x08009e74   0x00000002   Data   RO         3553    .constdata          profile_tab.o
    0x08009e76   0x08009e76   0x00000002   Data   RO         3554    .constdata          profile_tab.o
    0x08009e78   0x08009e78   0x00000002   Data   RO         3555    .constdata          profile_tab.o
    0x08009e7a   0x08009e7a   0x00000002   Data   RO         3556    .constdata          profile_tab.o
    0x08009e7c   0x08009e7c   0x00000002   Data   RO         3557    .constdata          profile_tab.o
    0x08009e7e   0x08009e7e   0x00000002   Data   RO         3558    .constdata          profile_tab.o
    0x08009e80   0x08009e80   0x00000002   Data   RO         3559    .constdata          profile_tab.o
    0x08009e82   0x08009e82   0x00000002   Data   RO         3560    .constdata          profile_tab.o
    0x08009e84   0x08009e84   0x00000002   Data   RO         3561    .constdata          profile_tab.o
    0x08009e86   0x08009e86   0x00000002   PAD
    0x08009e88   0x08009e88   0x000000bc   Data   RO         3562    .constdata          profile_tab.o
    0x08009f44   0x08009f44   0x000000bc   Data   RO         3563    .constdata          profile_tab.o
    0x0800a000   0x0800a000   0x0000000c   Data   RO         4009    .constdata          Rafael_BLE_MM32F032xx_s.lib(host.o)
    0x0800a00c   0x0800a00c   0x0000030c   Data   RO         4511    .constdata          Rafael_BLE_MM32F032xx_s.lib(ll.o)
    0x0800a318   0x0800a318   0x0000003b   Data   RO         5226    .constdata          Rafael_BLE_MM32F032xx_s.lib(rf_phy.o)
    0x0800a353   0x0800a353   0x00000011   Data   RO         5227    .constdata          Rafael_BLE_MM32F032xx_s.lib(rf_phy.o)
    0x0800a364   0x0800a364   0x0000006c   Data   RO         5595    .constdata          Rafael_BLE_MM32F032xx_s.lib(hci.o)
    0x0800a3d0   0x0800a3d0   0x00000040   Data   RO         5596    .constdata          Rafael_BLE_MM32F032xx_s.lib(hci.o)
    0x0800a410   0x0800a410   0x00000008   Data   RO         5597    .constdata          Rafael_BLE_MM32F032xx_s.lib(hci.o)
    0x0800a418   0x0800a418   0x00000004   Data   RO         5821    .constdata          Rafael_BLE_MM32F032xx_s.lib(l2cap.o)
    0x0800a41c   0x0800a41c   0x000000ac   Data   RO         5921    .constdata          Rafael_BLE_MM32F032xx_s.lib(mmi.o)
    0x0800a4c8   0x0800a4c8   0x0000001c   Data   RO         5922    .constdata          Rafael_BLE_MM32F032xx_s.lib(mmi.o)
    0x0800a4e4   0x0800a4e4   0x00000010   Data   RO         6252    .constdata          Rafael_BLE_MM32F032xx_s.lib(rffunction.o)
    0x0800a4f4   0x0800a4f4   0x0000004b   Data   RO          271    .conststring        user.o
    0x0800a53f   0x0800a53f   0x00000001   PAD
    0x0800a540   0x0800a540   0x00000020   Data   RO         6716    Region$$Table       anon$$obj.o


    Execution Region RW_IRAM1 (Exec base: 0x20000000, Load base: 0x0800a560, Size: 0x00001ec8, Max: 0x00004000, ABSOLUTE, COMPRESSED[0x00000304])

    Exec Addr    Load Addr    Size         Type   Attr      Idx    E Section Name        Object

    0x20000000   COMPRESSED   0x00000014   Data   RW           78    .data               main.o
    0x20000014   COMPRESSED   0x00000004   Data   RW          272    .data               user.o
    0x20000018   COMPRESSED   0x00000002   Data   RW          432    .data               spi.o
    0x2000001a   COMPRESSED   0x00000002   PAD
    0x2000001c   COMPRESSED   0x00000004   Data   RW          520    .data               systick.o
    0x20000020   COMPRESSED   0x00000004   Data   RW          573    .data               uart.o
    0x20000024   COMPRESSED   0x00000010   Data   RW         2105    .data               hal_rcc.o
    0x20000034   COMPRESSED   0x00000008   Data   RW         3564    .data               profile_tab.o
    0x2000003c   COMPRESSED   0x00000006   Data   RW         3565    .data               profile_tab.o
    0x20000042   COMPRESSED   0x00000004   Data   RW         3566    .data               profile_tab.o
    0x20000046   COMPRESSED   0x00000002   Data   RW         3567    .data               profile_tab.o
    0x20000048   COMPRESSED   0x00000014   Data   RW         3568    .data               profile_tab.o
    0x2000005c   COMPRESSED   0x00000002   Data   RW         3569    .data               profile_tab.o
    0x2000005e   COMPRESSED   0x0000002e   Data   RW         3570    .data               profile_tab.o
    0x2000008c   COMPRESSED   0x000000bc   Data   RW         3571    .data               profile_tab.o
    0x20000148   COMPRESSED   0x000000bc   Data   RW         3572    .data               profile_tab.o
    0x20000204   COMPRESSED   0x000000bc   Data   RW         3573    .data               profile_tab.o
    0x200002c0   COMPRESSED   0x00000001   Data   RW         3574    .data               profile_tab.o
    0x200002c1   COMPRESSED   0x00000003   PAD
    0x200002c4   COMPRESSED   0x00000004   Data   RW         3964    .data               Rafael_BLE_MM32F032xx_s.lib(ble_event.o)
    0x200002c8   COMPRESSED   0x00000007   Data   RW         4010    .data               Rafael_BLE_MM32F032xx_s.lib(host.o)
    0x200002cf   COMPRESSED   0x00000008   Data   RW         4011    .data               Rafael_BLE_MM32F032xx_s.lib(host.o)
    0x200002d7   COMPRESSED   0x00000001   PAD
    0x200002d8   COMPRESSED   0x00000008   Data   RW         4141    .data               Rafael_BLE_MM32F032xx_s.lib(kernel.o)
    0x200002e0   COMPRESSED   0x00000058   Data   RW         4513    .data               Rafael_BLE_MM32F032xx_s.lib(ll.o)
    0x20000338   COMPRESSED   0x00000110   Data   RW         5231    .data               Rafael_BLE_MM32F032xx_s.lib(rf_phy.o)
    0x20000448   COMPRESSED   0x0000000d   Data   RW         5598    .data               Rafael_BLE_MM32F032xx_s.lib(hci.o)
    0x20000455   COMPRESSED   0x00000001   Data   RW         5923    .data               Rafael_BLE_MM32F032xx_s.lib(mmi.o)
    0x20000456   COMPRESSED   0x00000010   Data   RW         6253    .data               Rafael_BLE_MM32F032xx_s.lib(rffunction.o)
    0x20000466   COMPRESSED   0x0000000b   Data   RW         6254    .data               Rafael_BLE_MM32F032xx_s.lib(rffunction.o)
    0x20000471   COMPRESSED   0x00000010   Data   RW         6257    .data               Rafael_BLE_MM32F032xx_s.lib(rffunction.o)
    0x20000481   COMPRESSED   0x00000002   Data   RW         6258    .data               Rafael_BLE_MM32F032xx_s.lib(rffunction.o)
    0x20000483   COMPRESSED   0x00000008   Data   RW         6259    .data               Rafael_BLE_MM32F032xx_s.lib(rffunction.o)
    0x2000048b   COMPRESSED   0x00000010   Data   RW         6260    .data               Rafael_BLE_MM32F032xx_s.lib(rffunction.o)
    0x2000049b   COMPRESSED   0x00000010   Data   RW         6261    .data               Rafael_BLE_MM32F032xx_s.lib(rffunction.o)
    0x200004ab   COMPRESSED   0x00000019   Data   RW         6262    .data               Rafael_BLE_MM32F032xx_s.lib(rffunction.o)
    0x200004c4   COMPRESSED   0x00000001   Data   RW         6263    .data               Rafael_BLE_MM32F032xx_s.lib(rffunction.o)
    0x200004c5   COMPRESSED   0x00000007   Data   RW         6265    .data               Rafael_BLE_MM32F032xx_s.lib(rffunction.o)
    0x200004cc   COMPRESSED   0x00000001   Data   RW         6266    .data               Rafael_BLE_MM32F032xx_s.lib(rffunction.o)
    0x200004cd   COMPRESSED   0x00000001   Data   RW         6267    .data               Rafael_BLE_MM32F032xx_s.lib(rffunction.o)
    0x200004ce   COMPRESSED   0x00000008   Data   RW         6268    .data               Rafael_BLE_MM32F032xx_s.lib(rffunction.o)
    0x200004d6   COMPRESSED   0x00000002   Data   RW         6269    .data               Rafael_BLE_MM32F032xx_s.lib(rffunction.o)
    0x200004d8   COMPRESSED   0x00000008   Data   RW         6272    .data               Rafael_BLE_MM32F032xx_s.lib(rffunction.o)
    0x200004e0   COMPRESSED   0x00000004   Data   RW         6690    .data               mc_p.l(stdout.o)
    0x200004e4        -       0x00000028   Zero   RW          269    .bss                user.o
    0x2000050c        -       0x00000064   Zero   RW          570    .bss                uart.o
    0x20000570        -       0x00000c58   Zero   RW         4140    .bss                Rafael_BLE_MM32F032xx_s.lib(kernel.o)
    0x200011c8        -       0x000004fc   Zero   RW         4510    .bss                Rafael_BLE_MM32F032xx_s.lib(ll.o)
    0x200016c4        -       0x00000036   Zero   RW         5225    .bss                Rafael_BLE_MM32F032xx_s.lib(rf_phy.o)
    0x200016fa        -       0x000000fc   Zero   RW         5820    .bss                Rafael_BLE_MM32F032xx_s.lib(l2cap.o)
    0x200017f6   COMPRESSED   0x00000002   PAD
    0x200017f8        -       0x00000248   Zero   RW         6243    .bss                Rafael_BLE_MM32F032xx_s.lib(rffunction.o)
    0x20001a40        -       0x00000010   Zero   RW         6244    .bss                Rafael_BLE_MM32F032xx_s.lib(rffunction.o)
    0x20001a50        -       0x00000010   Zero   RW         6245    .bss                Rafael_BLE_MM32F032xx_s.lib(rffunction.o)
    0x20001a60        -       0x00000010   Zero   RW         6246    .bss                Rafael_BLE_MM32F032xx_s.lib(rffunction.o)
    0x20001a70        -       0x00000010   Zero   RW         6247    .bss                Rafael_BLE_MM32F032xx_s.lib(rffunction.o)
    0x20001a80        -       0x00000010   Zero   RW         6248    .bss                Rafael_BLE_MM32F032xx_s.lib(rffunction.o)
    0x20001a90        -       0x0000000a   Zero   RW         6249    .bss                Rafael_BLE_MM32F032xx_s.lib(rffunction.o)
    0x20001a9a        -       0x0000002a   Zero   RW         6251    .bss                Rafael_BLE_MM32F032xx_s.lib(rffunction.o)
    0x20001ac4   COMPRESSED   0x00000004   PAD
    0x20001ac8        -       0x00000400   Zero   RW           66    STACK               startup_mm32f032xx_s_keil.o


==============================================================================

Image component sizes


      Code (inc. data)   RO Data    RW Data    ZI Data      Debug   Object Name

       238         26          0          0          0       9461   hal_dma.o
       200         28          0          0          0       6315   hal_exti.o
       200          0          0          0          0       7093   hal_gpio.o
        80         10          0          0          0       2408   hal_misc.o
       240         60          0         16          0       8276   hal_rcc.o
       242          0          0          0          0       7926   hal_spi.o
       208          4          0          0          0       7984   hal_uart.o
       332         88          0         20          0     145386   main.o
        18          0          0          0          0       1075   porting_lltimer.o
       664         24          0          0          0       5225   porting_misc.o
       800         46         22          0          0       6911   porting_spi.o
        22          0       1024        653          0      13601   profile_tab.o
      1298         88          8          2          0       7638   spi.o
        88         38        192          0       1024        820   startup_mm32f032xx_s_keil.o
       292         30          0          0          0     132977   system_mm32f032xx_s.o
       176         24          0          4          0       8808   systick.o
       668         44          0          4        100       6321   uart.o
       542        234        104          4         40      25733   user.o

    ----------------------------------------------------------------------
      6324        744       1388        708       1164     403958   Object Totals
         0          0         32          0          0          0   (incl. Generated)
        16          0          6          5          0          0   (incl. Padding)

    ----------------------------------------------------------------------

      Code (inc. data)   RO Data    RW Data    ZI Data      Debug   Library Member Name

       370         12          0          0          0      33883   ble_cmd.o
       536         36          0          4          0      22269   ble_event.o
      1378        288        180         13          0      70045   hci.o
       206         30         12         15          0      42077   host.o
      1126        104          0          8       3160      18468   kernel.o
        82         16          4          0        252       4102   l2cap.o
     19388       1216        780         88       1276     131230   ll.o
      5096        550        200          1          0      39691   mmi.o
      2358        258         76        272         54      52141   rf_phy.o
      1170        118         16        138        716      27279   rffunction.o
        86          0          0          0          0          0   __dczerorl2.o
         0          0          0          0          0          0   entry.o
         0          0          0          0          0          0   entry10a.o
         0          0          0          0          0          0   entry11a.o
         8          4          0          0          0          0   entry2.o
         4          0          0          0          0          0   entry5.o
         0          0          0          0          0          0   entry7b.o
         0          0          0          0          0          0   entry8b.o
         8          4          0          0          0          0   entry9a.o
        30          0          0          0          0          0   handlers.o
        40          0          0          0          0         72   idiv.o
        36          8          0          0          0         68   init.o
        32          0          0          0          0         68   llshl.o
        34          0          0          0          0         68   llushr.o
        36          0          0          0          0        100   memseta.o
      1172         52          0          0          0        324   printf8.o
         0          0          0          4          0          0   stdout.o
        44          0          0          0          0         72   uidiv.o
        96          0          0          0          0         84   uldiv.o

    ----------------------------------------------------------------------
     33356       2696       1268        544       5464     442041   Library Totals
        20          0          0          1          6          0   (incl. Padding)

    ----------------------------------------------------------------------

      Code (inc. data)   RO Data    RW Data    ZI Data      Debug   Library Name

     31710       2628       1268        539       5458     441185   Rafael_BLE_MM32F032xx_s.lib
      1626         68          0          4          0        856   mc_p.l

    ----------------------------------------------------------------------
     33356       2696       1268        544       5464     442041   Library Totals

    ----------------------------------------------------------------------

==============================================================================


      Code (inc. data)   RO Data    RW Data    ZI Data      Debug   

     39680       3440       2656       1252       6628     827911   Grand Totals
     39680       3440       2656        772       6628     827911   ELF Image Totals (compressed)
     39680       3440       2656        772          0          0   ROM Totals

==============================================================================

    Total RO  Size (Code + RO Data)                42336 (  41.34kB)
    Total RW  Size (RW Data + ZI Data)              7880 (   7.70kB)
    Total ROM Size (Code + RO Data + RW Data)      43108 (  42.10kB)

==============================================================================

