Component: ARM Compiler 5.06 update 6 (build 750) Tool: armlink [4d35ed]

==============================================================================

Section Cross References

    system_mm32f032xx_s.o(i.AutoCalPllFactor) refers to uidiv.o(.text) for __aeabi_uidivmod
    system_mm32f032xx_s.o(i.SystemInit) refers to system_mm32f032xx_s.o(i.SetSysClockTo48) for SetSysClockTo48
    startup_mm32f032xx_s_keil.o(RESET) refers to startup_mm32f032xx_s_keil.o(STACK) for __initial_sp
    startup_mm32f032xx_s_keil.o(RESET) refers to startup_mm32f032xx_s_keil.o(.text) for Reset_Handler
    startup_mm32f032xx_s_keil.o(RESET) refers to systick.o(i.SysTick_Handler) for SysTick_Handler
    startup_mm32f032xx_s_keil.o(RESET) refers to porting_misc.o(i.EXTI4_15_IRQHandler) for EXTI4_15_IRQHandler
    startup_mm32f032xx_s_keil.o(RESET) refers to spi.o(i.DMA1_Channel2_3_IRQHandler) for DMA1_Channel2_3_IRQHandler
    startup_mm32f032xx_s_keil.o(RESET) refers to spi.o(i.DMA1_Channel4_5_IRQHandler) for DMA1_Channel4_5_IRQHandler
    startup_mm32f032xx_s_keil.o(.text) refers to startup_mm32f032xx_s_keil.o(STACK) for __initial_sp
    startup_mm32f032xx_s_keil.o(.text) refers to system_mm32f032xx_s.o(i.SystemInit) for SystemInit
    startup_mm32f032xx_s_keil.o(.text) refers to entry.o(.ARM.Collect$$$$00000000) for __main
    main.o(i.RF_Open) refers to systick.o(i.SysTick_DelayMs) for SysTick_DelayMs
    main.o(i.RF_Open) refers to hal_rcc.o(i.RCC_AHBPeriphClockCmd) for RCC_AHBPeriphClockCmd
    main.o(i.RF_Open) refers to hal_gpio.o(i.GPIO_StructInit) for GPIO_StructInit
    main.o(i.RF_Open) refers to hal_gpio.o(i.GPIO_Init) for GPIO_Init
    main.o(i.RF_Open) refers to hal_gpio.o(i.GPIO_SetBits) for GPIO_SetBits
    main.o(i.RF_Open) refers to hal_gpio.o(i.GPIO_ResetBits) for GPIO_ResetBits
    main.o(i.RF_Open) refers to porting_misc.o(i.RF_SpiIoMapping) for RF_SpiIoMapping
    main.o(i.RF_Open) refers to rf_phy.o(i.RF_Init) for RF_Init
    main.o(i.main) refers to systick.o(i.SysTick_Init) for SysTick_Init
    main.o(i.main) refers to uart.o(i.UARTx_Configure) for UARTx_Configure
    main.o(i.main) refers to main.o(i.RF_Open) for RF_Open
    main.o(i.main) refers to printf8.o(i.__0printf$8) for __2printf
    main.o(i.main) refers to rf_phy.o(i.ChipId_Get) for ChipId_Get
    main.o(i.main) refers to ble_cmd.o(i.setBLE_BleDeviceAddr) for setBLE_BleDeviceAddr
    main.o(i.main) refers to user.o(i.BleApp_Init) for BleApp_Init
    main.o(i.main) refers to kernel.o(i.Ble_Kernel_Root) for Ble_Kernel_Root
    main.o(i.main) refers to user.o(i.BleApp_Main) for BleApp_Main
    user.o(i.BleApp_Init) refers to ble_event.o(i.setBLE_RegisterBleEvent) for setBLE_RegisterBleEvent
    user.o(i.BleApp_Init) refers to user.o(i.BleEvent_Callback) for BleEvent_Callback
    user.o(i.BleApp_Main) refers to rf_phy.o(i.LLTimeline_Get) for LLTimeline_Get
    user.o(i.BleApp_Main) refers to user.o(i.Ble_Slave_StartADV) for Ble_Slave_StartADV
    user.o(i.BleApp_Main) refers to host.o(i.ATT_HDL_Notify) for ATT_HDL_Notify
    user.o(i.BleApp_Main) refers to user.o(.data) for .data
    user.o(i.BleApp_Main) refers to profile_tab.o(.data) for att_HDL_HRS_HEART_RATE_MEASUREMENT
    user.o(i.BleApp_Main) refers to profile_tab.o(.data) for att_HDL_HRS_CLIENT_CHARACTERISTIC_CONFIGURATION
    user.o(i.BleApp_Main) refers to profile_tab.o(.constdata) for ATT_HDL_HRS_HEART_RATE_MEASUREMENT_INIT
    user.o(i.BleEvent_Callback) refers to kernel.o(i.__ARM_common_switch8) for __ARM_common_switch8
    user.o(i.BleEvent_Callback) refers to printf8.o(i.__0printf$8) for __2printf
    user.o(i.BleEvent_Callback) refers to ble_cmd.o(i.setBLE_Pairing_PassKey) for setBLE_Pairing_PassKey
    user.o(i.BleEvent_Callback) refers to user.o(.data) for .data
    user.o(i.BleEvent_Callback) refers to user.o(.conststring) for .conststring
    user.o(i.Ble_Initial) refers to user.o(i.Ble_Slave_StartADV) for Ble_Slave_StartADV
    user.o(i.Ble_Initial) refers to user.o(i.Ble_Master_Init) for Ble_Master_Init
    user.o(i.Ble_Master_Init) refers to ble_cmd.o(i.setBLE_ConnCreate) for setBLE_ConnCreate
    user.o(i.Ble_Master_Init) refers to user.o(.constdata) for .constdata
    user.o(i.Ble_Slave_AdvInit) refers to ble_cmd.o(i.setBLE_AdvParam) for setBLE_AdvParam
    user.o(i.Ble_Slave_StartADV) refers to user.o(i.Ble_Slave_AdvInit) for Ble_Slave_AdvInit
    user.o(i.Ble_Slave_StartADV) refers to ble_cmd.o(i.setBLE_AdvData) for setBLE_AdvData
    user.o(i.Ble_Slave_StartADV) refers to ble_cmd.o(i.setBLE_ScanRspData) for setBLE_ScanRspData
    user.o(i.Ble_Slave_StartADV) refers to ble_cmd.o(i.setBLE_AdvEnable) for setBLE_AdvEnable
    user.o(i.Ble_Slave_StartADV) refers to user.o(.constdata) for .constdata
    spi.o(i.DMA1_Channel2_3_IRQHandler) refers to hal_dma.o(i.DMA_GetITStatus) for DMA_GetITStatus
    spi.o(i.DMA1_Channel2_3_IRQHandler) refers to hal_dma.o(i.DMA_ClearITPendingBit) for DMA_ClearITPendingBit
    spi.o(i.DMA1_Channel2_3_IRQHandler) refers to spi.o(.data) for .data
[...]
    ATT_PERMISSION_HDL_GATT_SERVICE_CHANGED_INIT 0x0800955d   Data           2  profile_tab.o(.constdata)
    ATT_PERMISSION_HDL_GATT_CLIENT_CHARACTERISTIC_CONFIGURATION_INIT 0x0800955f   Data           2  profile_tab.o(.constdata)
    ATT_PERMISSION_HDL_DIS_SERIAL_NUMBER_STRING 0x08009561   Data           2  profile_tab.o(.constdata)
    ATT_PERMISSION_HDL_DIS_MANUFACTURER_NAME_STRING 0x08009563   Data           2  profile_tab.o(.constdata)
    ATT_PERMISSION_HDL_DIS_SYSTEM_ID         0x08009565   Data           2  profile_tab.o(.constdata)
    ATT_PERMISSION_HDL_DIS_FIRMWARE_REVISION_STRING 0x08009567   Data           2  profile_tab.o(.constdata)
    ATT_PERMISSION_HDL_DIS_MODEL_NUMBER_STRING 0x08009569   Data           2  profile_tab.o(.constdata)
    ATT_PERMISSION_HDL_DIS_HARDWARE_REVISION_STRING 0x0800956b   Data           2  profile_tab.o(.constdata)
    ATT_PERMISSION_HDL_DIS_SOFTWARE_REVISION_STRING 0x0800956d   Data           2  profile_tab.o(.constdata)
    ATT_PERMISSION_HDL_DIS_PNP_ID            0x0800956f   Data           2  profile_tab.o(.constdata)
    ATT_PERMISSION_HDL_HRS_HEART_RATE_MEASUREMENT_INIT 0x08009571   Data           2  profile_tab.o(.constdata)
    ATT_PERMISSION_HDL_HRS_CLIENT_CHARACTERISTIC_CONFIGURATION_INIT 0x08009573   Data           2  profile_tab.o(.constdata)
    ATT_PERMISSION_HDL_HRS_BODY_SENSOR_LOCATION_INIT 0x08009575   Data           2  profile_tab.o(.constdata)
    ATT_Write                                0x08009578   Data         180  profile_tab.o(.constdata)
    ATT_Read                                 0x0800962c   Data         180  profile_tab.o(.constdata)
    HS_fsm                                   0x080096e0   Data          12  host.o(.constdata)
    LL_DEFAULT_PHY                           0x080096ec   Data           4  ll.o(.constdata)
    CH_ADV_SEL_TABLE                         0x080096f0   Data           4  ll.o(.constdata)
    LL_ACK_FLOW_RE_TO                        0x080096f4   Data           4  ll.o(.constdata)
    LL_CHMAP_DEFAUT                          0x080096f8   Data           5  ll.o(.constdata)
    LL_VERSION                               0x080096fd   Data           5  ll.o(.constdata)
    TABLE_CONV_ADV_TYPE_HCI_LL               0x08009702   Data           5  ll.o(.constdata)
    LL_DUR_RSV                               0x08009707   Data           7  ll.o(.constdata)
    LE_LOCAL_VER_INFO                        0x0800970e   Data           8  ll.o(.constdata)
    LL_FEATURE                               0x08009716   Data           8  ll.o(.constdata)
    LL_LENGTH_DEFAULT                        0x0800971e   Data           8  ll.o(.constdata)
    LL_RF_PARA_TX_WIN_SIZE_MAP               0x08009726   Data          14  ll.o(.constdata)
    LL_RF_PARA_WIN_WIDTH_CNVT                0x08009734   Data          32  ll.o(.constdata)
    LL_RF_DATA_CH                            0x08009754   Data          74  ll.o(.constdata)
    CH_ADV_CH_HOP_BY_MAP_TABLE               0x0800979e   Data          32  ll.o(.constdata)
    RAND_INI32                               0x080097be   Data          32  ll.o(.constdata)
    LL_ACK_FLOW                              0x080097de   Data          16  ll.o(.constdata)
    LL_PR_CONN_ID_PAIR                       0x080097ee   Data          26  ll.o(.constdata)
    LL_RX_CONN_ID_INIT                       0x08009808   Data          26  ll.o(.constdata)
    LL_TX_CONN_ID_INIT                       0x08009822   Data          26  ll.o(.constdata)
    LL_RX_CONN_ID_SLAVE_SIDE_ONLY            0x0800983c   Data          26  ll.o(.constdata)
    LL_RX_CONN_ID_OP_LENGTH                  0x08009856   Data          26  ll.o(.constdata)
    TAB_ZERO_128                             0x08009870   Data         136  ll.o(.constdata)
    LL_LEN_OFFSET_1M                         0x080098f8   Data          17  ll.o(.constdata)
    LL_LEN_OFFSET_2M                         0x08009909   Data           9  ll.o(.constdata)
    LL_fsm                                   0x08009914   Data         260  ll.o(.constdata)
    EC_fsm                                   0x08009a18   Data          40  ll.o(.constdata)
    Phy_pll_bank_freqIdx                     0x08009a40   Data           5  rf_phy.o(.constdata)
    RFIP_init_reg                            0x08009a45   Data         128  rf_phy.o(.constdata)
    RFIP_REG_IDX                             0x08009ac5   Data          13  rf_phy.o(.constdata)
    CH_SEL_TABLE_INV                         0x08009ad2   Data          40  rf_phy.o(.constdata)
    R568_lna_agc                             0x08009afa   Data          32  rf_phy.o(.constdata)
    R568_tia_agc                             0x08009b1a   Data          32  rf_phy.o(.constdata)
    R568_vga_agc                             0x08009b3a   Data          32  rf_phy.o(.constdata)
    LE_EVENT_MASK_INI                        0x08009b5c   Data           3  hci.o(.constdata)
    EVENT_MASK_INI                           0x08009b5f   Data           5  hci.o(.constdata)
    HCI_fsm                                  0x08009b64   Data         100  hci.o(.constdata)
    TAB_SUPPORTED_COMMANDS_MASK              0x08009bc8   Data          64  hci.o(.constdata)
    TAB_LMP_FEATURES_MASK                    0x08009c08   Data           8  hci.o(.constdata)
    L2CAP_fsm                                0x08009c10   Data           4  l2cap.o(.constdata)
    Prcss_BLE_CODE_SMP                       0x08009c14   Data          48  mmi.o(.constdata)
    Prcss_BLE_OPCODE_ATT                     0x08009c44   Data         124  mmi.o(.constdata)
    Prcss_L2CAP_CID                          0x08009cc0   Data          28  mmi.o(.constdata)
    UUID_BLUETOOTH_BASE                      0x08009cdc   Data          16  rffunction.o(.constdata)
    Region$$Table$$Base                      0x08009d38   Number         0  anon$$obj.o(Region$$Table)
    Region$$Table$$Limit                     0x08009d58   Number         0  anon$$obj.o(Region$$Table)
    connId                                   0x20000000   Data           1  user.o(.data)
    ble_state                                0x20000001   Data           1  user.o(.data)
    SPI_DMATxFlag                            0x20000008   Data           1  spi.o(.data)
    SPI_DMARxFlag                            0x20000009   Data           1  spi.o(.data)
    SysTick_DelayTicks                       0x2000000c   Data           4  systick.o(.data)
    tbPresc                                  0x20000010   Data          16  hal_rcc.o(.data)
    att_HDL_GAP_DEVICE_NAME                  0x20000020   Data           8  profile_tab.o(.data)
    att_HDL_GAP_RECONNECTION_ADDRESS         0x20000028   Data           6  profile_tab.o(.data)
    att_HDL_GATT_SERVICE_CHANGED             0x2000002e   Data           4  profile_tab.o(.data)
    att_HDL_GATT_CLIENT_CHARACTERISTIC_CONFIGURATION 0x20000032   Data           2  profile_tab.o(.data)
    att_HDL_HRS_HEART_RATE_MEASUREMENT       0x20000034   Data           4  profile_tab.o(.data)
    att_HDL_HRS_CLIENT_CHARACTERISTIC_CONFIGURATION 0x20000038   Data           2  profile_tab.o(.data)
    att_HDL_HRS_BODY_SENSOR_LOCATION         0x2000003a   Data           1  profile_tab.o(.data)
    ATTRIBUTE_SERVER_PARAM                   0x2000003c   Data         180  profile_tab.o(.data)
    ATTRIBUTE_SERVER                         0x200000f0   Data         180  profile_tab.o(.data)
    ATTRIBUTE_SERVER_PERMISSION              0x200001a4   Data         180  profile_tab.o(.data)
    size_ATTRIBUTE_SERVER                    0x20000258   Data           1  profile_tab.o(.data)
    bleEventCallBack                         0x2000025c   Data           4  ble_event.o(.data)
    bleAddr_param                            0x20000260   Data           7  host.o(.data)
    ble_device_param                         0x20000267   Data           8  host.o(.data)
    MBlk_depth_Remaining                     0x20000270   Data           1  kernel.o(.data)
    MBlk_depth_Rsv                           0x20000271   Data           1  kernel.o(.data)
    MBlk_Free                                0x20000274   Data           4  kernel.o(.data)
    RX_CRC_valid_flag                        0x20000278   Data           1  ll.o(.data)
    FT_WakeupFlag                            0x20000279   Data           1  ll.o(.data)
    LL_ConnDataTmpGate                       0x2000027a   Data           1  ll.o(.data)
    LL_ConnID_Remaining                      0x2000027b   Data           1  ll.o(.data)
    TBlk_Free_LL                             0x2000027c   Data           1  ll.o(.data)
    TBlk_InUse_LL                            0x2000027d   Data           1  ll.o(.data)
    LL_SMP_DataCh                            0x2000027e   Data           1  ll.o(.data)
    status_LL_Tmr                            0x2000027f   Data           1  ll.o(.data)
    anchor_LL_Tmr                            0x20000280   Data           1  ll.o(.data)
    LL_Msg_AdvScnConn                        0x20000281   Data           1  ll.o(.data)
    LL_Msg_AdvScnConnUpd                     0x20000282   Data           1  ll.o(.data)
    LL_Msg_AdvScnConnUpdSts                  0x20000283   Data           1  ll.o(.data)
    RF_Msg_RF0INT                            0x20000284   Data           1  ll.o(.data)
    LL_DurRxPktAccu                          0x20000286   Data           2  ll.o(.data)
    LL_ConnBuffPt                            0x20000288   Data           4  ll.o(.data)
    LL_Adv_Data_Buf                          0x2000028c   Data           4  ll.o(.data)
    LL_Ref_Default_PHY                       0x20000290   Data           4  ll.o(.data)
    tblk_LL_pi                               0x20000294   Data           4  ll.o(.data)
    tblk_LL_pi2                              0x20000298   Data           4  ll.o(.data)
    LL_conn_pi                               0x2000029c   Data           4  ll.o(.data)
    mblk_LL_conn_Para                        0x200002a0   Data           4  ll.o(.data)
    LL_Slv_Win_Width                         0x200002a4   Data           4  ll.o(.data)
    LL_Slv_Win_Width_Base                    0x200002a8   Data           4  ll.o(.data)
    seedR16                                  0x200002ac   Data           4  ll.o(.data)
    LL_Ref_Acs_Addr_ADVSCN                   0x200002b0   Data           4  ll.o(.data)
    LL_Ref_crc_ini_ADVSCN                    0x200002b4   Data           4  ll.o(.data)
    Ch_ADV_Ch_Hop_Table                      0x200002b8   Data           4  ll.o(.data)
    Ch_ADV_Ch_Hop_TableBuf                   0x200002bc   Data           4  ll.o(.data)
    LL_Ref_ChMap                             0x200002c0   Data           5  ll.o(.data)
    BD_Rand_Addr                             0x200002c5   Data           6  ll.o(.data)
    BD_Rand_AddrBuf                          0x200002cb   Data           6  ll.o(.data)
    LL_ConnDataQ                             0x200002d4   Data           8  ll.o(.data)
    LL_ConnCtrlQ                             0x200002dc   Data           8  ll.o(.data)
    LL_ConnDataInQ                           0x200002e4   Data           8  ll.o(.data)
    LL_ConnDataInTmp                         0x200002ec   Data           8  ll.o(.data)
    LL_ConnBuffPrcs                          0x200002f4   Data           8  ll.o(.data)
    LL_ConnBuffPrcsR                         0x200002fc   Data           8  ll.o(.data)
    Tmr37                                    0x20000308   Data           8  ll.o(.data)
    LL_Length_Prefer                         0x20000310   Data           8  ll.o(.data)
    MsgQueueEC                               0x20000318   Data           8  ll.o(.data)
    RfVolt_new                               0x20000320   Data           1  rf_phy.o(.data)
    Content_ioInt                            0x20000321   Data           1  rf_phy.o(.data)
    Content_ioInt_exceptTmr                  0x20000322   Data           1  rf_phy.o(.data)
    rssiOffsetValue                          0x20000323   Data           1  rf_phy.o(.data)
    g16MHzClkOut                             0x20000324   Data           1  rf_phy.o(.data)
    rf_initial_flag                          0x20000325   Data           1  rf_phy.o(.data)
    gSleep                                   0x20000326   Data           1  rf_phy.o(.data)
    LL_Tmr_Ticks_RSV_Wakeup                  0x20000327   Data           1  rf_phy.o(.data)
    rssi_read_data                           0x20000329   Data           3  rf_phy.o(.data)
    Timeline24                               0x2000032c   Data           4  rf_phy.o(.data)
    Tmr16Interval                            0x20000330   Data           4  rf_phy.o(.data)
    addr_TxFIFO                              0x20000334   Data           4  rf_phy.o(.data)
    txpower_0dbm_reg                         0x20000338   Data           4  rf_phy.o(.data)
    txpower_4dbm_reg                         0x2000033c   Data           4  rf_phy.o(.data)
    txpower_8dbm_reg                         0x20000340   Data           4  rf_phy.o(.data)
    txpower_10dbm_reg                        0x20000344   Data           4  rf_phy.o(.data)
    Phy_pll_bank                             0x20000348   Data           5  rf_phy.o(.data)
    Event_Mask2                              0x20000358   Data           1  hci.o(.data)
    LE_Event_Mask                            0x20000359   Data           3  hci.o(.data)
    mhcCallBack                              0x2000035c   Data           4  hci.o(.data)
    Event_Mask                               0x20000360   Data           5  hci.o(.data)
    ATT_INDICATION_Packet_Sent               0x20000365   Data           1  mmi.o(.data)
    ATT_WRITE_REQUEST_Packet_Sent            0x20000366   Data           1  mmi.o(.data)
    r_AES_INI                                0x20000367   Data          16  rffunction.o(.data)
    RSP_PAIRING_REQUEST                      0x20000377   Data          11  rffunction.o(.data)
    LTK_FIXED                                0x20000382   Data          16  rffunction.o(.data)
    EDIV_FIXED                               0x20000392   Data           2  rffunction.o(.data)
    RAND_FIXED                               0x20000394   Data           8  rffunction.o(.data)
    IRK_FIXED                                0x2000039c   Data          16  rffunction.o(.data)
    CSRK_FIXED                               0x200003ac   Data          16  rffunction.o(.data)
    SEL_STK_GEN_MTHD                         0x200003bc   Data          25  rffunction.o(.data)
    aTT_MTU                                  0x200003d5   Data           1  rffunction.o(.data)
    smp_Authorization                        0x200003d6   Data           1  rffunction.o(.data)
    smp_Encryption                           0x200003d7   Data           1  rffunction.o(.data)
    smp_Security_Mode                        0x200003d8   Data           1  rffunction.o(.data)
    smp_PReq_IO_Capab                        0x200003d9   Data           1  rffunction.o(.data)
    smp_PReq_OOB_data                        0x200003da   Data           1  rffunction.o(.data)
    smp_PReq_Init_Key_Distr                  0x200003db   Data           1  rffunction.o(.data)
    smp_PReq_Resp_Key_Distr                  0x200003dc   Data           1  rffunction.o(.data)
    smp_Local_Addr                           0x200003dd   Data           8  rffunction.o(.data)
    smp_Phase                                0x200003e5   Data           1  rffunction.o(.data)
    smp_TempDef                              0x200003e6   Data           1  rffunction.o(.data)
    smp_Rand                                 0x200003e7   Data           8  rffunction.o(.data)
    smp_EDIV                                 0x200003ef   Data           2  rffunction.o(.data)
    smp_Local_Addr_advTemp                   0x200003f1   Data           8  rffunction.o(.data)
    __stdout                                 0x200003fc   Data           4  stdout.o(.data)
    MsgBlk                                   0x20000400   Data        2340  kernel.o(.bss)
    MsgQueue                                 0x20000d24   Data          40  kernel.o(.bss)
    LL_Adv_Para                              0x20000d4c   Data          92  ll.o(.bss)
    LL_Adv_Para_UpdBuf                       0x20000da8   Data          92  ll.o(.bss)
    LL_Scan_Para                             0x20000e04   Data          12  ll.o(.bss)
    LL_Scan_Para_UpdBuf                      0x20000e10   Data          12  ll.o(.bss)
    LL_Conn_Para                             0x20000e1c   Data         136  ll.o(.bss)
    LL_Init_Para                             0x20000ea4   Data          28  ll.o(.bss)
    LL_WhiteList_Para                        0x20000ec0   Data          28  ll.o(.bss)
    LL_Para_Interval                         0x20000edc   Data          36  ll.o(.bss)
    LL_Para_IntervalR                        0x20000f00   Data         259  ll.o(.bss)
    TmrBlk_LL                                0x20001004   Data          32  ll.o(.bss)
    ram_Tab                                  0x20001024   Data          48  ll.o(.bss)
    RFIP_reg_MEM                             0x20001054   Data          13  rf_phy.o(.bss)
    CH_PLL_bank_Table                        0x20001061   Data          40  rf_phy.o(.bss)
    L2CAP_Buf                                0x20001089   Data         253  l2cap.o(.bss)
    SPIBuffer                                0x20001188   Data         251  rffunction.o(.bss)
    q_att_HDL_PreWr                          0x20001283   Data          48  rffunction.o(.bss)
    CmdTimer                                 0x200012b4   Data          36  rffunction.o(.bss)
    k_AES_passkey                            0x200012d8   Data          16  rffunction.o(.bss)
    smp_Para_Bond                            0x200012e8   Data          37  rffunction.o(.bss)
    rsp_pairing_request_table                0x2000130d   Data          11  rffunction.o(.bss)
    smp_Temp16                               0x20001318   Data          16  rffunction.o(.bss)
    smp_IRKm                                 0x20001328   Data          16  rffunction.o(.bss)
    smp_CSRKm                                0x20001338   Data          16  rffunction.o(.bss)
    r_AES                                    0x20001348   Data          16  rffunction.o(.bss)
    LTK                                      0x20001358   Data          16  rffunction.o(.bss)
    LTK_SEED                                 0x20001368   Data          10  rffunction.o(.bss)
    SECBuffer                                0x20001372   Data          42  rffunction.o(.bss)
    __initial_sp                             0x200017a0   Data           0  startup_mm32f032xx_s_keil.o(STACK)



==============================================================================

Memory Map of the image

  Image Entry point : 0x080000c1

  Load Region LR_IROM1 (Base: 0x08000000, Size: 0x0000a158, Max: 0x00010000, ABSOLUTE, COMPRESSED[0x00009f68])

    Execution Region ER_IROM1 (Exec base: 0x08000000, Load base: 0x08000000, Size: 0x00009d58, Max: 0x00010000, ABSOLUTE)

    Exec Addr    Load Addr    Size         Type   Attr      Idx    E Section Name        Object

    0x08000000   0x08000000   0x000000c0   Data   RO           68    RESET               startup_mm32f032xx_s_keil.o
    0x080000c0   0x080000c0   0x00000000   Code   RO         6411  * .ARM.Collect$$$$00000000  mc_p.l(entry.o)
    0x080000c0   0x080000c0   0x00000004   Code   RO         6685    .ARM.Collect$$$$00000001  mc_p.l(entry2.o)
    0x080000c4   0x080000c4   0x00000004   Code   RO         6688    .ARM.Collect$$$$00000004  mc_p.l(entry5.o)
    0x080000c8   0x080000c8   0x00000000   Code   RO         6690    .ARM.Collect$$$$00000008  mc_p.l(entry7b.o)
    0x080000c8   0x080000c8   0x00000000   Code   RO         6692    .ARM.Collect$$$$0000000A  mc_p.l(entry8b.o)
    0x080000c8   0x080000c8   0x00000008   Code   RO         6693    .ARM.Collect$$$$0000000B  mc_p.l(entry9a.o)
    0x080000d0   0x080000d0   0x00000000   Code   RO         6695    .ARM.Collect$$$$0000000D  mc_p.l(entry10a.o)
    0x080000d0   0x080000d0   0x00000000   Code   RO         6697    .ARM.Collect$$$$0000000F  mc_p.l(entry11a.o)
    0x080000d0   0x080000d0   0x00000004   Code   RO         6686    .ARM.Collect$$$$00002712  mc_p.l(entry2.o)
    0x080000d4   0x080000d4   0x00000006   Code   RO          573    .emb_text           porting_lltimer.o
    0x080000da   0x080000da   0x00000002   PAD
    0x080000dc   0x080000dc   0x00000058   Code   RO           69    .text               startup_mm32f032xx_s_keil.o
    0x08000134   0x08000134   0x0000002c   Code   RO         6414    .text               mc_p.l(uidiv.o)
    0x08000160   0x08000160   0x00000028   Code   RO         6416    .text               mc_p.l(idiv.o)
    0x08000188   0x08000188   0x00000060   Code   RO         6700    .text               mc_p.l(uldiv.o)
    0x080001e8   0x080001e8   0x00000024   Code   RO         6713    .text               mc_p.l(init.o)
    0x0800020c   0x0800020c   0x00000020   Code   RO         6715    .text               mc_p.l(llshl.o)
    0x0800022c   0x0800022c   0x00000022   Code   RO         6717    .text               mc_p.l(llushr.o)
    0x0800024e   0x0800024e   0x00000056   Code   RO         6732    .text               mc_p.l(__dczerorl2.o)
    0x080002a4   0x080002a4   0x00000080   Code   RO         3970    i.ATT_HDL_Notify    Rafael_BLE_MM32F032xx_s.lib(host.o)
    0x08000324   0x08000324   0x00000018   Code   RO         3452    i.ATT_HDL_Rd_HRS_BODY_SENSOR_LOCATION  profile_tab.o
    0x0800033c   0x0800033c   0x00000002   Code   RO         3453    i.ATT_HDL_Rd_NULL   profile_tab.o
    0x0800033e   0x0800033e   0x00000002   Code   RO         3454    i.ATT_HDL_Wr_NULL   profile_tab.o
    0x08000340   0x08000340   0x0000005c   Code   RO          690    i.BSP_SPI_BLE_Init  porting_spi.o
    0x0800039c   0x0800039c   0x00000010   Code   RO          252    i.BleApp_Init       user.o
    0x080003ac   0x080003ac   0x00000078   Code   RO          253    i.BleApp_Main       user.o
    0x08000424   0x08000424   0x00000140   Code   RO          254    i.BleEvent_Callback  user.o
    0x08000564   0x08000564   0x0000000c   Code   RO         5597    i.BleMHC_PostEvent  Rafael_BLE_MM32F032xx_s.lib(hci.o)
    0x08000570   0x08000570   0x0000000c   Code   RO         5181    i.BleTxFIFOAddr_Get  Rafael_BLE_MM32F032xx_s.lib(rf_phy.o)
    0x0800057c   0x0800057c   0x0000003c   Code   RO         4380    i.Ble_EC_Chk_Isr    Rafael_BLE_MM32F032xx_s.lib(ll.o)
    0x080005b8   0x080005b8   0x000000b4   Code   RO         4086    i.Ble_Kernel_Root   Rafael_BLE_MM32F032xx_s.lib(kernel.o)
    0x0800066c   0x0800066c   0x00000044   Code   RO         5182    i.Ble_SW_Init       Rafael_BLE_MM32F032xx_s.lib(rf_phy.o)
    0x080006b0   0x080006b0   0x00000020   Code   RO          257    i.Ble_Slave_AdvInit  user.o
    0x080006d0   0x080006d0   0x00000024   Code   RO          258    i.Ble_Slave_StartADV  user.o
    0x080006f4   0x080006f4   0x00000034   Code   RO         4090    i.CheckMsgBlk_L2_wSizeUsed_Isr  Rafael_BLE_MM32F032xx_s.lib(kernel.o)
    0x08000728   0x08000728   0x00000020   Code   RO         4091    i.CheckMsgQueue     Rafael_BLE_MM32F032xx_s.lib(kernel.o)
    0x08000748   0x08000748   0x00000014   Code   RO         5819    i.CheckValid_L2CAP_Buf  Rafael_BLE_MM32F032xx_s.lib(l2cap.o)
    0x0800075c   0x0800075c   0x0000000c   Code   RO         5183    i.ChipId_Get        Rafael_BLE_MM32F032xx_s.lib(rf_phy.o)
    0x08000768   0x08000768   0x00000034   Code   RO          400    i.DMA1_Channel2_3_IRQHandler  spi.o
    0x0800079c   0x0800079c   0x00000038   Code   RO          401    i.DMA1_Channel4_5_IRQHandler  spi.o
    0x080007d4   0x080007d4   0x0000000c   Code   RO         1143    i.DMA_ClearITPendingBit  hal_dma.o
    0x080007e0   0x080007e0   0x0000000c   Code   RO         1144    i.DMA_Cmd           hal_dma.o
    0x080007ec   0x080007ec   0x00000030   Code   RO         1145    i.DMA_DeInit        hal_dma.o
    0x0800081c   0x0800081c   0x00000014   Code   RO         1148    i.DMA_GetITStatus   hal_dma.o
    0x08000830   0x08000830   0x00000010   Code   RO         1149    i.DMA_ITConfig      hal_dma.o
    0x08000840   0x08000840   0x0000004c   Code   RO         1150    i.DMA_Init          hal_dma.o
    0x0800088c   0x0800088c   0x0000001c   Code   RO         1151    i.DMA_StructInit    hal_dma.o
    0x080008a8   0x080008a8   0x000000e8   Code   RO         4381    i.ECHC_LE_Ctrl_Pkt  Rafael_BLE_MM32F032xx_s.lib(ll.o)
    0x08000990   0x08000990   0x00000030   Code   RO          604    i.EXTI4_15_IRQHandler  porting_misc.o
    0x080009c0   0x080009c0   0x0000000c   Code   RO         1244    i.EXTI_ClearITPendingBit  hal_exti.o
    0x080009cc   0x080009cc   0x0000001c   Code   RO         1249    i.EXTI_GetITStatus  hal_exti.o
    0x080009e8   0x080009e8   0x00000058   Code   RO         1250    i.EXTI_Init         hal_exti.o
    0x08000a40   0x08000a40   0x00000028   Code   RO         1251    i.EXTI_LineConfig   hal_exti.o
    0x08000a68   0x08000a68   0x0000000c   Code   RO         4101    i.ErrorEntry        Rafael_BLE_MM32F032xx_s.lib(kernel.o)
    0x08000a74   0x08000a74   0x00000020   Code   RO         4102    i.FreeMsgBlk        Rafael_BLE_MM32F032xx_s.lib(kernel.o)
    0x08000a94   0x08000a94   0x0000001c   Code   RO         4103    i.FreeMsgBlk_Isr    Rafael_BLE_MM32F032xx_s.lib(kernel.o)
    0x08000ab0   0x08000ab0   0x00000030   Code   RO         4104    i.FreeMsgBlks       Rafael_BLE_MM32F032xx_s.lib(kernel.o)
    0x08000ae0   0x08000ae0   0x00000024   Code   RO         4105    i.FreeMsgBlks_Isr   Rafael_BLE_MM32F032xx_s.lib(kernel.o)
    0x08000b04   0x08000b04   0x00000086   Code   RO         1535    i.GPIO_Init         hal_gpio.o
    0x08000b8a   0x08000b8a   0x00000020   Code   RO         1536    i.GPIO_PinAFConfig  hal_gpio.o
    0x08000baa   0x08000baa   0x0000000a   Code   RO         1540    i.GPIO_ReadInputDataBit  hal_gpio.o
    0x08000bb4   0x08000bb4   0x00000004   Code   RO         1543    i.GPIO_ResetBits    hal_gpio.o
    0x08000bb8   0x08000bb8   0x00000004   Code   RO         1544    i.GPIO_SetBits      hal_gpio.o
    0x08000bbc   0x08000bbc   0x00000010   Code   RO         1545    i.GPIO_StructInit   hal_gpio.o
    0x08000bcc   0x08000bcc   0x00000028   Code   RO         4106    i.GetMsgBlk         Rafael_BLE_MM32F032xx_s.lib(kernel.o)
    0x08000bf4   0x08000bf4   0x00000020   Code   RO         4107    i.GetMsgBlk_Isr     Rafael_BLE_MM32F032xx_s.lib(kernel.o)
    0x08000c14   0x08000c14   0x00000054   Code   RO         4108    i.GetMsgBlk_L1_wSize_Isr  Rafael_BLE_MM32F032xx_s.lib(kernel.o)
    0x08000c68   0x08000c68   0x00000054   Code   RO         4109    i.GetMsgBlk_L2_wSize  Rafael_BLE_MM32F032xx_s.lib(kernel.o)
    0x08000cbc   0x08000cbc   0x00000024   Code   RO         5598    i.HCI_Root          Rafael_BLE_MM32F032xx_s.lib(hci.o)
    0x08000ce0   0x08000ce0   0x00000038   Code   RO         4383    i.HCLL_Disconnect   Rafael_BLE_MM32F032xx_s.lib(ll.o)
    0x08000d18   0x08000d18   0x00000002   Code   RO         4384    i.HCLL_Host_Buffer_Size  Rafael_BLE_MM32F032xx_s.lib(ll.o)
    0x08000d1a   0x08000d1a   0x00000002   Code   RO         4385    i.HCLL_Host_Num_of_Completed_Packets  Rafael_BLE_MM32F032xx_s.lib(ll.o)
    0x08000d1c   0x08000d1c   0x00000002   Code   RO         4386    i.HCLL_LE_ACL_Data_Pkt  Rafael_BLE_MM32F032xx_s.lib(ll.o)
    0x08000d1e   0x08000d1e   0x00000004   Code   RO         4387    i.HCLL_LE_ACL_Data_Pkt_Extend  Rafael_BLE_MM32F032xx_s.lib(ll.o)
    0x08000d22   0x08000d22   0x00000002   PAD
    0x08000d24   0x08000d24   0x0000008c   Code   RO         4388    i.HCLL_LE_Add_Device_to_White_List  Rafael_BLE_MM32F032xx_s.lib(ll.o)
    0x08000db0   0x08000db0   0x00000048   Code   RO         4389    i.HCLL_LE_Clear_White_List  Rafael_BLE_MM32F032xx_s.lib(ll.o)
    0x08000df8   0x08000df8   0x000000d4   Code   RO         4390    i.HCLL_LE_Conn_update  Rafael_BLE_MM32F032xx_s.lib(ll.o)
    0x08000ecc   0x08000ecc   0x00000002   Code   RO         4391    i.HCLL_LE_Create_Conn  Rafael_BLE_MM32F032xx_s.lib(ll.o)
    0x08000ece   0x08000ece   0x00000002   Code   RO         4392    i.HCLL_LE_Create_conn_cancel  Rafael_BLE_MM32F032xx_s.lib(ll.o)
    0x08000ed0   0x08000ed0   0x000000b4   Code   RO         4393    i.HCLL_LE_Ctrl_Pkt  Rafael_BLE_MM32F032xx_s.lib(ll.o)
    0x08000f84   0x08000f84   0x00000024   Code   RO         4394    i.HCLL_LE_Encrypt   Rafael_BLE_MM32F032xx_s.lib(ll.o)
    0x08000fa8   0x08000fa8   0x0000005c   Code   RO         4395    i.HCLL_LE_Long_term_key_req_neg_reply  Rafael_BLE_MM32F032xx_s.lib(ll.o)
    0x08001004   0x08001004   0x00000024   Code   RO         4396    i.HCLL_LE_Long_term_key_req_reply  Rafael_BLE_MM32F032xx_s.lib(ll.o)
    0x08001028   0x08001028   0x00000024   Code   RO         4397    i.HCLL_LE_Rand      Rafael_BLE_MM32F032xx_s.lib(ll.o)
    0x0800104c   0x0800104c   0x00000004   Code   RO         4398    i.HCLL_LE_Read_Adv_Ch_Tx_Pwr  Rafael_BLE_MM32F032xx_s.lib(ll.o)
    0x08001050   0x08001050   0x00000024   Code   RO         4399    i.HCLL_LE_Read_Buffer_Size  Rafael_BLE_MM32F032xx_s.lib(ll.o)
    0x08001074   0x08001074   0x00000048   Code   RO         4400    i.HCLL_LE_Read_Local_Supported_Feat  Rafael_BLE_MM32F032xx_s.lib(ll.o)
    0x080010bc   0x080010bc   0x00000044   Code   RO         4401    i.HCLL_LE_Read_Phy  Rafael_BLE_MM32F032xx_s.lib(ll.o)
    0x08001100   0x08001100   0x00000044   Code   RO         4402    i.HCLL_LE_Read_Remote_Used_Feat  Rafael_BLE_MM32F032xx_s.lib(ll.o)
    0x08001144   0x08001144   0x0000001c   Code   RO         4403    i.HCLL_LE_Read_White_List_Size  Rafael_BLE_MM32F032xx_s.lib(ll.o)
    0x08001160   0x08001160   0x0000003c   Code   RO         4404    i.HCLL_LE_Read_ch_map  Rafael_BLE_MM32F032xx_s.lib(ll.o)
    0x0800119c   0x0800119c   0x00000002   Code   RO         4405    i.HCLL_LE_Read_supported_states  Rafael_BLE_MM32F032xx_s.lib(ll.o)
    0x0800119e   0x0800119e   0x00000002   Code   RO         4406    i.HCLL_LE_Receiver_test  Rafael_BLE_MM32F032xx_s.lib(ll.o)
    0x080011a0   0x080011a0   0x00000004   Code   RO         4407    i.HCLL_LE_Remote_conn_param_req_neg_reply  Rafael_BLE_MM32F032xx_s.lib(ll.o)
    0x080011a4   0x080011a4   0x00000004   Code   RO         4408    i.HCLL_LE_Remote_conn_param_req_reply  Rafael_BLE_MM32F032xx_s.lib(ll.o)
    0x080011a8   0x080011a8   0x00000070   Code   RO         4409    i.HCLL_LE_Rmv_Device_from_White_List  Rafael_BLE_MM32F032xx_s.lib(ll.o)
    0x08001218   0x08001218   0x0000005c   Code   RO         4410    i.HCLL_LE_Set_Adv_Data  Rafael_BLE_MM32F032xx_s.lib(ll.o)
    0x08001274   0x08001274   0x0000009c   Code   RO         4411    i.HCLL_LE_Set_Adv_Param  Rafael_BLE_MM32F032xx_s.lib(ll.o)
    0x08001310   0x08001310   0x0000012c   Code   RO         4412    i.HCLL_LE_Set_Advertise_Enable  Rafael_BLE_MM32F032xx_s.lib(ll.o)
    0x0800143c   0x0800143c   0x0000007c   Code   RO         4413    i.HCLL_LE_Set_Data_Length  Rafael_BLE_MM32F032xx_s.lib(ll.o)
    0x080014b8   0x080014b8   0x00000060   Code   RO         4414    i.HCLL_LE_Set_Default_Phy  Rafael_BLE_MM32F032xx_s.lib(ll.o)
    0x08001518   0x08001518   0x0000002c   Code   RO         4415    i.HCLL_LE_Set_Event_Mask  Rafael_BLE_MM32F032xx_s.lib(ll.o)
    0x08001544   0x08001544   0x00000002   Code   RO         4416    i.HCLL_LE_Set_Host_Ch_Classification  Rafael_BLE_MM32F032xx_s.lib(ll.o)
    0x08001546   0x08001546   0x00000002   PAD
    0x08001548   0x08001548   0x00000098   Code   RO         4417    i.HCLL_LE_Set_Phy   Rafael_BLE_MM32F032xx_s.lib(ll.o)
    0x080015e0   0x080015e0   0x00000054   Code   RO         4418    i.HCLL_LE_Set_Random_Address  Rafael_BLE_MM32F032xx_s.lib(ll.o)
    0x08001634   0x08001634   0x0000005c   Code   RO         4419    i.HCLL_LE_Set_Scan_Response_Data  Rafael_BLE_MM32F032xx_s.lib(ll.o)
    0x08001690   0x08001690   0x0000004c   Code   RO         4420    i.HCLL_LE_Set_scan_enable  Rafael_BLE_MM32F032xx_s.lib(ll.o)
    0x080016dc   0x080016dc   0x00000090   Code   RO         4421    i.HCLL_LE_Set_scan_param  Rafael_BLE_MM32F032xx_s.lib(ll.o)
    0x0800176c   0x0800176c   0x00000024   Code   RO         4422    i.HCLL_LE_Start_encryption  Rafael_BLE_MM32F032xx_s.lib(ll.o)
    0x08001790   0x08001790   0x00000002   Code   RO         4423    i.HCLL_LE_Test_end  Rafael_BLE_MM32F032xx_s.lib(ll.o)
    0x08001792   0x08001792   0x00000002   Code   RO         4424    i.HCLL_LE_Transmitter_test  Rafael_BLE_MM32F032xx_s.lib(ll.o)
    0x08001794   0x08001794   0x0000002c   Code   RO         4425    i.HCLL_Read_BD_Addr  Rafael_BLE_MM32F032xx_s.lib(ll.o)
    0x080017c0   0x080017c0   0x00000002   Code   RO         4426    i.HCLL_Read_Le_Host_Support  Rafael_BLE_MM32F032xx_s.lib(ll.o)
    0x080017c2   0x080017c2   0x00000002   PAD
    0x080017c4   0x080017c4   0x00000050   Code   RO         4427    i.HCLL_Read_Local_Supported_Cmd  Rafael_BLE_MM32F032xx_s.lib(ll.o)
    0x08001814   0x08001814   0x0000002c   Code   RO         4428    i.HCLL_Read_Local_Supported_Feat  Rafael_BLE_MM32F032xx_s.lib(ll.o)
    0x08001840   0x08001840   0x0000002c   Code   RO         4429    i.HCLL_Read_Local_Ver_Info  Rafael_BLE_MM32F032xx_s.lib(ll.o)
    0x0800186c   0x0800186c   0x00000030   Code   RO         4430    i.HCLL_Read_Remote_Ver_Info  Rafael_BLE_MM32F032xx_s.lib(ll.o)
    0x0800189c   0x0800189c   0x00000002   Code   RO         4431    i.HCLL_Read_Transmit_Pwr_Level  Rafael_BLE_MM32F032xx_s.lib(ll.o)
    0x0800189e   0x0800189e   0x00000002   Code   RO         4432    i.HCLL_Read_authen_payload_timeout  Rafael_BLE_MM32F032xx_s.lib(ll.o)
    0x080018a0   0x080018a0   0x00000002   Code   RO         4433    i.HCLL_Read_buffer_size  Rafael_BLE_MM32F032xx_s.lib(ll.o)
    0x080018a2   0x080018a2   0x00000002   PAD
    0x080018a4   0x080018a4   0x00000034   Code   RO         4434    i.HCLL_Read_rssi    Rafael_BLE_MM32F032xx_s.lib(ll.o)
    0x080018d8   0x080018d8   0x0000001a   Code   RO         4435    i.HCLL_Reset        Rafael_BLE_MM32F032xx_s.lib(ll.o)
    0x080018f2   0x080018f2   0x00000002   Code   RO         4436    i.HCLL_Set_Ctrler_to_Host_Flow_Ctrl  Rafael_BLE_MM32F032xx_s.lib(ll.o)
    0x080018f4   0x080018f4   0x0000003c   Code   RO         4437    i.HCLL_Set_Event_Mask  Rafael_BLE_MM32F032xx_s.lib(ll.o)
    0x08001930   0x08001930   0x00000024   Code   RO         4438    i.HCLL_Set_Event_Mask_Page_2  Rafael_BLE_MM32F032xx_s.lib(ll.o)
    0x08001954   0x08001954   0x00000002   Code   RO         4439    i.HCLL_Write_Le_Host_Support  Rafael_BLE_MM32F032xx_s.lib(ll.o)
    0x08001956   0x08001956   0x00000002   Code   RO         4440    i.HCLL_Write_authen_payload_timeout  Rafael_BLE_MM32F032xx_s.lib(ll.o)
    0x08001958   0x08001958   0x00000018   Code   RO         3974    i.HSPF_Att_Read     Rafael_BLE_MM32F032xx_s.lib(host.o)
    0x08001970   0x08001970   0x0000001c   Code   RO         3975    i.HSPF_Att_Write    Rafael_BLE_MM32F032xx_s.lib(host.o)
    0x0800198c   0x0800198c   0x00000024   Code   RO         3976    i.Host_Root         Rafael_BLE_MM32F032xx_s.lib(host.o)
    0x080019b0   0x080019b0   0x0000004c   Code   RO         4112    i.KernelInit        Rafael_BLE_MM32F032xx_s.lib(kernel.o)
    0x080019fc   0x080019fc   0x00000020   Code   RO         4113    i.Knl_CodeComp      Rafael_BLE_MM32F032xx_s.lib(kernel.o)
    0x08001a1c   0x08001a1c   0x00000012   Code   RO         4115    i.Knl_CodeCpy       Rafael_BLE_MM32F032xx_s.lib(kernel.o)
    0x08001a2e   0x08001a2e   0x0000001e   Code   RO         4117    i.Knl_CodeCpyInv_Isr  Rafael_BLE_MM32F032xx_s.lib(kernel.o)
    0x08001a4c   0x08001a4c   0x00000012   Code   RO         4118    i.Knl_CodeCpy_Isr   Rafael_BLE_MM32F032xx_s.lib(kernel.o)
    0x08001a5e   0x08001a5e   0x00000020   Code   RO         4119    i.Knl_MemComp       Rafael_BLE_MM32F032xx_s.lib(kernel.o)
    0x08001a7e   0x08001a7e   0x00000020   Code   RO         4120    i.Knl_MemComp_Isr   Rafael_BLE_MM32F032xx_s.lib(kernel.o)
    0x08001a9e   0x08001a9e   0x00000012   Code   RO         4121    i.Knl_MemCpy        Rafael_BLE_MM32F032xx_s.lib(kernel.o)
    0x08001ab0   0x08001ab0   0x0000001e   Code   RO         4122    i.Knl_MemCpyInv     Rafael_BLE_MM32F032xx_s.lib(kernel.o)
    0x08001ace   0x08001ace   0x0000001e   Code   RO         4123    i.Knl_MemCpyInv_Isr  Rafael_BLE_MM32F032xx_s.lib(kernel.o)
    0x08001aec   0x08001aec   0x0000001a   Code   RO         4124    i.Knl_MemCpy_Fwd    Rafael_BLE_MM32F032xx_s.lib(kernel.o)
    0x08001b06   0x08001b06   0x00000012   Code   RO         4125    i.Knl_MemCpy_Isr    Rafael_BLE_MM32F032xx_s.lib(kernel.o)
    0x08001b18   0x08001b18   0x00000024   Code   RO         5820    i.L2CAP_Root        Rafael_BLE_MM32F032xx_s.lib(l2cap.o)
    0x08001b3c   0x08001b3c   0x000001cc   Code   RO         4441    i.LLEC_LE_CCM_Manual  Rafael_BLE_MM32F032xx_s.lib(ll.o)
    0x08001d08   0x08001d08   0x00000030   Code   RO         4442    i.LLEC_LE_Encrypt   Rafael_BLE_MM32F032xx_s.lib(ll.o)
    0x08001d38   0x08001d38   0x0000005c   Code   RO         4443    i.LLEC_LE_Long_term_key_req_reply  Rafael_BLE_MM32F032xx_s.lib(ll.o)
    0x08001d94   0x08001d94   0x0000004c   Code   RO         4444    i.LLEC_LE_Rand      Rafael_BLE_MM32F032xx_s.lib(ll.o)
    0x08001de0   0x08001de0   0x00000084   Code   RO         4445    i.LLEC_LE_Start_encryption  Rafael_BLE_MM32F032xx_s.lib(ll.o)
    0x08001e64   0x08001e64   0x0000001a   Code   RO         4446    i.LLHC_ERR_CODE_Invalid_Lmp_Parameters  Rafael_BLE_MM32F032xx_s.lib(ll.o)
    0x08001e7e   0x08001e7e   0x0000001a   Code   RO         4447    i.LLHC_ERR_CODE_Unknown_Hci_Command  Rafael_BLE_MM32F032xx_s.lib(ll.o)
    0x08001e98   0x08001e98   0x0000034c   Code   RO         4448    i.LLHC_LE_Ctrl_Pkt  Rafael_BLE_MM32F032xx_s.lib(ll.o)
    0x080021e4   0x080021e4   0x00000068   Code   RO         4449    i.LLHeaderRdy_Isr   Rafael_BLE_MM32F032xx_s.lib(ll.o)
    0x0800224c   0x0800224c   0x0000000c   Code   RO         5184    i.LLTimeline_Get    Rafael_BLE_MM32F032xx_s.lib(rf_phy.o)
    0x08002258   0x08002258   0x0000011c   Code   RO         4450    i.LLTimerFIFOGetSend_Isr  Rafael_BLE_MM32F032xx_s.lib(ll.o)
    0x08002374   0x08002374   0x00000f54   Code   RO         4451    i.LLTimer_Isr       Rafael_BLE_MM32F032xx_s.lib(ll.o)
    0x080032c8   0x080032c8   0x00000044   Code   RO         4452    i.LLTimer_TmrRefUpd_Isr  Rafael_BLE_MM32F032xx_s.lib(ll.o)
    0x0800330c   0x0800330c   0x0000025c   Code   RO         4453    i.LLWTRFIFOGet_Isr  Rafael_BLE_MM32F032xx_s.lib(ll.o)
    0x08003568   0x08003568   0x00000064   Code   RO         4455    i.LLWTR_Buffer_wAck_Isr  Rafael_BLE_MM32F032xx_s.lib(ll.o)
    0x080035cc   0x080035cc   0x000008e2   Code   RO         4456    i.LLWTR_Isr         Rafael_BLE_MM32F032xx_s.lib(ll.o)
    0x08003eae   0x08003eae   0x00000002   PAD
    0x08003eb0   0x08003eb0   0x0000004c   Code   RO         4457    i.LLWTR_MDset       Rafael_BLE_MM32F032xx_s.lib(ll.o)
    0x08003efc   0x08003efc   0x000003a0   Code   RO         4458    i.LLWTR_Rx2Hc       Rafael_BLE_MM32F032xx_s.lib(ll.o)
    0x0800429c   0x0800429c   0x000002e4   Code   RO         4460    i.LL_Buffer_To_FIFO_Isr  Rafael_BLE_MM32F032xx_s.lib(ll.o)
    0x08004580   0x08004580   0x00000018   Code   RO         4461    i.LL_CheckConnExist  Rafael_BLE_MM32F032xx_s.lib(ll.o)
    0x08004598   0x08004598   0x000000a0   Code   RO         4462    i.LL_Data2ConnTxFIFO  Rafael_BLE_MM32F032xx_s.lib(ll.o)
    0x08004638   0x08004638   0x00000074   Code   RO         4463    i.LL_Data2ConnTxFIFO_smp  Rafael_BLE_MM32F032xx_s.lib(ll.o)
    0x080046ac   0x080046ac   0x00000050   Code   RO         4464    i.LL_Data2ConnTxFIFO_smp_Isr  Rafael_BLE_MM32F032xx_s.lib(ll.o)
    0x080046fc   0x080046fc   0x0000007c   Code   RO         4465    i.LL_EventCounter_Map_Upd  Rafael_BLE_MM32F032xx_s.lib(ll.o)
    0x08004778   0x08004778   0x000000d8   Code   RO         4466    i.LL_GPIO_Isr       Rafael_BLE_MM32F032xx_s.lib(ll.o)
    0x08004850   0x08004850   0x0000001c   Code   RO         4467    i.LL_GetSlaveFreeConnID  Rafael_BLE_MM32F032xx_s.lib(ll.o)
    0x0800486c   0x0800486c   0x00000020   Code   RO         4468    i.LL_MsgBlk_LL_conn_Para_Rls  Rafael_BLE_MM32F032xx_s.lib(ll.o)
    0x0800488c   0x0800488c   0x00000038   Code   RO         4469    i.LL_Msg_CTRL_PKT   Rafael_BLE_MM32F032xx_s.lib(ll.o)
    0x080048c4   0x080048c4   0x00000038   Code   RO         4470    i.LL_Msg_CTRL_PKT_Isr  Rafael_BLE_MM32F032xx_s.lib(ll.o)
    0x080048fc   0x080048fc   0x0000001e   Code   RO         4472    i.LL_Msg_Event_Encrypt_Change  Rafael_BLE_MM32F032xx_s.lib(ll.o)
    0x0800491a   0x0800491a   0x0000001e   Code   RO         4473    i.LL_Msg_Event_Le_Data_Length_Change  Rafael_BLE_MM32F032xx_s.lib(ll.o)
    0x08004938   0x08004938   0x00000020   Code   RO         4474    i.LL_Msg_Event_Le_PHY_Update_Complete  Rafael_BLE_MM32F032xx_s.lib(ll.o)
    0x08004958   0x08004958   0x0000001a   Code   RO         4475    i.LL_Msg_Event_Status  Rafael_BLE_MM32F032xx_s.lib(ll.o)
    0x08004972   0x08004972   0x00000002   PAD
    0x08004974   0x08004974   0x0000009c   Code   RO         4478    i.LL_Queue_To_Buffer_Isr  Rafael_BLE_MM32F032xx_s.lib(ll.o)
    0x08004a10   0x08004a10   0x000000d8   Code   RO         4479    i.LL_ReleaseConnID  Rafael_BLE_MM32F032xx_s.lib(ll.o)
    0x08004ae8   0x08004ae8   0x000000f4   Code   RO         4480    i.LL_ReleaseConnID_Isr  Rafael_BLE_MM32F032xx_s.lib(ll.o)
    0x08004bdc   0x08004bdc   0x00000054   Code   RO         4481    i.LL_RfChRemap      Rafael_BLE_MM32F032xx_s.lib(ll.o)
    0x08004c30   0x08004c30   0x00000024   Code   RO         4482    i.LL_Root           Rafael_BLE_MM32F032xx_s.lib(ll.o)
    0x08004c54   0x08004c54   0x00000054   Code   RO         4483    i.LL_RxEnter_Isr    Rafael_BLE_MM32F032xx_s.lib(ll.o)
    0x08004ca8   0x08004ca8   0x0000001c   Code   RO         4485    i.LL_Slv_Win_Width_Incr  Rafael_BLE_MM32F032xx_s.lib(ll.o)
    0x08004cc4   0x08004cc4   0x00000030   Code   RO         4487    i.LL_SvPrToutAccu_Incr  Rafael_BLE_MM32F032xx_s.lib(ll.o)
    0x08004cf4   0x08004cf4   0x0000002c   Code   RO         4488    i.LL_TmrBlk_Pt_PairRst  Rafael_BLE_MM32F032xx_s.lib(ll.o)
    0x08004d20   0x08004d20   0x00000038   Code   RO         4489    i.LL_TmrBlk_Rls     Rafael_BLE_MM32F032xx_s.lib(ll.o)
    0x08004d58   0x08004d58   0x00000020   Code   RO         4490    i.LL_TmrBlk_Rls_NxtIntvl  Rafael_BLE_MM32F032xx_s.lib(ll.o)
    0x08004d78   0x08004d78   0x00000048   Code   RO         4491    i.LL_TmrBlk_Rls_Pair  Rafael_BLE_MM32F032xx_s.lib(ll.o)
    0x08004dc0   0x08004dc0   0x00000078   Code   RO         4492    i.LL_Tmr_FIFO_ADVrpt  Rafael_BLE_MM32F032xx_s.lib(ll.o)
    0x08004e38   0x08004e38   0x00000058   Code   RO         4493    i.LL_TxEnter_Isr    Rafael_BLE_MM32F032xx_s.lib(ll.o)
    0x08004e90   0x08004e90   0x00000044   Code   RO         4494    i.LL_smp_SKD_IV_genIn  Rafael_BLE_MM32F032xx_s.lib(ll.o)
    0x08004ed4   0x08004ed4   0x0000003a   Code   RO          605    i.MCU_GpioIntDisable  porting_misc.o
    0x08004f0e   0x08004f0e   0x0000003e   Code   RO          606    i.MCU_GpioIntEnable  porting_misc.o
    0x08004f4c   0x08004f4c   0x0000002c   Code   RO          607    i.MCU_GpioPinInit   porting_misc.o
    0x08004f78   0x08004f78   0x00000004   Code   RO         4495    i.MEC_HCI_Null      Rafael_BLE_MM32F032xx_s.lib(ll.o)
    0x08004f7c   0x08004f7c   0x00000224   Code   RO         3938    i.MHC_Callback      Rafael_BLE_MM32F032xx_s.lib(ble_event.o)
    0x080051a0   0x080051a0   0x00000002   Code   RO         5599    i.MHC_Event_Authen_Payload_Timeout_Expired  Rafael_BLE_MM32F032xx_s.lib(hci.o)
    0x080051a2   0x080051a2   0x00000002   PAD
    0x080051a4   0x080051a4   0x00000094   Code   RO         5600    i.MHC_Event_Cmd_Complete  Rafael_BLE_MM32F032xx_s.lib(hci.o)
    0x08005238   0x08005238   0x0000001c   Code   RO         5601    i.MHC_Event_Cmd_Status  Rafael_BLE_MM32F032xx_s.lib(hci.o)
    0x08005254   0x08005254   0x00000002   Code   RO         5602    i.MHC_Event_Data_Buffer_Overflow  Rafael_BLE_MM32F032xx_s.lib(hci.o)
    0x08005256   0x08005256   0x00000002   PAD
    0x08005258   0x08005258   0x00000028   Code   RO         5603    i.MHC_Event_Disconn_Complete  Rafael_BLE_MM32F032xx_s.lib(hci.o)
    0x08005280   0x08005280   0x000000f8   Code   RO         5604    i.MHC_Event_Encrypt_Change  Rafael_BLE_MM32F032xx_s.lib(hci.o)
    0x08005378   0x08005378   0x00000058   Code   RO         5605    i.MHC_Event_Encrypt_Key_Refresh_Complete  Rafael_BLE_MM32F032xx_s.lib(hci.o)
    0x080053d0   0x080053d0   0x00000004   Code   RO         5606    i.MHC_Event_HCI_Raw  Rafael_BLE_MM32F032xx_s.lib(hci.o)
    0x080053d4   0x080053d4   0x00000002   Code   RO         5607    i.MHC_Event_Hardware_Error  Rafael_BLE_MM32F032xx_s.lib(hci.o)
    0x080053d6   0x080053d6   0x00000002   PAD
    0x080053d8   0x080053d8   0x00000034   Code   RO         5608    i.MHC_Event_Le_Adv_Report  Rafael_BLE_MM32F032xx_s.lib(hci.o)
    0x0800540c   0x0800540c   0x00000084   Code   RO         5609    i.MHC_Event_Le_Conn_Complete  Rafael_BLE_MM32F032xx_s.lib(hci.o)
    0x08005490   0x08005490   0x00000030   Code   RO         5610    i.MHC_Event_Le_Conn_Update_Complete  Rafael_BLE_MM32F032xx_s.lib(hci.o)
    0x080054c0   0x080054c0   0x0000002c   Code   RO         5611    i.MHC_Event_Le_Data_Length_Change  Rafael_BLE_MM32F032xx_s.lib(hci.o)
    0x080054ec   0x080054ec   0x000000d8   Code   RO         5612    i.MHC_Event_Le_Long_Term_Key_Req  Rafael_BLE_MM32F032xx_s.lib(hci.o)
    0x080055c4   0x080055c4   0x00000034   Code   RO         5613    i.MHC_Event_Le_PHY_Update_Complete  Rafael_BLE_MM32F032xx_s.lib(hci.o)
    0x080055f8   0x080055f8   0x0000001c   Code   RO         5614    i.MHC_Event_Le_Read_Remote_Used_Features_Complete  Rafael_BLE_MM32F032xx_s.lib(hci.o)
    0x08005614   0x08005614   0x00000002   Code   RO         5615    i.MHC_Event_Le_Remote_Conn_param_Req_Event  Rafael_BLE_MM32F032xx_s.lib(hci.o)
    0x08005616   0x08005616   0x00000002   PAD
    0x08005618   0x08005618   0x00000014   Code   RO         5616    i.MHC_Event_Le_Wait_Passkey_Confrim  Rafael_BLE_MM32F032xx_s.lib(hci.o)
    0x0800562c   0x0800562c   0x00000002   Code   RO         5617    i.MHC_Event_Null    Rafael_BLE_MM32F032xx_s.lib(hci.o)
    0x0800562e   0x0800562e   0x00000004   Code   RO         5618    i.MHC_Event_Num_Of_Completed_Pckts  Rafael_BLE_MM32F032xx_s.lib(hci.o)
    0x08005632   0x08005632   0x00000002   PAD
    0x08005634   0x08005634   0x00000010   Code   RO         5619    i.MHC_Event_Read_Remote_Ver_Info_Complete  Rafael_BLE_MM32F032xx_s.lib(hci.o)
    0x08005644   0x08005644   0x00000014   Code   RO         5620    i.MHC_Event_STK_Gen_Method  Rafael_BLE_MM32F032xx_s.lib(hci.o)
    0x08005658   0x08005658   0x00000014   Code   RO         5621    i.MHC_Evnet_Auth_Status  Rafael_BLE_MM32F032xx_s.lib(hci.o)
    0x0800566c   0x0800566c   0x00000044   Code   RO         5622    i.MHC_LE_ACL_Data_Pkt  Rafael_BLE_MM32F032xx_s.lib(hci.o)
    0x080056b0   0x080056b0   0x00000004   Code   RO         5623    i.MHC_LE_ACL_Data_Pkt_Extend  Rafael_BLE_MM32F032xx_s.lib(hci.o)
    0x080056b4   0x080056b4   0x00000002   Code   RO         3977    i.MHS_Event_Null    Rafael_BLE_MM32F032xx_s.lib(host.o)
    0x080056b6   0x080056b6   0x00000002   Code   RO         5821    i.ML2CAP_Event_Null  Rafael_BLE_MM32F032xx_s.lib(l2cap.o)
    0x080056b8   0x080056b8   0x00000004   Code   RO         4496    i.MLL_HCI_Null      Rafael_BLE_MM32F032xx_s.lib(ll.o)
    0x080056bc   0x080056bc   0x00000004   Code   RO         4497    i.MLL_LE_Ctrl_Pkt   Rafael_BLE_MM32F032xx_s.lib(ll.o)
    0x080056c0   0x080056c0   0x00000018   Code   RO         4498    i.MLL_LL_CHN_Map_Upd  Rafael_BLE_MM32F032xx_s.lib(ll.o)
    0x080056d8   0x080056d8   0x0000001c   Code   RO         4499    i.MLL_LL_Enc_Req    Rafael_BLE_MM32F032xx_s.lib(ll.o)
    0x080056f4   0x080056f4   0x00000050   Code   RO         1918    i.NVIC_Init         hal_misc.o
    0x08005744   0x08005744   0x00000044   Code   RO          498    i.NVIC_SetPriority  systick.o
    0x08005788   0x08005788   0x00000034   Code   RO         5870    i.PassEC_BLE_CODE_SMP  Rafael_BLE_MM32F032xx_s.lib(mmi.o)
    0x080057bc   0x080057bc   0x00000024   Code   RO         5871    i.Prcss_BLE_CODE_SMP_Encryption_Information  Rafael_BLE_MM32F032xx_s.lib(mmi.o)
    0x080057e0   0x080057e0   0x00000004   Code   RO         5872    i.Prcss_BLE_CODE_SMP_Identity_Address_Information  Rafael_BLE_MM32F032xx_s.lib(mmi.o)
    0x080057e4   0x080057e4   0x00000024   Code   RO         5873    i.Prcss_BLE_CODE_SMP_Identity_Information  Rafael_BLE_MM32F032xx_s.lib(mmi.o)
    0x08005808   0x08005808   0x0000003c   Code   RO         5874    i.Prcss_BLE_CODE_SMP_Master_Identification  Rafael_BLE_MM32F032xx_s.lib(mmi.o)
    0x08005844   0x08005844   0x00000060   Code   RO         5875    i.Prcss_BLE_CODE_SMP_Pairing_Confirm  Rafael_BLE_MM32F032xx_s.lib(mmi.o)
    0x080058a4   0x080058a4   0x00000034   Code   RO         5876    i.Prcss_BLE_CODE_SMP_Pairing_Failed  Rafael_BLE_MM32F032xx_s.lib(mmi.o)
    0x080058d8   0x080058d8   0x00000018   Code   RO         5877    i.Prcss_BLE_CODE_SMP_Pairing_Random  Rafael_BLE_MM32F032xx_s.lib(mmi.o)
    0x080058f0   0x080058f0   0x000000f8   Code   RO         5878    i.Prcss_BLE_CODE_SMP_Pairing_Request  Rafael_BLE_MM32F032xx_s.lib(mmi.o)
    0x080059e8   0x080059e8   0x00000004   Code   RO         5879    i.Prcss_BLE_CODE_SMP_Pairing_Response  Rafael_BLE_MM32F032xx_s.lib(mmi.o)
    0x080059ec   0x080059ec   0x00000004   Code   RO         5880    i.Prcss_BLE_CODE_SMP_Reserved  Rafael_BLE_MM32F032xx_s.lib(mmi.o)
    0x080059f0   0x080059f0   0x00000004   Code   RO         5881    i.Prcss_BLE_CODE_SMP_Security_Request  Rafael_BLE_MM32F032xx_s.lib(mmi.o)
    0x080059f4   0x080059f4   0x00000024   Code   RO         5882    i.Prcss_BLE_CODE_SMP_Signing_Information  Rafael_BLE_MM32F032xx_s.lib(mmi.o)
    0x08005a18   0x08005a18   0x00000004   Code   RO         5883    i.Prcss_L2CAP_CID_AMP_MANAGER_PROTOCOL  Rafael_BLE_MM32F032xx_s.lib(mmi.o)
    0x08005a1c   0x08005a1c   0x00000044   Code   RO         5884    i.Prcss_L2CAP_CID_ATTRIBUTE_PROTOCOL  Rafael_BLE_MM32F032xx_s.lib(mmi.o)
    0x08005a60   0x08005a60   0x00000004   Code   RO         5885    i.Prcss_L2CAP_CID_CONNECTIONLESS_CHANNEL  Rafael_BLE_MM32F032xx_s.lib(mmi.o)
    0x08005a64   0x08005a64   0x00000004   Code   RO         5886    i.Prcss_L2CAP_CID_L2CAP_SIGNALING_CHANNEL  Rafael_BLE_MM32F032xx_s.lib(mmi.o)
    0x08005a68   0x08005a68   0x00000050   Code   RO         5887    i.Prcss_L2CAP_CID_LE_L2CAP_SIGNALING_CHANNEL  Rafael_BLE_MM32F032xx_s.lib(mmi.o)
    0x08005ab8   0x08005ab8   0x00000004   Code   RO         5888    i.Prcss_L2CAP_CID_NULL_IDENTIFIER  Rafael_BLE_MM32F032xx_s.lib(mmi.o)
    0x08005abc   0x08005abc   0x00000028   Code   RO         5889    i.Prcss_L2CAP_CID_SECURITY_MANAGER_PROTOCOL  Rafael_BLE_MM32F032xx_s.lib(mmi.o)
    0x08005ae4   0x08005ae4   0x00000004   Code   RO         5890    i.Prcss_OPCODE_ATT_Error_Response  Rafael_BLE_MM32F032xx_s.lib(mmi.o)
    0x08005ae8   0x08005ae8   0x00000054   Code   RO         5891    i.Prcss_OPCODE_ATT_Exchange_MTU_Request  Rafael_BLE_MM32F032xx_s.lib(mmi.o)
    0x08005b3c   0x08005b3c   0x00000030   Code   RO         5892    i.Prcss_OPCODE_ATT_Exchange_MTU_Response  Rafael_BLE_MM32F032xx_s.lib(mmi.o)
    0x08005b6c   0x08005b6c   0x000000fc   Code   RO         5893    i.Prcss_OPCODE_ATT_Execute_Write_Request  Rafael_BLE_MM32F032xx_s.lib(mmi.o)
    0x08005c68   0x08005c68   0x00000004   Code   RO         5894    i.Prcss_OPCODE_ATT_Execute_Write_Response  Rafael_BLE_MM32F032xx_s.lib(mmi.o)
    0x08005c6c   0x08005c6c   0x0000014c   Code   RO         5895    i.Prcss_OPCODE_ATT_Find_By_Type_Value_Request  Rafael_BLE_MM32F032xx_s.lib(mmi.o)
    0x08005db8   0x08005db8   0x00000004   Code   RO         5896    i.Prcss_OPCODE_ATT_Find_By_Type_Value_Response  Rafael_BLE_MM32F032xx_s.lib(mmi.o)
    0x08005dbc   0x08005dbc   0x00000158   Code   RO         5897    i.Prcss_OPCODE_ATT_Find_Information_Request  Rafael_BLE_MM32F032xx_s.lib(mmi.o)
    0x08005f14   0x08005f14   0x00000004   Code   RO         5898    i.Prcss_OPCODE_ATT_Find_Information_Response  Rafael_BLE_MM32F032xx_s.lib(mmi.o)
    0x08005f18   0x08005f18   0x00000010   Code   RO         5899    i.Prcss_OPCODE_ATT_Handle_Value_Confirmation  Rafael_BLE_MM32F032xx_s.lib(mmi.o)
    0x08005f28   0x08005f28   0x00000004   Code   RO         5900    i.Prcss_OPCODE_ATT_Handle_Value_Indication  Rafael_BLE_MM32F032xx_s.lib(mmi.o)
    0x08005f2c   0x08005f2c   0x00000004   Code   RO         5901    i.Prcss_OPCODE_ATT_Handle_Value_Notification  Rafael_BLE_MM32F032xx_s.lib(mmi.o)
    0x08005f30   0x08005f30   0x00000004   Code   RO         5902    i.Prcss_OPCODE_ATT_NULL  Rafael_BLE_MM32F032xx_s.lib(mmi.o)
    0x08005f34   0x08005f34   0x00000108   Code   RO         5903    i.Prcss_OPCODE_ATT_Prepare_Write_Request  Rafael_BLE_MM32F032xx_s.lib(mmi.o)
    0x0800603c   0x0800603c   0x00000004   Code   RO         5904    i.Prcss_OPCODE_ATT_Prepare_Write_Response  Rafael_BLE_MM32F032xx_s.lib(mmi.o)
    0x08006040   0x08006040   0x00000118   Code   RO         5905    i.Prcss_OPCODE_ATT_Read_Blob_Request  Rafael_BLE_MM32F032xx_s.lib(mmi.o)
    0x08006158   0x08006158   0x00000004   Code   RO         5906    i.Prcss_OPCODE_ATT_Read_Blob_Response  Rafael_BLE_MM32F032xx_s.lib(mmi.o)
    0x0800615c   0x0800615c   0x00000258   Code   RO         5907    i.Prcss_OPCODE_ATT_Read_By_Type_Request  Rafael_BLE_MM32F032xx_s.lib(mmi.o)
    0x080063b4   0x080063b4   0x00000004   Code   RO         5908    i.Prcss_OPCODE_ATT_Read_By_Type_Response  Rafael_BLE_MM32F032xx_s.lib(mmi.o)
    0x080063b8   0x080063b8   0x00000020   Code   RO         5909    i.Prcss_OPCODE_ATT_Read_Multiple_Request  Rafael_BLE_MM32F032xx_s.lib(mmi.o)
    0x080063d8   0x080063d8   0x00000004   Code   RO         5910    i.Prcss_OPCODE_ATT_Read_Multiple_Response  Rafael_BLE_MM32F032xx_s.lib(mmi.o)
    0x080063dc   0x080063dc   0x00000124   Code   RO         5911    i.Prcss_OPCODE_ATT_Read_Request  Rafael_BLE_MM32F032xx_s.lib(mmi.o)
    0x08006500   0x08006500   0x00000004   Code   RO         5912    i.Prcss_OPCODE_ATT_Read_Response  Rafael_BLE_MM32F032xx_s.lib(mmi.o)
    0x08006504   0x08006504   0x000002d4   Code   RO         5913    i.Prcss_OPCODE_ATT_Read_by_Group_Type_Request  Rafael_BLE_MM32F032xx_s.lib(mmi.o)
    0x080067d8   0x080067d8   0x00000004   Code   RO         5914    i.Prcss_OPCODE_ATT_Read_by_Group_Type_Response  Rafael_BLE_MM32F032xx_s.lib(mmi.o)
    0x080067dc   0x080067dc   0x000000d0   Code   RO         5916    i.Prcss_OPCODE_ATT_Write_Command  Rafael_BLE_MM32F032xx_s.lib(mmi.o)
    0x080068ac   0x080068ac   0x00000114   Code   RO         5917    i.Prcss_OPCODE_ATT_Write_Request  Rafael_BLE_MM32F032xx_s.lib(mmi.o)
    0x080069c0   0x080069c0   0x0000000c   Code   RO         5918    i.Prcss_OPCODE_ATT_Write_Response  Rafael_BLE_MM32F032xx_s.lib(mmi.o)
    0x080069cc   0x080069cc   0x00000018   Code   RO         2034    i.RCC_AHBPeriphClockCmd  hal_rcc.o
    0x080069e4   0x080069e4   0x00000018   Code   RO         2036    i.RCC_APB1PeriphClockCmd  hal_rcc.o
    0x080069fc   0x080069fc   0x00000018   Code   RO         2038    i.RCC_APB2PeriphClockCmd  hal_rcc.o
    0x08006a14   0x08006a14   0x00000020   Code   RO         2047    i.RCC_GetHCLKFreq   hal_rcc.o
    0x08006a34   0x08006a34   0x00000020   Code   RO         2049    i.RCC_GetPCLK1Freq  hal_rcc.o
    0x08006a54   0x08006a54   0x00000020   Code   RO         2050    i.RCC_GetPCLK2Freq  hal_rcc.o
    0x08006a74   0x08006a74   0x00000048   Code   RO         2052    i.RCC_GetSysClockFreq  hal_rcc.o
    0x08006abc   0x08006abc   0x0000001c   Code   RO         5186    i.RF_CCM_AES_Mode_set  Rafael_BLE_MM32F032xx_s.lib(rf_phy.o)
    0x08006ad8   0x08006ad8   0x0000000e   Code   RO         5187    i.RF_CRCInit        Rafael_BLE_MM32F032xx_s.lib(rf_phy.o)
    0x08006ae6   0x08006ae6   0x00000014   Code   RO         5188    i.RF_CRCchk         Rafael_BLE_MM32F032xx_s.lib(rf_phy.o)
    0x08006afa   0x08006afa   0x00000002   PAD
    0x08006afc   0x08006afc   0x0000002c   Code   RO         5189    i.RF_DC_Rstr_Isr    Rafael_BLE_MM32F032xx_s.lib(rf_phy.o)
    0x08006b28   0x08006b28   0x00000060   Code   RO         5192    i.RF_Get_LastRssi   Rafael_BLE_MM32F032xx_s.lib(rf_phy.o)
    0x08006b88   0x08006b88   0x00000010   Code   RO         5195    i.RF_Header_Rdy_intOn  Rafael_BLE_MM32F032xx_s.lib(rf_phy.o)
    0x08006b98   0x08006b98   0x00000170   Code   RO         5196    i.RF_Init           Rafael_BLE_MM32F032xx_s.lib(rf_phy.o)
    0x08006d08   0x08006d08   0x00000014   Code   RO         5197    i.RF_IntReset       Rafael_BLE_MM32F032xx_s.lib(rf_phy.o)
    0x08006d1c   0x08006d1c   0x00000018   Code   RO         5199    i.RF_LE_HeaderStsLen_Tx  Rafael_BLE_MM32F032xx_s.lib(rf_phy.o)
    0x08006d34   0x08006d34   0x00000068   Code   RO           75    i.RF_Open           main.o
    0x08006d9c   0x08006d9c   0x0000000e   Code   RO         5200    i.RF_PLL_VCO_Bank_set  Rafael_BLE_MM32F032xx_s.lib(rf_phy.o)
    0x08006daa   0x08006daa   0x00000002   PAD
    0x08006dac   0x08006dac   0x00000044   Code   RO         5201    i.RF_PowerSaving_En_Isr  Rafael_BLE_MM32F032xx_s.lib(rf_phy.o)
    0x08006df0   0x08006df0   0x0000000c   Code   RO         5204    i.RF_RxLengthLimit  Rafael_BLE_MM32F032xx_s.lib(rf_phy.o)
    0x08006dfc   0x08006dfc   0x00000084   Code   RO         5205    i.RF_Set_TxPowerLevel_Isr  Rafael_BLE_MM32F032xx_s.lib(rf_phy.o)
    0x08006e80   0x08006e80   0x0000009c   Code   RO          611    i.RF_SpiIoMapping   porting_misc.o
    0x08006f1c   0x08006f1c   0x00000030   Code   RO         5206    i.RF_SymbolRate_Patch_1M_2M  Rafael_BLE_MM32F032xx_s.lib(rf_phy.o)
    0x08006f4c   0x08006f4c   0x00000024   Code   RO         5207    i.RF_SymbolRate_set  Rafael_BLE_MM32F032xx_s.lib(rf_phy.o)
    0x08006f70   0x08006f70   0x000000d4   Code   RO         5211    i.RF_Tmr_Periodic_initial  Rafael_BLE_MM32F032xx_s.lib(rf_phy.o)
    0x08007044   0x08007044   0x0000005c   Code   RO         5212    i.RF_Tmr_Periodic_set_ISR  Rafael_BLE_MM32F032xx_s.lib(rf_phy.o)
    0x080070a0   0x080070a0   0x00000018   Code   RO         5213    i.RF_TxAutoAckOff   Rafael_BLE_MM32F032xx_s.lib(rf_phy.o)
    0x080070b8   0x080070b8   0x00000018   Code   RO         5214    i.RF_TxAutoAckOn    Rafael_BLE_MM32F032xx_s.lib(rf_phy.o)
    0x080070d0   0x080070d0   0x00000018   Code   RO         5215    i.RF_TxFIFO_ADVData_set  Rafael_BLE_MM32F032xx_s.lib(rf_phy.o)
    0x080070e8   0x080070e8   0x00000018   Code   RO         5216    i.RF_TxFIFO_ADVaddr_set  Rafael_BLE_MM32F032xx_s.lib(rf_phy.o)
    0x08007100   0x08007100   0x00000020   Code   RO         5217    i.RF_TxFIFO_LeData_set  Rafael_BLE_MM32F032xx_s.lib(rf_phy.o)
    0x08007120   0x08007120   0x0000001c   Code   RO         5218    i.RF_TxFIFO_LeData_wIdx_set  Rafael_BLE_MM32F032xx_s.lib(rf_phy.o)
    0x0800713c   0x0800713c   0x0000001c   Code   RO         5219    i.RF_TxFIFO_OriginAddr_set  Rafael_BLE_MM32F032xx_s.lib(rf_phy.o)
    0x08007158   0x08007158   0x00000064   Code   RO         5220    i.RF_Voltage_Det    Rafael_BLE_MM32F032xx_s.lib(rf_phy.o)
    0x080071bc   0x080071bc   0x00000014   Code   RO         5221    i.RF_WTR_EnChk      Rafael_BLE_MM32F032xx_s.lib(rf_phy.o)
    0x080071d0   0x080071d0   0x00000018   Code   RO         5224    i.RF_WTR_intOff     Rafael_BLE_MM32F032xx_s.lib(rf_phy.o)
    0x080071e8   0x080071e8   0x00000018   Code   RO         5225    i.RF_WTR_intOn      Rafael_BLE_MM32F032xx_s.lib(rf_phy.o)
    0x08007200   0x08007200   0x00000034   Code   RO         4500    i.RF_cmpFIFO_BDAddr  Rafael_BLE_MM32F032xx_s.lib(ll.o)
    0x08007234   0x08007234   0x00000044   Code   RO         4501    i.RF_cmpFIFO_WhiteList  Rafael_BLE_MM32F032xx_s.lib(ll.o)
    0x08007278   0x08007278   0x00000024   Code   RO         4126    i.RcvMsgBlk         Rafael_BLE_MM32F032xx_s.lib(kernel.o)
    0x0800729c   0x0800729c   0x0000000c   Code   RO         5822    i.Rls_L2CAP_Buf     Rafael_BLE_MM32F032xx_s.lib(l2cap.o)
    0x080072a8   0x080072a8   0x00000034   Code   RO         5919    i.SMEC_LE_CODE_SMP_Pairing_Confirm  Rafael_BLE_MM32F032xx_s.lib(mmi.o)
    0x080072dc   0x080072dc   0x000000a0   Code   RO         5920    i.SMEC_LE_CODE_SMP_Pairing_Random  Rafael_BLE_MM32F032xx_s.lib(mmi.o)
    0x0800737c   0x0800737c   0x00000090   Code   RO         5921    i.SMEC_LE_SMP_Key_Gen  Rafael_BLE_MM32F032xx_s.lib(mmi.o)
    0x0800740c   0x0800740c   0x00000068   Code   RO          691    i.SPI_1BYT_SetRx    porting_spi.o
    0x08007474   0x08007474   0x00000078   Code   RO          692    i.SPI_1BYT_SetRx_Isr  porting_spi.o
    0x080074ec   0x080074ec   0x00000048   Code   RO          693    i.SPI_1BYT_SetTx    porting_spi.o
    0x08007534   0x08007534   0x00000044   Code   RO          694    i.SPI_1BYT_SetTx_Isr  porting_spi.o
    0x08007578   0x08007578   0x00000064   Code   RO          695    i.SPI_2BYT_SetTx_Isr  porting_spi.o
    0x080075dc   0x080075dc   0x0000002e   Code   RO         2408    i.SPI_BiDirectionalLineConfig  hal_spi.o
    0x0800760a   0x0800760a   0x00000014   Code   RO         2409    i.SPI_CSInternalSelected  hal_spi.o
    0x0800761e   0x0800761e   0x00000014   Code   RO         2411    i.SPI_Cmd           hal_spi.o
    0x08007632   0x08007632   0x00000014   Code   RO         2412    i.SPI_DMACmd        hal_spi.o
    0x08007646   0x08007646   0x00000002   PAD
    0x08007648   0x08007648   0x00000038   Code   RO          612    i.SPI_GPIO_Init     porting_misc.o
    0x08007680   0x08007680   0x0000006e   Code   RO         2419    i.SPI_Init          hal_spi.o
    0x080076ee   0x080076ee   0x00000002   PAD
    0x080076f0   0x080076f0   0x00000074   Code   RO          696    i.SPI_PDMA_SetRx_Isr  porting_spi.o
    0x08007764   0x08007764   0x0000007c   Code   RO          697    i.SPI_PDMA_SetTx    porting_spi.o
    0x080077e0   0x080077e0   0x00000004   Code   RO          698    i.SPI_PDMA_waitFinish  porting_spi.o
    0x080077e4   0x080077e4   0x0000001a   Code   RO         2425    i.SPI_StructInit    hal_spi.o
    0x080077fe   0x080077fe   0x00000002   PAD
    0x08007800   0x08007800   0x00000164   Code   RO          406    i.SPIx_Configure    spi.o
    0x08007964   0x08007964   0x00000120   Code   RO          407    i.SPIx_DMA_Configure  spi.o
    0x08007a84   0x08007a84   0x00000030   Code   RO          408    i.SPIx_DMA_InterruptConfigure  spi.o
    0x08007ab4   0x08007ab4   0x000000d8   Code   RO          409    i.SPIx_DMA_RxData   spi.o
    0x08007b8c   0x08007b8c   0x000000cc   Code   RO          410    i.SPIx_DMA_TxData   spi.o
    0x08007c58   0x08007c58   0x00000044   Code   RO          411    i.SPIx_ReadWriteByte  spi.o
    0x08007c9c   0x08007c9c   0x0000000a   Code   RO          412    i.SPIx_WriteByte    spi.o
    0x08007ca6   0x08007ca6   0x00000002   PAD
    0x08007ca8   0x08007ca8   0x000000d0   Code   RO            4    i.SetSysClockTo48   system_mm32f032xx_s.o
    0x08007d78   0x08007d78   0x00000020   Code   RO         4127    i.SndMsgBlk         Rafael_BLE_MM32F032xx_s.lib(kernel.o)
    0x08007d98   0x08007d98   0x0000001c   Code   RO         4502    i.SndMsgBlkEC       Rafael_BLE_MM32F032xx_s.lib(ll.o)
    0x08007db4   0x08007db4   0x0000001c   Code   RO         4128    i.SndMsgBlk_Isr     Rafael_BLE_MM32F032xx_s.lib(kernel.o)
    0x08007dd0   0x08007dd0   0x00000030   Code   RO         4130    i.SndMsgBlks_Isr    Rafael_BLE_MM32F032xx_s.lib(kernel.o)
    0x08007e00   0x08007e00   0x00000010   Code   RO          499    i.SysTick_DelayMs   systick.o
    0x08007e10   0x08007e10   0x00000014   Code   RO          500    i.SysTick_Handler   systick.o
    0x08007e24   0x08007e24   0x00000048   Code   RO          501    i.SysTick_Init      systick.o
    0x08007e6c   0x08007e6c   0x00000054   Code   RO            5    i.SystemInit        system_mm32f032xx_s.o
    0x08007ec0   0x08007ec0   0x0000000c   Code   RO         3133    i.UART_Cmd          hal_uart.o
    0x08007ecc   0x08007ecc   0x0000000a   Code   RO         3137    i.UART_GetFlagStatus  hal_uart.o
    0x08007ed6   0x08007ed6   0x00000002   PAD
    0x08007ed8   0x08007ed8   0x00000070   Code   RO         3141    i.UART_Init         hal_uart.o
    0x08007f48   0x08007f48   0x00000006   Code   RO         3145    i.UART_SendData     hal_uart.o
    0x08007f4e   0x08007f4e   0x00000018   Code   RO         3154    i.UART_StructInit   hal_uart.o
    0x08007f66   0x08007f66   0x00000002   PAD
    0x08007f68   0x08007f68   0x0000012c   Code   RO          544    i.UARTx_Configure   uart.o
    0x08008094   0x08008094   0x00000020   Code   RO         6631    i.__0printf$8       mc_p.l(printf8.o)
    0x080080b4   0x080080b4   0x0000001a   Code   RO         4361    i.__ARM_common_switch8  Rafael_BLE_MM32F032xx_s.lib(kernel.o)
    0x080080ce   0x080080ce   0x0000000e   Code   RO         6726    i.__scatterload_copy  mc_p.l(handlers.o)
    0x080080dc   0x080080dc   0x00000002   Code   RO         6727    i.__scatterload_null  mc_p.l(handlers.o)
    0x080080de   0x080080de   0x0000000e   Code   RO         6728    i.__scatterload_zeroinit  mc_p.l(handlers.o)
    0x080080ec   0x080080ec   0x00000428   Code   RO         6638    i._printf_core      mc_p.l(printf8.o)
    0x08008514   0x08008514   0x00000020   Code   RO         6639    i._printf_post_padding  mc_p.l(printf8.o)
    0x08008534   0x08008534   0x0000002c   Code   RO         6640    i._printf_pre_padding  mc_p.l(printf8.o)
    0x08008560   0x08008560   0x00000084   Code   RO         6232    i.checkBLE_CmdTimer  Rafael_BLE_MM32F032xx_s.lib(rffunction.o)
    0x080085e4   0x080085e4   0x0000005c   Code   RO         6233    i.chkBLE_ATTRIBUTE_PERMISSION_Read  Rafael_BLE_MM32F032xx_s.lib(rffunction.o)
    0x08008640   0x08008640   0x0000005c   Code   RO         6234    i.chkBLE_ATTRIBUTE_PERMISSION_Write  Rafael_BLE_MM32F032xx_s.lib(rffunction.o)
    0x0800869c   0x0800869c   0x00000004   Code   RO         6235    i.chkBLE_ATT_Chr_AcssRd_ByUser  Rafael_BLE_MM32F032xx_s.lib(rffunction.o)
    0x080086a0   0x080086a0   0x00000004   Code   RO         6236    i.chkBLE_ATT_Chr_AcssWr_ByUser  Rafael_BLE_MM32F032xx_s.lib(rffunction.o)
    0x080086a4   0x080086a4   0x00000014   Code   RO         4503    i.chkBLE_LL_State_Adv  Rafael_BLE_MM32F032xx_s.lib(ll.o)
    0x080086b8   0x080086b8   0x00000014   Code   RO         4504    i.chkBLE_LL_State_Init  Rafael_BLE_MM32F032xx_s.lib(ll.o)
    0x080086cc   0x080086cc   0x00000014   Code   RO         4505    i.chkBLE_LL_State_Scan  Rafael_BLE_MM32F032xx_s.lib(ll.o)
    0x080086e0   0x080086e0   0x00000018   Code   RO         6237    i.chkIfBLE_ATT_Chr_Acss_ByUser  Rafael_BLE_MM32F032xx_s.lib(rffunction.o)
    0x080086f8   0x080086f8   0x00000030   Code   RO         6238    i.clearBLE_CmdTimer  Rafael_BLE_MM32F032xx_s.lib(rffunction.o)
    0x08008728   0x08008728   0x0000000c   Code   RO          575    i.delay_us          porting_lltimer.o
    0x08008734   0x08008734   0x00000020   Code   RO         1255    i.exEXTI_LineDisable  hal_exti.o
    0x08008754   0x08008754   0x00000024   Code   RO          545    i.fputc             uart.o
    0x08008778   0x08008778   0x0000001c   Code   RO         6239    i.getBLE_ATTRIBUTE_TYPE_Size  Rafael_BLE_MM32F032xx_s.lib(rffunction.o)
    0x08008794   0x08008794   0x00000020   Code   RO         6240    i.getBLE_ATTRIBUTE_Value_DynmcLngth  Rafael_BLE_MM32F032xx_s.lib(rffunction.o)
    0x080087b4   0x080087b4   0x00000014   Code   RO         6241    i.getBLE_CmdTimerEvent  Rafael_BLE_MM32F032xx_s.lib(rffunction.o)
    0x080087c8   0x080087c8   0x00000080   Code   RO         6242    i.initBLE_AttServParamter  Rafael_BLE_MM32F032xx_s.lib(rffunction.o)
    0x08008848   0x08008848   0x00000040   Code   RO         5922    i.initBLEsmp        Rafael_BLE_MM32F032xx_s.lib(mmi.o)
    0x08008888   0x08008888   0x00000038   Code   RO         5923    i.initBLEsmp_Re     Rafael_BLE_MM32F032xx_s.lib(mmi.o)
    0x080088c0   0x080088c0   0x00000014   Code   RO         5924    i.initBLEsw         Rafael_BLE_MM32F032xx_s.lib(mmi.o)
    0x080088d4   0x080088d4   0x00000014   Code   RO         3978    i.initBleDeviceParam  Rafael_BLE_MM32F032xx_s.lib(host.o)
    0x080088e8   0x080088e8   0x00000034   Code   RO         5624    i.initHCI           Rafael_BLE_MM32F032xx_s.lib(hci.o)
    0x0800891c   0x0800891c   0x00000018   Code   RO         5227    i.initInt           Rafael_BLE_MM32F032xx_s.lib(rf_phy.o)
    0x08008934   0x08008934   0x0000000c   Code   RO         5823    i.initL2CAP         Rafael_BLE_MM32F032xx_s.lib(l2cap.o)
    0x08008940   0x08008940   0x00000134   Code   RO         4506    i.initLL            Rafael_BLE_MM32F032xx_s.lib(ll.o)
    0x08008a74   0x08008a74   0x0000000c   Code   RO         5625    i.initLLCallBack    Rafael_BLE_MM32F032xx_s.lib(hci.o)
    0x08008a80   0x08008a80   0x00000018   Code   RO         6243    i.init_q_att_HDL_PreWr  Rafael_BLE_MM32F032xx_s.lib(rffunction.o)
    0x08008a98   0x08008a98   0x000000c0   Code   RO           76    i.main              main.o
    0x08008b58   0x08008b58   0x00000064   Code   RO         5228    i.rafael_pll_bank_get  Rafael_BLE_MM32F032xx_s.lib(rf_phy.o)
    0x08008bbc   0x08008bbc   0x00000130   Code   RO         5229    i.rafael_pll_calibration  Rafael_BLE_MM32F032xx_s.lib(rf_phy.o)
    0x08008cec   0x08008cec   0x00000028   Code   RO         5230    i.rafael_reset_phy_fsm  Rafael_BLE_MM32F032xx_s.lib(rf_phy.o)
    0x08008d14   0x08008d14   0x00000024   Code   RO         5231    i.rafael_reset_phy_fsm_Isr  Rafael_BLE_MM32F032xx_s.lib(rf_phy.o)
    0x08008d38   0x08008d38   0x00000038   Code   RO         3606    i.setBLE_AdvData    Rafael_BLE_MM32F032xx_s.lib(ble_cmd.o)
    0x08008d70   0x08008d70   0x00000036   Code   RO         3608    i.setBLE_AdvEnable  Rafael_BLE_MM32F032xx_s.lib(ble_cmd.o)
    0x08008da6   0x08008da6   0x00000002   PAD
    0x08008da8   0x08008da8   0x000000d4   Code   RO         3609    i.setBLE_AdvParam   Rafael_BLE_MM32F032xx_s.lib(ble_cmd.o)
    0x08008e7c   0x08008e7c   0x0000006c   Code   RO         3610    i.setBLE_BleDeviceAddr  Rafael_BLE_MM32F032xx_s.lib(ble_cmd.o)
    0x08008ee8   0x08008ee8   0x00000030   Code   RO         6244    i.setBLE_CmdTimer   Rafael_BLE_MM32F032xx_s.lib(rffunction.o)
    0x08008f18   0x08008f18   0x0000000e   Code   RO         6245    i.setBLE_ConnTxData  Rafael_BLE_MM32F032xx_s.lib(rffunction.o)
    0x08008f26   0x08008f26   0x00000030   Code   RO         6246    i.setBLE_ConnTxData_ATT_ERROR_RESPONSE  Rafael_BLE_MM32F032xx_s.lib(rffunction.o)
    0x08008f56   0x08008f56   0x0000003e   Code   RO         6247    i.setBLE_ConnTxData_SMP  Rafael_BLE_MM32F032xx_s.lib(rffunction.o)
    0x08008f94   0x08008f94   0x0000003e   Code   RO         6248    i.setBLE_ConnTxData_SMP_Isr  Rafael_BLE_MM32F032xx_s.lib(rffunction.o)
    0x08008fd2   0x08008fd2   0x00000024   Code   RO         3618    i.setBLE_Pairing_PassKey  Rafael_BLE_MM32F032xx_s.lib(ble_cmd.o)
    0x08008ff6   0x08008ff6   0x00000002   PAD
    0x08008ff8   0x08008ff8   0x00000018   Code   RO         3939    i.setBLE_RegisterBleEvent  Rafael_BLE_MM32F032xx_s.lib(ble_event.o)
    0x08009010   0x08009010   0x00000038   Code   RO         3624    i.setBLE_ScanRspData  Rafael_BLE_MM32F032xx_s.lib(ble_cmd.o)
    0x08009048   0x08009048   0x00000020   Code   RO         5232    i.setChannel_BLE    Rafael_BLE_MM32F032xx_s.lib(rf_phy.o)
    0x08009068   0x08009068   0x0000000c   Code   RO         5237    i.smpAES_En         Rafael_BLE_MM32F032xx_s.lib(rf_phy.o)
    0x08009074   0x08009074   0x00000048   Code   RO         5238    i.smpAES_inInv      Rafael_BLE_MM32F032xx_s.lib(rf_phy.o)
    0x080090bc   0x080090bc   0x00000018   Code   RO         5239    i.smpAES_in_PlainText  Rafael_BLE_MM32F032xx_s.lib(rf_phy.o)
    0x080090d4   0x080090d4   0x0000000e   Code   RO         5240    i.smpAES_in_key     Rafael_BLE_MM32F032xx_s.lib(rf_phy.o)
    0x080090e2   0x080090e2   0x00000022   Code   RO         5241    i.smpAES_out        Rafael_BLE_MM32F032xx_s.lib(rf_phy.o)
    0x08009104   0x08009104   0x00000030   Code   RO         5242    i.smpAES_outInv     Rafael_BLE_MM32F032xx_s.lib(rf_phy.o)
    0x08009134   0x08009134   0x000000c4   Code   RO         6249    i.smpC1             Rafael_BLE_MM32F032xx_s.lib(rffunction.o)
    0x080091f8   0x080091f8   0x00000018   Code   RO         6250    i.smpPasskey_init   Rafael_BLE_MM32F032xx_s.lib(rffunction.o)
    0x08009210   0x08009210   0x0000002c   Code   RO         6251    i.smpPasskey_set    Rafael_BLE_MM32F032xx_s.lib(rffunction.o)
    0x0800923c   0x0800923c   0x0000002c   Code   RO         6252    i.smpS1             Rafael_BLE_MM32F032xx_s.lib(rffunction.o)
    0x08009268   0x08009268   0x000000f0   Code   RO          615    i.spiGpioWriteReg   porting_misc.o
    0x08009358   0x08009358   0x0000001d   Data   RO          260    .constdata          user.o
    0x08009375   0x08009375   0x00000003   PAD
    0x08009378   0x08009378   0x00000008   Data   RO          413    .constdata          spi.o
    0x08009380   0x08009380   0x00000016   Data   RO          700    .constdata          porting_spi.o
    0x08009396   0x08009396   0x00000007   Data   RO         3455    .constdata          profile_tab.o
    0x0800939d   0x0800939d   0x00000007   Data   RO         3456    .constdata          profile_tab.o
    0x080093a4   0x080093a4   0x0000000a   Data   RO         3457    .constdata          profile_tab.o
    0x080093ae   0x080093ae   0x0000000d   Data   RO         3458    .constdata          profile_tab.o
    0x080093bb   0x080093bb   0x0000000a   Data   RO         3459    .constdata          profile_tab.o
    0x080093c5   0x080093c5   0x00000007   Data   RO         3460    .constdata          profile_tab.o
    0x080093cc   0x080093cc   0x0000000a   Data   RO         3461    .constdata          profile_tab.o
    0x080093d6   0x080093d6   0x0000000b   Data   RO         3462    .constdata          profile_tab.o
    0x080093e1   0x080093e1   0x0000000a   Data   RO         3463    .constdata          profile_tab.o
    0x080093eb   0x080093eb   0x00000006   Data   RO         3464    .constdata          profile_tab.o
    0x080093f1   0x080093f1   0x0000000a   Data   RO         3465    .constdata          profile_tab.o
    0x080093fb   0x080093fb   0x0000000d   Data   RO         3466    .constdata          profile_tab.o
    0x08009408   0x08009408   0x00000007   Data   RO         3467    .constdata          profile_tab.o
    0x0800940f   0x0800940f   0x0000000a   Data   RO         3468    .constdata          profile_tab.o
    0x08009419   0x08009419   0x00000009   Data   RO         3469    .constdata          profile_tab.o
    0x08009422   0x08009422   0x00000007   Data   RO         3470    .constdata          profile_tab.o
    0x08009429   0x08009429   0x00000007   Data   RO         3471    .constdata          profile_tab.o
    0x08009430   0x08009430   0x0000000a   Data   RO         3472    .constdata          profile_tab.o
    0x0800943a   0x0800943a   0x00000009   Data   RO         3473    .constdata          profile_tab.o
    0x08009443   0x08009443   0x0000000c   Data   RO         3474    .constdata          profile_tab.o
    0x0800944f   0x0800944f   0x0000000a   Data   RO         3475    .constdata          profile_tab.o
    0x08009459   0x08009459   0x0000000b   Data   RO         3476    .constdata          profile_tab.o
    0x08009464   0x08009464   0x0000000c   Data   RO         3477    .constdata          profile_tab.o
    0x08009470   0x08009470   0x0000000a   Data   RO         3478    .constdata          profile_tab.o
    0x0800947a   0x0800947a   0x0000000d   Data   RO         3479    .constdata          profile_tab.o
    0x08009487   0x08009487   0x0000000a   Data   RO         3480    .constdata          profile_tab.o
    0x08009491   0x08009491   0x00000009   Data   RO         3481    .constdata          profile_tab.o
    0x0800949a   0x0800949a   0x0000000c   Data   RO         3482    .constdata          profile_tab.o
    0x080094a6   0x080094a6   0x0000000a   Data   RO         3483    .constdata          profile_tab.o
    0x080094b0   0x080094b0   0x0000000b   Data   RO         3484    .constdata          profile_tab.o
    0x080094bb   0x080094bb   0x0000000c   Data   RO         3485    .constdata          profile_tab.o
    0x080094c7   0x080094c7   0x0000000a   Data   RO         3486    .constdata          profile_tab.o
    0x080094d1   0x080094d1   0x00000008   Data   RO         3487    .constdata          profile_tab.o
    0x080094d9   0x080094d9   0x0000000c   Data   RO         3488    .constdata          profile_tab.o
    0x080094e5   0x080094e5   0x0000000a   Data   RO         3489    .constdata          profile_tab.o
    0x080094ef   0x080094ef   0x00000009   Data   RO         3490    .constdata          profile_tab.o
    0x080094f8   0x080094f8   0x0000000c   Data   RO         3491    .constdata          profile_tab.o
    0x08009504   0x08009504   0x0000000a   Data   RO         3492    .constdata          profile_tab.o
    0x0800950e   0x0800950e   0x0000000c   Data   RO         3493    .constdata          profile_tab.o
    0x0800951a   0x0800951a   0x00000007   Data   RO         3494    .constdata          profile_tab.o
    0x08009521   0x08009521   0x0000000a   Data   RO         3495    .constdata          profile_tab.o
    0x0800952b   0x0800952b   0x00000009   Data   RO         3496    .constdata          profile_tab.o
    0x08009534   0x08009534   0x00000007   Data   RO         3497    .constdata          profile_tab.o
    0x0800953b   0x0800953b   0x0000000a   Data   RO         3498    .constdata          profile_tab.o
    0x08009545   0x08009545   0x00000006   Data   RO         3499    .constdata          profile_tab.o
    0x0800954b   0x0800954b   0x00000002   Data   RO         3500    .constdata          profile_tab.o
    0x0800954d   0x0800954d   0x00000002   Data   RO         3501    .constdata          profile_tab.o
    0x0800954f   0x0800954f   0x00000002   Data   RO         3504    .constdata          profile_tab.o
    0x08009551   0x08009551   0x00000002   Data   RO         3507    .constdata          profile_tab.o
    0x08009553   0x08009553   0x00000002   Data   RO         3508    .constdata          profile_tab.o
    0x08009555   0x08009555   0x00000002   Data   RO         3509    .constdata          profile_tab.o
    0x08009557   0x08009557   0x00000002   Data   RO         3510    .constdata          profile_tab.o
    0x08009559   0x08009559   0x00000002   Data   RO         3511    .constdata          profile_tab.o
    0x0800955b   0x0800955b   0x00000002   Data   RO         3512    .constdata          profile_tab.o
    0x0800955d   0x0800955d   0x00000002   Data   RO         3513    .constdata          profile_tab.o
    0x0800955f   0x0800955f   0x00000002   Data   RO         3514    .constdata          profile_tab.o
    0x08009561   0x08009561   0x00000002   Data   RO         3515    .constdata          profile_tab.o
    0x08009563   0x08009563   0x00000002   Data   RO         3516    .constdata          profile_tab.o
    0x08009565   0x08009565   0x00000002   Data   RO         3517    .constdata          profile_tab.o
    0x08009567   0x08009567   0x00000002   Data   RO         3518    .constdata          profile_tab.o
    0x08009569   0x08009569   0x00000002   Data   RO         3519    .constdata          profile_tab.o
    0x0800956b   0x0800956b   0x00000002   Data   RO         3520    .constdata          profile_tab.o
    0x0800956d   0x0800956d   0x00000002   Data   RO         3521    .constdata          profile_tab.o
    0x0800956f   0x0800956f   0x00000002   Data   RO         3522    .constdata          profile_tab.o
    0x08009571   0x08009571   0x00000002   Data   RO         3523    .constdata          profile_tab.o
    0x08009573   0x08009573   0x00000002   Data   RO         3524    .constdata          profile_tab.o
    0x08009575   0x08009575   0x00000002   Data   RO         3525    .constdata          profile_tab.o
    0x08009577   0x08009577   0x00000001   PAD
    0x08009578   0x08009578   0x000000b4   Data   RO         3526    .constdata          profile_tab.o
    0x0800962c   0x0800962c   0x000000b4   Data   RO         3527    .constdata          profile_tab.o
    0x080096e0   0x080096e0   0x0000000c   Data   RO         3980    .constdata          Rafael_BLE_MM32F032xx_s.lib(host.o)
    0x080096ec   0x080096ec   0x00000354   Data   RO         4512    .constdata          Rafael_BLE_MM32F032xx_s.lib(ll.o)
    0x08009a40   0x08009a40   0x0000011a   Data   RO         5245    .constdata          Rafael_BLE_MM32F032xx_s.lib(rf_phy.o)
    0x08009b5a   0x08009b5a   0x00000002   PAD
    0x08009b5c   0x08009b5c   0x0000006c   Data   RO         5627    .constdata          Rafael_BLE_MM32F032xx_s.lib(hci.o)
    0x08009bc8   0x08009bc8   0x00000040   Data   RO         5628    .constdata          Rafael_BLE_MM32F032xx_s.lib(hci.o)
    0x08009c08   0x08009c08   0x00000008   Data   RO         5629    .constdata          Rafael_BLE_MM32F032xx_s.lib(hci.o)
    0x08009c10   0x08009c10   0x00000004   Data   RO         5825    .constdata          Rafael_BLE_MM32F032xx_s.lib(l2cap.o)
    0x08009c14   0x08009c14   0x000000ac   Data   RO         5925    .constdata          Rafael_BLE_MM32F032xx_s.lib(mmi.o)
    0x08009cc0   0x08009cc0   0x0000001c   Data   RO         5926    .constdata          Rafael_BLE_MM32F032xx_s.lib(mmi.o)
    0x08009cdc   0x08009cdc   0x00000010   Data   RO         6263    .constdata          Rafael_BLE_MM32F032xx_s.lib(rffunction.o)
    0x08009cec   0x08009cec   0x0000004b   Data   RO          261    .conststring        user.o
    0x08009d37   0x08009d37   0x00000001   PAD
    0x08009d38   0x08009d38   0x00000020   Data   RO         6725    Region$$Table       anon$$obj.o


    Execution Region RW_IRAM1 (Exec base: 0x20000000, Load base: 0x08009d58, Size: 0x000017a0, Max: 0x00004000, ABSOLUTE, COMPRESSED[0x00000210])

    Exec Addr    Load Addr    Size         Type   Attr      Idx    E Section Name        Object

    0x20000000   COMPRESSED   0x00000008   Data   RW          262    .data               user.o
    0x20000008   COMPRESSED   0x00000002   Data   RW          414    .data               spi.o
    0x2000000a   COMPRESSED   0x00000002   PAD
    0x2000000c   COMPRESSED   0x00000004   Data   RW          502    .data               systick.o
    0x20000010   COMPRESSED   0x00000010   Data   RW         2075    .data               hal_rcc.o
    0x20000020   COMPRESSED   0x00000008   Data   RW         3528    .data               profile_tab.o
    0x20000028   COMPRESSED   0x00000006   Data   RW         3529    .data               profile_tab.o
    0x2000002e   COMPRESSED   0x00000004   Data   RW         3530    .data               profile_tab.o
    0x20000032   COMPRESSED   0x00000002   Data   RW         3531    .data               profile_tab.o
    0x20000034   COMPRESSED   0x00000004   Data   RW         3532    .data               profile_tab.o
    0x20000038   COMPRESSED   0x00000002   Data   RW         3533    .data               profile_tab.o
    0x2000003a   COMPRESSED   0x00000001   Data   RW         3534    .data               profile_tab.o
    0x2000003b   COMPRESSED   0x00000001   PAD
    0x2000003c   COMPRESSED   0x000000b4   Data   RW         3535    .data               profile_tab.o
    0x200000f0   COMPRESSED   0x000000b4   Data   RW         3536    .data               profile_tab.o
    0x200001a4   COMPRESSED   0x000000b4   Data   RW         3537    .data               profile_tab.o
    0x20000258   COMPRESSED   0x00000001   Data   RW         3538    .data               profile_tab.o
    0x20000259   COMPRESSED   0x00000003   PAD
    0x2000025c   COMPRESSED   0x00000004   Data   RW         3940    .data               Rafael_BLE_MM32F032xx_s.lib(ble_event.o)
    0x20000260   COMPRESSED   0x00000007   Data   RW         3981    .data               Rafael_BLE_MM32F032xx_s.lib(host.o)
    0x20000267   COMPRESSED   0x00000008   Data   RW         3982    .data               Rafael_BLE_MM32F032xx_s.lib(host.o)
    0x2000026f   COMPRESSED   0x00000001   PAD
    0x20000270   COMPRESSED   0x00000008   Data   RW         4132    .data               Rafael_BLE_MM32F032xx_s.lib(kernel.o)
    0x20000278   COMPRESSED   0x000000a8   Data   RW         4518    .data               Rafael_BLE_MM32F032xx_s.lib(ll.o)
    0x20000320   COMPRESSED   0x00000038   Data   RW         5250    .data               Rafael_BLE_MM32F032xx_s.lib(rf_phy.o)
    0x20000358   COMPRESSED   0x0000000d   Data   RW         5630    .data               Rafael_BLE_MM32F032xx_s.lib(hci.o)
    0x20000365   COMPRESSED   0x00000002   Data   RW         5927    .data               Rafael_BLE_MM32F032xx_s.lib(mmi.o)
    0x20000367   COMPRESSED   0x00000010   Data   RW         6264    .data               Rafael_BLE_MM32F032xx_s.lib(rffunction.o)
    0x20000377   COMPRESSED   0x0000000b   Data   RW         6265    .data               Rafael_BLE_MM32F032xx_s.lib(rffunction.o)
    0x20000382   COMPRESSED   0x00000010   Data   RW         6268    .data               Rafael_BLE_MM32F032xx_s.lib(rffunction.o)
    0x20000392   COMPRESSED   0x00000002   Data   RW         6269    .data               Rafael_BLE_MM32F032xx_s.lib(rffunction.o)
    0x20000394   COMPRESSED   0x00000008   Data   RW         6270    .data               Rafael_BLE_MM32F032xx_s.lib(rffunction.o)
    0x2000039c   COMPRESSED   0x00000010   Data   RW         6271    .data               Rafael_BLE_MM32F032xx_s.lib(rffunction.o)
    0x200003ac   COMPRESSED   0x00000010   Data   RW         6272    .data               Rafael_BLE_MM32F032xx_s.lib(rffunction.o)
    0x200003bc   COMPRESSED   0x00000019   Data   RW         6273    .data               Rafael_BLE_MM32F032xx_s.lib(rffunction.o)
    0x200003d5   COMPRESSED   0x00000001   Data   RW         6274    .data               Rafael_BLE_MM32F032xx_s.lib(rffunction.o)
    0x200003d6   COMPRESSED   0x0000000f   Data   RW         6276    .data               Rafael_BLE_MM32F032xx_s.lib(rffunction.o)
    0x200003e5   COMPRESSED   0x00000001   Data   RW         6277    .data               Rafael_BLE_MM32F032xx_s.lib(rffunction.o)
    0x200003e6   COMPRESSED   0x00000001   Data   RW         6278    .data               Rafael_BLE_MM32F032xx_s.lib(rffunction.o)
    0x200003e7   COMPRESSED   0x00000008   Data   RW         6279    .data               Rafael_BLE_MM32F032xx_s.lib(rffunction.o)
    0x200003ef   COMPRESSED   0x00000002   Data   RW         6280    .data               Rafael_BLE_MM32F032xx_s.lib(rffunction.o)
    0x200003f1   COMPRESSED   0x00000008   Data   RW         6283    .data               Rafael_BLE_MM32F032xx_s.lib(rffunction.o)
    0x200003f9   COMPRESSED   0x00000003   PAD
    0x200003fc   COMPRESSED   0x00000004   Data   RW         6699    .data               mc_p.l(stdout.o)
    0x20000400        -       0x0000094c   Zero   RW         4131    .bss                Rafael_BLE_MM32F032xx_s.lib(kernel.o)
    0x20000d4c        -       0x000002d8   Zero   RW         4510    .bss                Rafael_BLE_MM32F032xx_s.lib(ll.o)
    0x20001024        -       0x00000030   Zero   RW         4511    .bss                Rafael_BLE_MM32F032xx_s.lib(ll.o)
    0x20001054        -       0x00000035   Zero   RW         5244    .bss                Rafael_BLE_MM32F032xx_s.lib(rf_phy.o)
    0x20001089        -       0x000000fd   Zero   RW         5824    .bss                Rafael_BLE_MM32F032xx_s.lib(l2cap.o)
    0x20001186   COMPRESSED   0x00000002   PAD
    0x20001188        -       0x00000190   Zero   RW         6254    .bss                Rafael_BLE_MM32F032xx_s.lib(rffunction.o)
    0x20001318        -       0x00000010   Zero   RW         6255    .bss                Rafael_BLE_MM32F032xx_s.lib(rffunction.o)
    0x20001328        -       0x00000010   Zero   RW         6256    .bss                Rafael_BLE_MM32F032xx_s.lib(rffunction.o)
    0x20001338        -       0x00000010   Zero   RW         6257    .bss                Rafael_BLE_MM32F032xx_s.lib(rffunction.o)
    0x20001348        -       0x00000010   Zero   RW         6258    .bss                Rafael_BLE_MM32F032xx_s.lib(rffunction.o)
    0x20001358        -       0x00000010   Zero   RW         6259    .bss                Rafael_BLE_MM32F032xx_s.lib(rffunction.o)
    0x20001368        -       0x0000000a   Zero   RW         6260    .bss                Rafael_BLE_MM32F032xx_s.lib(rffunction.o)
    0x20001372        -       0x0000002a   Zero   RW         6262    .bss                Rafael_BLE_MM32F032xx_s.lib(rffunction.o)
    0x2000139c   COMPRESSED   0x00000004   PAD
    0x200013a0        -       0x00000400   Zero   RW           66    STACK               startup_mm32f032xx_s_keil.o


==============================================================================

Image component sizes


      Code (inc. data)   RO Data    RW Data    ZI Data      Debug   Object Name

       212         20          0          0          0       6896   hal_dma.o
       200         28          0          0          0       6315   hal_exti.o
       200          0          0          0          0       7093   hal_gpio.o
        80         10          0          0          0       2408   hal_misc.o
       240         60          0         16          0       8276   hal_rcc.o
       242          0          0          0          0       7926   hal_spi.o
       164          4          0          0          0       5282   hal_uart.o
       296         74          0          0          0     145249   main.o
        18          0          0          0          0       1075   porting_lltimer.o
       664         24          0          0          0       5233   porting_misc.o
       800         46         22          0          0       6848   porting_spi.o
        28          4        841        568          0      11590   profile_tab.o
      1298         88          8          2          0       7638   spi.o
        88         38        192          0       1024        820   startup_mm32f032xx_s_keil.o
       292         30          0          0          0     132977   system_mm32f032xx_s.o
       176         24          0          4          0       8808   systick.o
       336         16          0          0          0       2050   uart.o
       524        222        104          8          0      25336   user.o

    ----------------------------------------------------------------------
      5872        688       1204        604       1024     391820   Object Totals
         0          0         32          0          0          0   (incl. Generated)
        14          0          5          6          0          0   (incl. Padding)

    ----------------------------------------------------------------------

      Code (inc. data)   RO Data    RW Data    ZI Data      Debug   Library Member Name

       522         20          0          0          0      35299   ble_cmd.o
       572         38          0          4          0       4645   ble_event.o
      1402        298        180         13          0      52757   hci.o
       238         30         12         15          0      43595   host.o
      1190        106          0          8       2380      19045   kernel.o
        82         16          4          0        253       4126   l2cap.o
     17248       1216        852        168        776     132632   ll.o
      5172        550        200          2          0      39981   mmi.o
      2440        262        282         56         53      53555   rf_phy.o
      1170        118         16        146        532      27419   rffunction.o
        86          0          0          0          0          0   __dczerorl2.o
         0          0          0          0          0          0   entry.o
         0          0          0          0          0          0   entry10a.o
         0          0          0          0          0          0   entry11a.o
         8          4          0          0          0          0   entry2.o
         4          0          0          0          0          0   entry5.o
         0          0          0          0          0          0   entry7b.o
         0          0          0          0          0          0   entry8b.o
         8          4          0          0          0          0   entry9a.o
        30          0          0          0          0          0   handlers.o
        40          0          0          0          0         72   idiv.o
        36          8          0          0          0         68   init.o
        32          0          0          0          0         68   llshl.o
        34          0          0          0          0         68   llushr.o
      1172         52          0          0          0        324   printf8.o
         0          0          0          4          0          0   stdout.o
        44          0          0          0          0         72   uidiv.o
        96          0          0          0          0         84   uldiv.o

    ----------------------------------------------------------------------
     31656       2722       1548        420       4000     413810   Library Totals
        30          0          2          4          6          0   (incl. Padding)

    ----------------------------------------------------------------------

      Code (inc. data)   RO Data    RW Data    ZI Data      Debug   Library Name

     30036       2654       1546        412       3994     413054   Rafael_BLE_MM32F032xx_s.lib
      1590         68          0          4          0        756   mc_p.l

    ----------------------------------------------------------------------
     31656       2722       1548        420       4000     413810   Library Totals

    ----------------------------------------------------------------------

==============================================================================


      Code (inc. data)   RO Data    RW Data    ZI Data      Debug   

     37528       3410       2752       1024       5024     788246   Grand Totals
     37528       3410       2752        528       5024     788246   ELF Image Totals (compressed)
     37528       3410       2752        528          0          0   ROM Totals

==============================================================================

    Total RO  Size (Code + RO Data)                40280 (  39.34kB)
    Total RW  Size (RW Data + ZI Data)              6048 (   5.91kB)
    Total ROM Size (Code + RO Data + RW Data)      40808 (  39.85kB)

==============================================================================

