<html>
<body>
<pre>
<h1>µVision Build Log</h1>
<h2>Tool Versions:</h2>
IDE-Version: ¦ÌVision V5.31.0.0
Copyright (C) 2020 ARM Ltd and ARM Germany GmbH. All rights reserved.
License Information: CP CP, CP, LIC=LJWQD-8FB75-HR3XN-Y6X1N-BKKDN-G5BAZ
 
Tool Versions:
Toolchain:       MDK-ARM Professional  Version: 5.31.0.0
Toolchain Path:  C:\Keil_v5\ARM\ARMCC\Bin
C Compiler:      Armcc.exe V5.06 update 6 (build 750)
Assembler:       Armasm.exe V5.06 update 6 (build 750)
Linker/Locator:  ArmLink.exe V5.06 update 6 (build 750)
Library Manager: ArmAr.exe V5.06 update 6 (build 750)
Hex Converter:   FromElf.exe V5.06 update 6 (build 750)
CPU DLL:         SARMCM3.DLL V5.31.0.0
Dialog DLL:      DARMCM1.DLL V1.19.3.0
Target DLL:      MM32LINKCM3.dll V1.0.0.0
Dialog DLL:      TARMCM1.DLL V1.14.2.0
 
<h2>Project:</h2>
C:\Users\24716\Desktop\MM32F032_s_BLE_RT568_Throughtout_Sample\1_SampleCode_HAL\19_SPI\Rafael_BLE_Rev240_0826_release\demo\HRS\MDK-ARM\Rafael_BLE_MM32F032xx_s.uvprojx
Project File Date:  10/21/2020

<h2>Output:</h2>
*** Using Compiler 'V5.06 update 6 (build 750)', folder: 'C:\Keil_v5\ARM\ARMCC\Bin'
Rebuild target 'Rafael_BLE_MM32F032xx_s'
assembling startup_MM32F032xx_s_KEIL.s...
compiling system_MM32F032xx_s.c...
compiling HAL_bkp.c...
compiling HAL_adc.c...
compiling porting_LLtimer.c...
compiling systick.c...
compiling porting_misc.c...
compiling uart.c...
..\Peripheral\uart.c(209): warning:  #223-D: function "trspx_send" declared implicitly
  				trspx_send((uint8_t *)gSendBuff,DMA_data); 
..\Peripheral\uart.c: 1 warning, 0 errors
compiling spi.c...
compiling main.c...
..\main.c(110): warning:  #223-D: function "DMA_Config" declared implicitly
      DMA_Config(DMA1_Channel3, (u32)&UART1->RDR, (u32)gSendBuff, 100);
..\main.c: 1 warning, 0 errors
compiling user.c...
compiling porting_spi.c...
compiling HAL_dbg.c...
compiling HAL_crc.c...
compiling HAL_dma.c...
compiling HAL_exti.c...
compiling HAL_flash.c...
compiling HAL_gpio.c...
compiling HAL_i2c.c...
compiling HAL_pwr.c...
compiling HAL_misc.c...
compiling HAL_iwdg.c...
compiling HAL_rcc.c...
compiling HAL_rtc.c...
compiling HAL_spi.c...
compiling HAL_uid.c...
compiling HAL_ver.c...
compiling HAL_wwdg.c...
compiling HAL_uart.c...
compiling profile_tab_client.c...
compiling profile_tab.c...
compiling HAL_tim.c...
linking...
Program Size: Code=39680 RO-data=2656 RW-data=1252 ZI-data=6628  
FromELF: creating hex file...
After Build - User command #1: fromelf --bin "C:\Users\24716\Desktop\MM32F032_s_BLE_RT568_Throughtout_Sample\1_SampleCode_HAL\19_SPI\Rafael_BLE_Rev240_0826_release\demo\HRS\MDK-ARM\Objects\Rafael_BLE_MM32F032xx_s.axf" --output "C:\Users\24716\Desktop\MM32F032_s_BLE_RT568_Throughtout_Sample\1_SampleCode_HAL\19_SPI\Rafael_BLE_Rev240_0826_release\demo\HRS\MDK-ARM\Objects\Rafael_BLE_MM32F032xx_s.bin"
After Build - User command #2: fromelf --text -c "C:\Users\24716\Desktop\MM32F032_s_BLE_RT568_Throughtout_Sample\1_SampleCode_HAL\19_SPI\Rafael_BLE_Rev240_0826_release\demo\HRS\MDK-ARM\Objects\Rafael_BLE_MM32F032xx_s.axf" --output "C:\Users\24716\Desktop\MM32F032_s_BLE_RT568_Throughtout_Sample\1_SampleCode_HAL\19_SPI\Rafael_BLE_Rev240_0826_release\demo\HRS\MDK-ARM\Objects\Rafael_BLE_MM32F032xx_s.txt"
".\Objects\Rafael_BLE_MM32F032xx_s.axf" - 0 Error(s), 2 Warning(s).

<h2>Software Packages used:</h2>

Package Vendor: MindMotion
                http://www.mindmotion.com.cn/Download/MDK_KEIL/MindMotion.MM32F032_DFP.1.0.0.pack
                MindMotion.MM32F032_DFP.1.0.0
                MindMotion MM32F032 Series Device Support, Drivers and Examples

<h2>Collection of Component include folders:</h2>

<h2>Collection of Component Files used:</h2>
Build Time Elapsed:  00:00:03
</pre>
</body>
</html>
